Archive member included to satisfy reference by file (symbol)

c:/mounriver/mounriver_studio/toolchain/risc-v embedded gcc/bin/../lib/gcc/riscv-none-embed/8.2.0/../../../../riscv-none-embed/lib/rv32imafc/ilp32f\libm.a(lib_a-s_cos.o)
                              ./zf_device/zf_device_gps_tau1201.o (cos)
c:/mounriver/mounriver_studio/toolchain/risc-v embedded gcc/bin/../lib/gcc/riscv-none-embed/8.2.0/../../../../riscv-none-embed/lib/rv32imafc/ilp32f\libm.a(lib_a-s_sin.o)
                              ./zf_device/zf_device_gps_tau1201.o (sin)
c:/mounriver/mounriver_studio/toolchain/risc-v embedded gcc/bin/../lib/gcc/riscv-none-embed/8.2.0/../../../../riscv-none-embed/lib/rv32imafc/ilp32f\libm.a(lib_a-sf_cos.o)
                              ./code/ellipsoid_fitting_process.o (cosf)
c:/mounriver/mounriver_studio/toolchain/risc-v embedded gcc/bin/../lib/gcc/riscv-none-embed/8.2.0/../../../../riscv-none-embed/lib/rv32imafc/ilp32f\libm.a(lib_a-sf_sin.o)
                              ./code/ellipsoid_fitting_process.o (sinf)
c:/mounriver/mounriver_studio/toolchain/risc-v embedded gcc/bin/../lib/gcc/riscv-none-embed/8.2.0/../../../../riscv-none-embed/lib/rv32imafc/ilp32f\libm.a(lib_a-sf_tan.o)
                              ./code/filter.o (tanf)
c:/mounriver/mounriver_studio/toolchain/risc-v embedded gcc/bin/../lib/gcc/riscv-none-embed/8.2.0/../../../../riscv-none-embed/lib/rv32imafc/ilp32f\libm.a(lib_a-w_asin.o)
                              ./zf_device/zf_device_gps_tau1201.o (asin)
c:/mounriver/mounriver_studio/toolchain/risc-v embedded gcc/bin/../lib/gcc/riscv-none-embed/8.2.0/../../../../riscv-none-embed/lib/rv32imafc/ilp32f\libm.a(lib_a-w_atan2.o)
                              ./zf_device/zf_device_gps_tau1201.o (atan2)
c:/mounriver/mounriver_studio/toolchain/risc-v embedded gcc/bin/../lib/gcc/riscv-none-embed/8.2.0/../../../../riscv-none-embed/lib/rv32imafc/ilp32f\libm.a(lib_a-w_pow.o)
                              ./zf_device/zf_device_gps_tau1201.o (pow)
c:/mounriver/mounriver_studio/toolchain/risc-v embedded gcc/bin/../lib/gcc/riscv-none-embed/8.2.0/../../../../riscv-none-embed/lib/rv32imafc/ilp32f\libm.a(lib_a-w_sqrt.o)
                              ./zf_device/zf_device_gps_tau1201.o (sqrt)
c:/mounriver/mounriver_studio/toolchain/risc-v embedded gcc/bin/../lib/gcc/riscv-none-embed/8.2.0/../../../../riscv-none-embed/lib/rv32imafc/ilp32f\libm.a(lib_a-wf_atan2.o)
                              ./code/complementary_filter.o (atan2f)
c:/mounriver/mounriver_studio/toolchain/risc-v embedded gcc/bin/../lib/gcc/riscv-none-embed/8.2.0/../../../../riscv-none-embed/lib/rv32imafc/ilp32f\libm.a(lib_a-e_asin.o)
                              c:/mounriver/mounriver_studio/toolchain/risc-v embedded gcc/bin/../lib/gcc/riscv-none-embed/8.2.0/../../../../riscv-none-embed/lib/rv32imafc/ilp32f\libm.a(lib_a-w_asin.o) (__ieee754_asin)
c:/mounriver/mounriver_studio/toolchain/risc-v embedded gcc/bin/../lib/gcc/riscv-none-embed/8.2.0/../../../../riscv-none-embed/lib/rv32imafc/ilp32f\libm.a(lib_a-e_atan2.o)
                              c:/mounriver/mounriver_studio/toolchain/risc-v embedded gcc/bin/../lib/gcc/riscv-none-embed/8.2.0/../../../../riscv-none-embed/lib/rv32imafc/ilp32f\libm.a(lib_a-w_atan2.o) (__ieee754_atan2)
c:/mounriver/mounriver_studio/toolchain/risc-v embedded gcc/bin/../lib/gcc/riscv-none-embed/8.2.0/../../../../riscv-none-embed/lib/rv32imafc/ilp32f\libm.a(lib_a-e_pow.o)
                              c:/mounriver/mounriver_studio/toolchain/risc-v embedded gcc/bin/../lib/gcc/riscv-none-embed/8.2.0/../../../../riscv-none-embed/lib/rv32imafc/ilp32f\libm.a(lib_a-w_pow.o) (__ieee754_pow)
c:/mounriver/mounriver_studio/toolchain/risc-v embedded gcc/bin/../lib/gcc/riscv-none-embed/8.2.0/../../../../riscv-none-embed/lib/rv32imafc/ilp32f\libm.a(lib_a-e_rem_pio2.o)
                              c:/mounriver/mounriver_studio/toolchain/risc-v embedded gcc/bin/../lib/gcc/riscv-none-embed/8.2.0/../../../../riscv-none-embed/lib/rv32imafc/ilp32f\libm.a(lib_a-s_cos.o) (__ieee754_rem_pio2)
c:/mounriver/mounriver_studio/toolchain/risc-v embedded gcc/bin/../lib/gcc/riscv-none-embed/8.2.0/../../../../riscv-none-embed/lib/rv32imafc/ilp32f\libm.a(lib_a-e_sqrt.o)
                              c:/mounriver/mounriver_studio/toolchain/risc-v embedded gcc/bin/../lib/gcc/riscv-none-embed/8.2.0/../../../../riscv-none-embed/lib/rv32imafc/ilp32f\libm.a(lib_a-w_sqrt.o) (__ieee754_sqrt)
c:/mounriver/mounriver_studio/toolchain/risc-v embedded gcc/bin/../lib/gcc/riscv-none-embed/8.2.0/../../../../riscv-none-embed/lib/rv32imafc/ilp32f\libm.a(lib_a-ef_atan2.o)
                              c:/mounriver/mounriver_studio/toolchain/risc-v embedded gcc/bin/../lib/gcc/riscv-none-embed/8.2.0/../../../../riscv-none-embed/lib/rv32imafc/ilp32f\libm.a(lib_a-wf_atan2.o) (__ieee754_atan2f)
c:/mounriver/mounriver_studio/toolchain/risc-v embedded gcc/bin/../lib/gcc/riscv-none-embed/8.2.0/../../../../riscv-none-embed/lib/rv32imafc/ilp32f\libm.a(lib_a-ef_rem_pio2.o)
[...]
Memory Configuration

Name             Origin             Length             Attributes
RAM              0x0000000020000000 0x0000000000010000 xrw
FLASH            0x0000000000000000 0x0000000000040000 xr
*default*        0x0000000000000000 0xffffffffffffffff

Linker script and memory map

LOAD ./zf_driver/zf_driver_adc.o
LOAD ./zf_driver/zf_driver_delay.o
LOAD ./zf_driver/zf_driver_dvp.o
LOAD ./zf_driver/zf_driver_encoder.o
LOAD ./zf_driver/zf_driver_exti.o
LOAD ./zf_driver/zf_driver_flash.o
LOAD ./zf_driver/zf_driver_gpio.o
LOAD ./zf_driver/zf_driver_iic.o
LOAD ./zf_driver/zf_driver_pit.o
LOAD ./zf_driver/zf_driver_pwm.o
LOAD ./zf_driver/zf_driver_soft_iic.o
LOAD ./zf_driver/zf_driver_soft_spi.o
LOAD ./zf_driver/zf_driver_spi.o
LOAD ./zf_driver/zf_driver_timer.o
LOAD ./zf_driver/zf_driver_uart.o
LOAD ./zf_driver/zf_driver_usb_cdc.o
LOAD ./zf_device/zf_device_absolute_encoder.o
LOAD ./zf_device/zf_device_aht20.o
LOAD ./zf_device/zf_device_bluetooth_ch9141.o
LOAD ./zf_device/zf_device_camera.o
LOAD ./zf_device/zf_device_dl1a.o
LOAD ./zf_device/zf_device_dm1xa.o
LOAD ./zf_device/zf_device_gps_tau1201.o
LOAD ./zf_device/zf_device_icm20602.o
LOAD ./zf_device/zf_device_imu660ra.o
LOAD ./zf_device/zf_device_imu963ra.o
LOAD ./zf_device/zf_device_ips114.o
LOAD ./zf_device/zf_device_ips200.o
LOAD ./zf_device/zf_device_k24c02.o
LOAD ./zf_device/zf_device_key.o
LOAD ./zf_device/zf_device_mpu6050.o
LOAD ./zf_device/zf_device_mt9v03x_dvp.o
LOAD ./zf_device/zf_device_oled.o
LOAD ./zf_device/zf_device_scc8660_dvp.o
LOAD ./zf_device/zf_device_tft180.o
LOAD ./zf_device/zf_device_type.o
LOAD ./zf_device/zf_device_virtual_oscilloscope.o
LOAD ./zf_device/zf_device_w25q32.o
LOAD ./zf_device/zf_device_wifi_uart.o
LOAD ./zf_device/zf_device_wireless_ch573.o
LOAD ./zf_device/zf_device_wireless_uart.o
LOAD ./zf_common/zf_common_clock.o
LOAD ./zf_common/zf_common_debug.o
LOAD ./zf_common/zf_common_fifo.o
LOAD ./zf_common/zf_common_font.o
LOAD ./zf_common/zf_common_function.o
LOAD ./zf_common/zf_common_interrupt.o
LOAD ./user_c/isr.o
LOAD ./user_c/main.o
LOAD ./sdk/Startup/startup_ch32v30x_D8C.o
LOAD ./sdk/Peripheral/ch32v30x_adc.o
LOAD ./sdk/Peripheral/ch32v30x_bkp.o
LOAD ./sdk/Peripheral/ch32v30x_can.o
LOAD ./sdk/Peripheral/ch32v30x_crc.o
LOAD ./sdk/Peripheral/ch32v30x_dac.o
LOAD ./sdk/Peripheral/ch32v30x_dbgmcu.o
LOAD ./sdk/Peripheral/ch32v30x_dma.o
LOAD ./sdk/Peripheral/ch32v30x_dvp.o
LOAD ./sdk/Peripheral/ch32v30x_eth.o
LOAD ./sdk/Peripheral/ch32v30x_exti.o
LOAD ./sdk/Peripheral/ch32v30x_flash.o
LOAD ./sdk/Peripheral/ch32v30x_fsmc.o
LOAD ./sdk/Peripheral/ch32v30x_gpio.o
LOAD ./sdk/Peripheral/ch32v30x_i2c.o
LOAD ./sdk/Peripheral/ch32v30x_iwdg.o
LOAD ./sdk/Peripheral/ch32v30x_opa.o
LOAD ./sdk/Peripheral/ch32v30x_pwr.o
LOAD ./sdk/Peripheral/ch32v30x_rcc.o
LOAD ./sdk/Peripheral/ch32v30x_rng.o
LOAD ./sdk/Peripheral/ch32v30x_rtc.o
LOAD ./sdk/Peripheral/ch32v30x_sdio.o
LOAD ./sdk/Peripheral/ch32v30x_spi.o
LOAD ./sdk/Peripheral/ch32v30x_tim.o
LOAD ./sdk/Peripheral/ch32v30x_usart.o
LOAD ./sdk/Peripheral/ch32v30x_usbotg_device.o
LOAD ./sdk/Peripheral/ch32v30x_wwdg.o
LOAD ./sdk/Core/core_riscv.o
LOAD ./code/complementary_filter.o
LOAD ./code/ctrl.o
LOAD ./code/easy_key.o
LOAD ./code/ellipsoid_fitting_process.o
LOAD ./code/encoder.o
LOAD ./code/filter.o
LOAD ./code/imu.o
LOAD ./code/inertial_navigation.o
LOAD ./code/ips096.o
LOAD ./code/jdy34.o
LOAD ./code/moto.o
LOAD ./code/my_math.o
LOAD ./code/pid.o
LOAD ./code/sendware.o
LOAD ./code/user_flash.o
LOAD ./code/vofa.o
LOAD c:/mounriver/mounriver_studio/toolchain/risc-v embedded gcc/bin/../lib/gcc/riscv-none-embed/8.2.0/../../../../riscv-none-embed/lib/rv32imafc/ilp32f\libm.a
LOAD S:\WorkSpace\bicycle motocross\CH32-Bike-Overland\2.Firmware\1.CH32V307VCT6\libraries\zf_device\libzf_device_config.a
LOAD c:/mounriver/mounriver_studio/toolchain/risc-v embedded gcc/bin/../lib/gcc/riscv-none-embed/8.2.0/rv32imafc/ilp32f\libgcc.a
LOAD c:/mounriver/mounriver_studio/toolchain/risc-v embedded gcc/bin/../lib/gcc/riscv-none-embed/8.2.0/../../../../riscv-none-embed/lib/rv32imafc/ilp32f\libg_nano.a
LOAD c:/mounriver/mounriver_studio/toolchain/risc-v embedded gcc/bin/../lib/gcc/riscv-none-embed/8.2.0/../../../../riscv-none-embed/lib/rv32imafc/ilp32f\libc_nano.a
LOAD c:/mounriver/mounriver_studio/toolchain/risc-v embedded gcc/bin/../lib/gcc/riscv-none-embed/8.2.0/rv32imafc/ilp32f\libgcc.a
START GROUP
LOAD c:/mounriver/mounriver_studio/toolchain/risc-v embedded gcc/bin/../lib/gcc/riscv-none-embed/8.2.0/rv32imafc/ilp32f\libgcc.a
LOAD c:/mounriver/mounriver_studio/toolchain/risc-v embedded gcc/bin/../lib/gcc/riscv-none-embed/8.2.0/../../../../riscv-none-embed/lib/rv32imafc/ilp32f\libc_nano.a
LOAD c:/mounriver/mounriver_studio/toolchain/risc-v embedded gcc/bin/../lib/gcc/riscv-none-embed/8.2.0/../../../../riscv-none-embed/lib/rv32imafc/ilp32f\libnosys.a
END GROUP
START GROUP
LOAD c:/mounriver/mounriver_studio/toolchain/risc-v embedded gcc/bin/../lib/gcc/riscv-none-embed/8.2.0/rv32imafc/ilp32f\libgcc.a
LOAD c:/mounriver/mounriver_studio/toolchain/risc-v embedded gcc/bin/../lib/gcc/riscv-none-embed/8.2.0/../../../../riscv-none-embed/lib/rv32imafc/ilp32f\libc_nano.a
LOAD c:/mounriver/mounriver_studio/toolchain/risc-v embedded gcc/bin/../lib/gcc/riscv-none-embed/8.2.0/../../../../riscv-none-embed/lib/rv32imafc/ilp32f\libnosys.a
END GROUP
                0x0000000000000800                __stack_size = 0x800
                [!provide]                        PROVIDE (_stack_size = __stack_size)

.init           0x0000000000000000       0x38
                0x0000000000000000                _sinit = .
                0x0000000000000000                . = ALIGN (0x4)
 *(SORT_NONE(.init))
 .init          0x0000000000000000       0x38 ./sdk/Startup/startup_ch32v30x_D8C.o
                0x0000000000000000                _start
                0x0000000000000038                . = ALIGN (0x4)
                0x0000000000000038                _einit = .

.vector         0x0000000000000038      0x1c8
 *(.vector)
 .vector        0x0000000000000038      0x1a0 ./sdk/Startup/startup_ch32v30x_D8C.o
                0x0000000000000200                . = ALIGN (0x40)
 *fill*         0x00000000000001d8       0x28 

.text           0x0000000000000200    0x1f794
                0x0000000000000200                . = ALIGN (0x4)
 *(.text)
 .text          0x0000000000000200       0xa8 c:/mounriver/mounriver_studio/toolchain/risc-v embedded gcc/bin/../lib/gcc/riscv-none-embed/8.2.0/../../../../riscv-none-embed/lib/rv32imafc/ilp32f\libg_nano.a(lib_a-memset.o)
                0x0000000000000200                memset
 *(.text.*)
 .text.system_delay
                0x00000000000002a8       0x70 ./zf_driver/zf_driver_delay.o
                0x00000000000002a8                system_delay
 .text.encoder_get_count
                0x0000000000000318      0x150 ./zf_driver/zf_driver_encoder.o
                0x0000000000000318                encoder_get_count
 .text.encoder_clear_count
                0x0000000000000468       0x9a ./zf_driver/zf_driver_encoder.o
                0x0000000000000468                encoder_clear_count
 .text.encoder_dir_init
                0x0000000000000502      0x2f0 ./zf_driver/zf_driver_encoder.o
                0x0000000000000502                encoder_dir_init
 .text.exti_init
                0x00000000000007f2      0x108 ./zf_driver/zf_driver_exti.o
                0x00000000000007f2                exti_init
 .text.flash_check
                0x00000000000008fa       0xb2 ./zf_driver/zf_driver_flash.o
                0x00000000000008fa                flash_check
 .text.flash_erase_sector
                0x00000000000009ac       0xb4 ./zf_driver/zf_driver_flash.o
                0x00000000000009ac                flash_erase_sector
 .text.flash_read_page_to_buffer
                0x0000000000000a60       0xac ./zf_driver/zf_driver_flash.o
                0x0000000000000a60                flash_read_page_to_buffer
 .text.flash_write_page_from_buffer
                0x0000000000000b0c       0xfc ./zf_driver/zf_driver_flash.o
                0x0000000000000b0c                flash_write_page_from_buffer
 .text.flash_buffer_clear
                0x0000000000000c08       0x26 ./zf_driver/zf_driver_flash.o
                0x0000000000000c08                flash_buffer_clear
 .text.gpio_set_level
                0x0000000000000c2e       0x78 ./zf_driver/zf_driver_gpio.o
                0x0000000000000c2e                gpio_set_level
 .text.gpio_get_level
                0x0000000000000ca6       0x42 ./zf_driver/zf_driver_gpio.o
                0x0000000000000ca6                gpio_get_level
 .text.gpio_init
                0x0000000000000ce8      0x15c ./zf_driver/zf_driver_gpio.o
                0x0000000000000ce8                gpio_init
 .text.pit_init
                0x0000000000000e44      0x218 ./zf_driver/zf_driver_pit.o
                0x0000000000000e44                pit_init
 .text.pwm_set_duty
                0x000000000000105c      0x166 ./zf_driver/zf_driver_pwm.o
                0x000000000000105c                pwm_set_duty
 .text.pwm_init
                0x00000000000011c2      0x416 ./zf_driver/zf_driver_pwm.o
                0x00000000000011c2                pwm_init
 .text.soft_iic_start
                0x00000000000015d8      0x128 ./zf_driver/zf_driver_soft_iic.o
 .text.soft_iic_stop
                0x0000000000001700      0x142 ./zf_driver/zf_driver_soft_iic.o
 .text.soft_iic_send_ack
                0x0000000000001842      0x196 ./zf_driver/zf_driver_soft_iic.o
 .text.soft_iic_wait_ack
                0x00000000000019d8      0x160 ./zf_driver/zf_driver_soft_iic.o
 .text.soft_iic_send_data
                0x0000000000001b38      0x16e ./zf_driver/zf_driver_soft_iic.o
 .text.soft_iic_read_data
                0x0000000000001ca6      0x1ea ./zf_driver/zf_driver_soft_iic.o
 .text.soft_iic_write_8bit_register
                0x0000000000001e90       0x80 ./zf_driver/zf_driver_soft_iic.o
                0x0000000000001e90                soft_iic_write_8bit_register
 .text.soft_iic_read_8bit_register
                0x0000000000001f10       0xac ./zf_driver/zf_driver_soft_iic.o
                0x0000000000001f10                soft_iic_read_8bit_register
 .text.soft_iic_read_8bit_registers
                0x0000000000001fbc       0xf8 ./zf_driver/zf_driver_soft_iic.o
                0x0000000000001fbc                soft_iic_read_8bit_registers
 .text.soft_iic_sccb_read_register
                0x00000000000020b4       0xba ./zf_driver/zf_driver_soft_iic.o
                0x00000000000020b4                soft_iic_sccb_read_register
 .text.soft_iic_init
                0x000000000000216e       0xb2 ./zf_driver/zf_driver_soft_iic.o
                0x000000000000216e                soft_iic_init
 .text.spi_write_8bit
                0x0000000000002220       0x6a ./zf_driver/zf_driver_spi.o
                0x0000000000002220                spi_write_8bit
 .text.spi_write_16bit
                0x000000000000228a       0xa6 ./zf_driver/zf_driver_spi.o
                0x000000000000228a                spi_write_16bit
 .text.spi_write_8bit_register
                0x0000000000002330       0xc4 ./zf_driver/zf_driver_spi.o
                0x0000000000002330                spi_write_8bit_register
 .text.spi_write_8bit_registers
                0x00000000000023f4       0xba ./zf_driver/zf_driver_spi.o
                0x00000000000023f4                spi_write_8bit_registers
 .text.spi_read_8bit_registers
                0x00000000000024ae       0xe4 ./zf_driver/zf_driver_spi.o
                0x00000000000024ae                spi_read_8bit_registers
 .text.spi_init
                0x0000000000002592      0x2f0 ./zf_driver/zf_driver_spi.o
                0x0000000000002592                spi_init
 .text.timer_funciton_check
                0x0000000000002882       0x66 ./zf_driver/zf_driver_timer.o
                0x0000000000002882                timer_funciton_check
 .text.timer_clock_enable
                0x00000000000028e8       0xe2 ./zf_driver/zf_driver_timer.o
                0x00000000000028e8                timer_clock_enable
 .text.uart_write_byte
                0x00000000000029ca       0x56 ./zf_driver/zf_driver_uart.o
                0x00000000000029ca                uart_write_byte
 .text.uart_write_buffer
                0x0000000000002a20       0x64 ./zf_driver/zf_driver_uart.o
                0x0000000000002a20                uart_write_buffer
 .text.uart_write_string
                0x0000000000002a84       0x60 ./zf_driver/zf_driver_uart.o
                0x0000000000002a84                uart_write_string
 .text.uart_rx_interrupt
                0x0000000000002ae4       0x84 ./zf_driver/zf_driver_uart.o
                0x0000000000002ae4                uart_rx_interrupt
 .text.uart_query_byte
                0x0000000000002b68       0x5e ./zf_driver/zf_driver_uart.o
                0x0000000000002b68                uart_query_byte
 .text.uart_init
                0x0000000000002bc6      0x5a6 ./zf_driver/zf_driver_uart.o
                0x0000000000002bc6                uart_init
 .text.get_parameter_index
                0x000000000000316c       0xa6 ./zf_device/zf_device_gps_tau1201.o
 .text.get_int_number
                0x0000000000003212       0x62 ./zf_device/zf_device_gps_tau1201.o
 .text.get_float_number
                0x0000000000003274       0x74 ./zf_device/zf_device_gps_tau1201.o
 .text.get_double_number
                0x00000000000032e8       0x6c ./zf_device/zf_device_gps_tau1201.o
 .text.utc_to_btc
                0x0000000000003354      0x16e ./zf_device/zf_device_gps_tau1201.o
 .text.gps_gnrmc_parse
                0x00000000000034c2      0x57a ./zf_device/zf_device_gps_tau1201.o
 .text.gps_gngga_parse
                0x0000000000003a3c       0xca ./zf_device/zf_device_gps_tau1201.o
 .text.get_two_points_distance
                0x0000000000003b06      0x292 ./zf_device/zf_device_gps_tau1201.o
                0x0000000000003b06                get_two_points_distance
 .text.get_two_points_azimuth
                0x0000000000003d98      0x2a2 ./zf_device/zf_device_gps_tau1201.o
                0x0000000000003d98                get_two_points_azimuth
 .text.gps_data_parse
                0x000000000000403a      0x19a ./zf_device/zf_device_gps_tau1201.o
                0x000000000000403a                gps_data_parse
 .text.gps_uart_callback
                0x00000000000041d4      0x10a ./zf_device/zf_device_gps_tau1201.o
                0x00000000000041d4                gps_uart_callback
 .text.gps_init
                0x00000000000042de      0x428 ./zf_device/zf_device_gps_tau1201.o
                0x00000000000042de                gps_init
 .text.icm20602_self_check
                0x0000000000004706       0x72 ./zf_device/zf_device_icm20602.o
 .text.icm20602_get_acc
                0x0000000000004778       0x86 ./zf_device/zf_device_icm20602.o
                0x0000000000004778                icm20602_get_acc
 .text.icm20602_get_gyro
                0x00000000000047fe       0x86 ./zf_device/zf_device_icm20602.o
                0x00000000000047fe                icm20602_get_gyro
 .text.icm20602_init
                0x0000000000004884      0x152 ./zf_device/zf_device_icm20602.o
                0x0000000000004884                icm20602_init
 .text.imu660ra_write_register
                0x00000000000049d6       0x52 ./zf_device/zf_device_imu660ra.o
 .text.imu660ra_write_registers
                0x0000000000004a28       0x54 ./zf_device/zf_device_imu660ra.o
 .text.imu660ra_read_register
                0x0000000000004a7c       0x58 ./zf_device/zf_device_imu660ra.o
 .text.imu660ra_self_check
                0x0000000000004ad4       0x6c ./zf_device/zf_device_imu660ra.o
 .text.imu660ra_init
                0x0000000000004b40      0x14a ./zf_device/zf_device_imu660ra.o
                0x0000000000004b40                imu660ra_init
 .text.imu963ra_write_mag_register
                0x0000000000004c8a       0xd4 ./zf_device/zf_device_imu963ra.o
 .text.imu963ra_read_mag_register
                0x0000000000004d5e       0xc2 ./zf_device/zf_device_imu963ra.o
 .text.imu963ra_connect_mag
                0x0000000000004e20       0x6c ./zf_device/zf_device_imu963ra.o
 .text.imu963ra_acc_gyro_self_check
                0x0000000000004e8c       0x72 ./zf_device/zf_device_imu963ra.o
 .text.imu963ra_mag_self_check
                0x0000000000004efe       0x70 ./zf_device/zf_device_imu963ra.o
 .text.imu963ra_get_acc
                0x0000000000004f6e       0x86 ./zf_device/zf_device_imu963ra.o
                0x0000000000004f6e                imu963ra_get_acc
 .text.imu963ra_get_gyro
                0x0000000000004ff4       0x86 ./zf_device/zf_device_imu963ra.o
                0x0000000000004ff4                imu963ra_get_gyro
 .text.imu963ra_get_mag
                0x000000000000507a       0xbc ./zf_device/zf_device_imu963ra.o
                0x000000000000507a                imu963ra_get_mag
 .text.imu963ra_init
                0x0000000000005136      0x212 ./zf_device/zf_device_imu963ra.o
                0x0000000000005136                imu963ra_init
 .text.ips114_write_index
                0x0000000000005348       0x44 ./zf_device/zf_device_ips114.o
 .text.ips114_set_region
                0x000000000000538c      0x284 ./zf_device/zf_device_ips114.o
 .text.ips114_debug_init
                0x0000000000005610       0x86 ./zf_device/zf_device_ips114.o
 .text.ips114_clear
                0x0000000000005696       0x88 ./zf_device/zf_device_ips114.o
                0x0000000000005696                ips114_clear
 .text.ips114_set_dir
                0x000000000000571e       0x42 ./zf_device/zf_device_ips114.o
                0x000000000000571e                ips114_set_dir
 .text.ips114_set_color
                0x0000000000005760       0x2c ./zf_device/zf_device_ips114.o
                0x0000000000005760                ips114_set_color
 .text.ips114_show_char
                0x000000000000578c      0x29a ./zf_device/zf_device_ips114.o
                0x000000000000578c                ips114_show_char
 .text.ips114_show_string
                0x0000000000005a26      0x122 ./zf_device/zf_device_ips114.o
                0x0000000000005a26                ips114_show_string
 .text.ips114_show_int
                0x0000000000005b48      0x146 ./zf_device/zf_device_ips114.o
                0x0000000000005b48                ips114_show_int
 .text.ips114_show_float
                0x0000000000005c8e      0x1b6 ./zf_device/zf_device_ips114.o
                0x0000000000005c8e                ips114_show_float
 .text.ips114_init
                0x0000000000005e44      0x374 ./zf_device/zf_device_ips114.o
                0x0000000000005e44                ips114_init
 .text.type_default_callback
                0x00000000000061b8        0xe ./zf_device/zf_device_type.o
 .text.clock_reset
                0x00000000000061c6       0x76 ./zf_common/zf_common_clock.o
 .text.clock_set_freq
                0x000000000000623c      0x1d8 ./zf_common/zf_common_clock.o
 .text.clock_init
                0x0000000000006414       0x2e ./zf_common/zf_common_clock.o
                0x0000000000006414                clock_init
 .text.__NOP    0x0000000000006442       0x10 ./zf_common/zf_common_debug.o
 .text.debug_delay
                0x0000000000006452       0x54 ./zf_common/zf_common_debug.o
 .text.debug_protective_handler
                0x00000000000064a6        0xe ./zf_common/zf_common_debug.o
 .text.debug_uart_str_output
                0x00000000000064b4       0x20 ./zf_common/zf_common_debug.o
 .text.debug_output
                0x00000000000064d4      0x52c ./zf_common/zf_common_debug.o
 .text._write   0x0000000000006a00       0x7c ./zf_common/zf_common_debug.o
                0x0000000000006a00                _write
 .text.debug_assert_handler
                0x0000000000006a7c       0x68 ./zf_common/zf_common_debug.o
                0x0000000000006a7c                debug_assert_handler
 .text.debug_log_handler
                0x0000000000006ae4       0x4e ./zf_common/zf_common_debug.o
                0x0000000000006ae4                debug_log_handler
 .text.debug_output_struct_init
                0x0000000000006b32       0x5a ./zf_common/zf_common_debug.o
                0x0000000000006b32                debug_output_struct_init
 .text.debug_output_init
                0x0000000000006b8c       0x88 ./zf_common/zf_common_debug.o
                0x0000000000006b8c                debug_output_init
 .text.debug_init
                0x0000000000006c14       0x4a ./zf_common/zf_common_debug.o
                0x0000000000006c14                debug_init
 .text.fifo_head_offset
                0x0000000000006c5e       0x4e ./zf_common/zf_common_fifo.o
 .text.fifo_end_offset
                0x0000000000006cac       0x4e ./zf_common/zf_common_fifo.o
 .text.fifo_clear
                0x0000000000006cfa      0x100 ./zf_common/zf_common_fifo.o
                0x0000000000006cfa                fifo_clear
 .text.fifo_used
                0x0000000000006dfa       0x44 ./zf_common/zf_common_fifo.o
                0x0000000000006dfa                fifo_used
 .text.fifo_write_buffer
                0x0000000000006e3e      0x304 ./zf_common/zf_common_fifo.o
                0x0000000000006e3e                fifo_write_buffer
 .text.fifo_read_buffer
                0x0000000000007142      0x2e0 ./zf_common/zf_common_fifo.o
                0x0000000000007142                fifo_read_buffer
 .text.fifo_init
                0x0000000000007422       0x96 ./zf_common/zf_common_fifo.o
                0x0000000000007422                fifo_init
 .text.func_str_to_int
                0x00000000000074b8       0xe8 ./zf_common/zf_common_function.o
                0x00000000000074b8                func_str_to_int
 .text.func_int_to_str
                0x00000000000075a0      0x116 ./zf_common/zf_common_function.o
                0x00000000000075a0                func_int_to_str
 .text.func_float_to_str
                0x00000000000076b6      0x260 ./zf_common/zf_common_function.o
                0x00000000000076b6                func_float_to_str
 .text.func_str_to_double
                0x0000000000007916      0x260 ./zf_common/zf_common_function.o
                0x0000000000007916                func_str_to_double
 .text.func_str_to_hex
                0x0000000000007b76      0x164 ./zf_common/zf_common_function.o
                0x0000000000007b76                func_str_to_hex
 .text.__enable_irq
                0x0000000000007cda       0x18 ./zf_common/zf_common_interrupt.o
 .text.__disable_irq
                0x0000000000007cf2       0x14 ./zf_common/zf_common_interrupt.o
 .text.NVIC_EnableIRQ
                0x0000000000007d06       0x32 ./zf_common/zf_common_interrupt.o
 .text.NVIC_DisableIRQ
                0x0000000000007d38       0x32 ./zf_common/zf_common_interrupt.o
 .text.NVIC_SetPriority
                0x0000000000007d6a       0x2a ./zf_common/zf_common_interrupt.o
 .text.interrupt_enable
                0x0000000000007d94       0x1e ./zf_common/zf_common_interrupt.o
                0x0000000000007d94                interrupt_enable
 .text.interrupt_disable
                0x0000000000007db2       0x1e ./zf_common/zf_common_interrupt.o
                0x0000000000007db2                interrupt_disable
 .text.interrupt_set_priority
                0x0000000000007dd0       0x2a ./zf_common/zf_common_interrupt.o
                0x0000000000007dd0                interrupt_set_priority
 .text.interrupt_global_enable
                0x0000000000007dfa       0x32 ./zf_common/zf_common_interrupt.o
                0x0000000000007dfa                interrupt_global_enable
 .text.interrupt_global_disable
                0x0000000000007e2c       0x2c ./zf_common/zf_common_interrupt.o
                0x0000000000007e2c                interrupt_global_disable
 .text.interrupt_init
                0x0000000000007e58       0x18 ./zf_common/zf_common_interrupt.o
                0x0000000000007e58                interrupt_init
 .text.USART1_IRQHandler
                0x0000000000007e70       0x84 ./user_c/isr.o
                0x0000000000007e70                USART1_IRQHandler
 .text.USART2_IRQHandler
                0x0000000000007ef4       0x84 ./user_c/isr.o
                0x0000000000007ef4                USART2_IRQHandler
 .text.USART3_IRQHandler
                0x0000000000007f78       0x84 ./user_c/isr.o
                0x0000000000007f78                USART3_IRQHandler
 .text.UART4_IRQHandler
                0x0000000000007ffc       0x84 ./user_c/isr.o
                0x0000000000007ffc                UART4_IRQHandler
 .text.UART5_IRQHandler
                0x0000000000008080       0x82 ./user_c/isr.o
                0x0000000000008080                UART5_IRQHandler
 .text.UART6_IRQHandler
                0x0000000000008102       0x84 ./user_c/isr.o
                0x0000000000008102                UART6_IRQHandler
 .text.UART7_IRQHandler
                0x0000000000008186       0x88 ./user_c/isr.o
                0x0000000000008186                UART7_IRQHandler
 .text.UART8_IRQHandler
                0x000000000000820e       0x80 ./user_c/isr.o
                0x000000000000820e                UART8_IRQHandler
 .text.DVP_IRQHandler
                0x000000000000828e       0x90 ./user_c/isr.o
                0x000000000000828e                DVP_IRQHandler
 .text.EXTI0_IRQHandler
                0x000000000000831e      0x118 ./user_c/isr.o
                0x000000000000831e                EXTI0_IRQHandler
 .text.EXTI1_IRQHandler
                0x0000000000008436       0x74 ./user_c/isr.o
                0x0000000000008436                EXTI1_IRQHandler
 .text.EXTI2_IRQHandler
                0x00000000000084aa       0x74 ./user_c/isr.o
                0x00000000000084aa                EXTI2_IRQHandler
 .text.EXTI3_IRQHandler
                0x000000000000851e       0x74 ./user_c/isr.o
                0x000000000000851e                EXTI3_IRQHandler
 .text.EXTI4_IRQHandler
                0x0000000000008592       0x74 ./user_c/isr.o
                0x0000000000008592                EXTI4_IRQHandler
 .text.EXTI9_5_IRQHandler
                0x0000000000008606      0x17c ./user_c/isr.o
                0x0000000000008606                EXTI9_5_IRQHandler
 .text.EXTI15_10_IRQHandler
                0x0000000000008782       0xe4 ./user_c/isr.o
                0x0000000000008782                EXTI15_10_IRQHandler
 .text.TIM1_UP_IRQHandler
                0x0000000000008866      0x10e ./user_c/isr.o
                0x0000000000008866                TIM1_UP_IRQHandler
 .text.TIM2_IRQHandler
                0x0000000000008974       0x78 ./user_c/isr.o
                0x0000000000008974                TIM2_IRQHandler
 .text.TIM3_IRQHandler
                0x00000000000089ec       0x90 ./user_c/isr.o
                0x00000000000089ec                TIM3_IRQHandler
 .text.TIM4_IRQHandler
                0x0000000000008a7c       0x84 ./user_c/isr.o
                0x0000000000008a7c                TIM4_IRQHandler
 .text.TIM5_IRQHandler
                0x0000000000008b00       0x80 ./user_c/isr.o
                0x0000000000008b00                TIM5_IRQHandler
 .text.TIM6_IRQHandler
                0x0000000000008b80       0x78 ./user_c/isr.o
                0x0000000000008b80                TIM6_IRQHandler
 .text.TIM7_IRQHandler
                0x0000000000008bf8       0x80 ./user_c/isr.o
                0x0000000000008bf8                TIM7_IRQHandler
 .text.TIM8_UP_IRQHandler
                0x0000000000008c78       0x80 ./user_c/isr.o
                0x0000000000008c78                TIM8_UP_IRQHandler
 .text.TIM9_UP_IRQHandler
                0x0000000000008cf8       0x80 ./user_c/isr.o
                0x0000000000008cf8                TIM9_UP_IRQHandler
 .text.TIM10_UP_IRQHandler
                0x0000000000008d78       0x78 ./user_c/isr.o
                0x0000000000008d78                TIM10_UP_IRQHandler
 .text.NMI_Handler
                0x0000000000008df0       0x10 ./user_c/isr.o
                0x0000000000008df0                NMI_Handler
 .text.HardFault_Handler
                0x0000000000008e00        0x8 ./user_c/isr.o
                0x0000000000008e00                HardFault_Handler
 .text.main     0x0000000000008e08      0x136 ./user_c/main.o
                0x0000000000008e08                main
 .text.vector_handler
                0x0000000000008f3e       0xbe ./sdk/Startup/startup_ch32v30x_D8C.o
                0x0000000000008f42                Ecall_M_Mode_Handler
                0x0000000000008f44                Ecall_U_Mode_Handler
                0x0000000000008f46                Break_Point_Handler
                0x0000000000008f48                SysTick_Handler
                0x0000000000008f4a                SW_Handler
                0x0000000000008f4c                WWDG_IRQHandler
                0x0000000000008f4e                PVD_IRQHandler
                0x0000000000008f50                TAMPER_IRQHandler
                0x0000000000008f52                RTC_IRQHandler
                0x0000000000008f54                FLASH_IRQHandler
                0x0000000000008f56                RCC_IRQHandler
                0x0000000000008f62                DMA1_Channel1_IRQHandler
                0x0000000000008f64                DMA1_Channel2_IRQHandler
                0x0000000000008f66                DMA1_Channel3_IRQHandler
                0x0000000000008f68                DMA1_Channel4_IRQHandler
                0x0000000000008f6a                DMA1_Channel5_IRQHandler
                0x0000000000008f6c                DMA1_Channel6_IRQHandler
                0x0000000000008f6e                DMA1_Channel7_IRQHandler
                0x0000000000008f70                ADC1_2_IRQHandler
                0x0000000000008f72                USB_HP_CAN1_TX_IRQHandler
                0x0000000000008f74                USB_LP_CAN1_RX0_IRQHandler
                0x0000000000008f76                CAN1_RX1_IRQHandler
                0x0000000000008f78                CAN1_SCE_IRQHandler
                0x0000000000008f7c                TIM1_BRK_IRQHandler
                0x0000000000008f80                TIM1_TRG_COM_IRQHandler
                0x0000000000008f82                TIM1_CC_IRQHandler
                0x0000000000008f8a                I2C1_EV_IRQHandler
                0x0000000000008f8c                I2C1_ER_IRQHandler
                0x0000000000008f8e                I2C2_EV_IRQHandler
                0x0000000000008f90                I2C2_ER_IRQHandler
                0x0000000000008f92                SPI1_IRQHandler
                0x0000000000008f94                SPI2_IRQHandler
                0x0000000000008f9e                RTCAlarm_IRQHandler
                0x0000000000008fa0                USBWakeUp_IRQHandler
                0x0000000000008fa2                TIM8_BRK_IRQHandler
                0x0000000000008fa6                TIM8_TRG_COM_IRQHandler
                0x0000000000008fa8                TIM8_CC_IRQHandler
                0x0000000000008faa                RNG_IRQHandler
                0x0000000000008fac                FSMC_IRQHandler
                0x0000000000008fae                SDIO_IRQHandler
                0x0000000000008fb2                SPI3_IRQHandler
                0x0000000000008fbc                DMA2_Channel1_IRQHandler
                0x0000000000008fbe                DMA2_Channel2_IRQHandler
                0x0000000000008fc0                DMA2_Channel3_IRQHandler
                0x0000000000008fc2                DMA2_Channel4_IRQHandler
                0x0000000000008fc4                DMA2_Channel5_IRQHandler
                0x0000000000008fc6                ETH_IRQHandler
                0x0000000000008fc8                ETH_WKUP_IRQHandler
                0x0000000000008fca                CAN2_TX_IRQHandler
                0x0000000000008fcc                CAN2_RX0_IRQHandler
                0x0000000000008fce                CAN2_RX1_IRQHandler
                0x0000000000008fd0                CAN2_SCE_IRQHandler
                0x0000000000008fd4                USBHSWakeup_IRQHandler
                0x0000000000008fd6                USBHS_IRQHandler
                0x0000000000008fe0                TIM9_BRK_IRQHandler
                0x0000000000008fe4                TIM9_TRG_COM_IRQHandler
                0x0000000000008fe6                TIM9_CC_IRQHandler
                0x0000000000008fe8                TIM10_BRK_IRQHandler
                0x0000000000008fec                TIM10_TRG_COM_IRQHandler
                0x0000000000008fee                TIM10_CC_IRQHandler
                0x0000000000008ff0                DMA2_Channel6_IRQHandler
                0x0000000000008ff2                DMA2_Channel7_IRQHandler
                0x0000000000008ff4                DMA2_Channel8_IRQHandler
                0x0000000000008ff6                DMA2_Channel9_IRQHandler
                0x0000000000008ff8                DMA2_Channel10_IRQHandler
                0x0000000000008ffa                DMA2_Channel11_IRQHandler
 .text.handle_reset
                0x0000000000008ffc       0x8a ./sdk/Startup/startup_ch32v30x_D8C.o
                0x0000000000008ffc                handle_reset
 .text.EXTI_Init
                0x0000000000009086      0x170 ./sdk/Peripheral/ch32v30x_exti.o
                0x0000000000009086                EXTI_Init
 .text.EXTI_GetITStatus
                0x00000000000091f6       0x56 ./sdk/Peripheral/ch32v30x_exti.o
                0x00000000000091f6                EXTI_GetITStatus
 .text.EXTI_ClearITPendingBit
                0x000000000000924c       0x20 ./sdk/Peripheral/ch32v30x_exti.o
                0x000000000000924c                EXTI_ClearITPendingBit
 .text.FLASH_Unlock
                0x000000000000926c       0x2a ./sdk/Peripheral/ch32v30x_flash.o
                0x000000000000926c                FLASH_Unlock
 .text.FLASH_Lock
                0x0000000000009296       0x1e ./sdk/Peripheral/ch32v30x_flash.o
                0x0000000000009296                FLASH_Lock
 .text.FLASH_ErasePage
                0x00000000000092b4       0x76 ./sdk/Peripheral/ch32v30x_flash.o
                0x00000000000092b4                FLASH_ErasePage
 .text.FLASH_ProgramWord
                0x000000000000932a       0xae ./sdk/Peripheral/ch32v30x_flash.o
                0x000000000000932a                FLASH_ProgramWord
 .text.FLASH_ClearFlag
                0x00000000000093d8       0x1c ./sdk/Peripheral/ch32v30x_flash.o
                0x00000000000093d8                FLASH_ClearFlag
 .text.FLASH_GetBank1Status
                0x00000000000093f4       0x5a ./sdk/Peripheral/ch32v30x_flash.o
                0x00000000000093f4                FLASH_GetBank1Status
 .text.FLASH_WaitForLastOperation
                0x000000000000944e       0x58 ./sdk/Peripheral/ch32v30x_flash.o
                0x000000000000944e                FLASH_WaitForLastOperation
 .text.GPIO_Init
                0x00000000000094a6      0x22a ./sdk/Peripheral/ch32v30x_gpio.o
                0x00000000000094a6                GPIO_Init
 .text.GPIO_WriteBit
                0x00000000000096d0       0x38 ./sdk/Peripheral/ch32v30x_gpio.o
                0x00000000000096d0                GPIO_WriteBit
 .text.GPIO_PinRemapConfig
                0x0000000000009708      0x1c8 ./sdk/Peripheral/ch32v30x_gpio.o
                0x0000000000009708                GPIO_PinRemapConfig
 .text.GPIO_EXTILineConfig
                0x00000000000098d0       0xa2 ./sdk/Peripheral/ch32v30x_gpio.o
                0x00000000000098d0                GPIO_EXTILineConfig
 .text.RCC_GetClocksFreq
                0x0000000000009972      0x2c6 ./sdk/Peripheral/ch32v30x_rcc.o
                0x0000000000009972                RCC_GetClocksFreq
 .text.RCC_APB2PeriphClockCmd
                0x0000000000009c38       0x46 ./sdk/Peripheral/ch32v30x_rcc.o
                0x0000000000009c38                RCC_APB2PeriphClockCmd
 .text.RCC_APB1PeriphClockCmd
                0x0000000000009c7e       0x46 ./sdk/Peripheral/ch32v30x_rcc.o
                0x0000000000009c7e                RCC_APB1PeriphClockCmd
 .text.RCC_APB2PeriphResetCmd
                0x0000000000009cc4       0x46 ./sdk/Peripheral/ch32v30x_rcc.o
                0x0000000000009cc4                RCC_APB2PeriphResetCmd
 .text.RCC_APB1PeriphResetCmd
                0x0000000000009d0a       0x46 ./sdk/Peripheral/ch32v30x_rcc.o
                0x0000000000009d0a                RCC_APB1PeriphResetCmd
 .text.SPI_I2S_DeInit
                0x0000000000009d50       0x76 ./sdk/Peripheral/ch32v30x_spi.o
                0x0000000000009d50                SPI_I2S_DeInit
 .text.SPI_Init
                0x0000000000009dc6       0xf8 ./sdk/Peripheral/ch32v30x_spi.o
                0x0000000000009dc6                SPI_Init
 .text.SPI_Cmd  0x0000000000009ebe       0x5a ./sdk/Peripheral/ch32v30x_spi.o
                0x0000000000009ebe                SPI_Cmd
 .text.TIM_TimeBaseInit
                0x0000000000009f18      0x17e ./sdk/Peripheral/ch32v30x_tim.o
                0x0000000000009f18                TIM_TimeBaseInit
 .text.TIM_OC1Init
                0x000000000000a096      0x19c ./sdk/Peripheral/ch32v30x_tim.o
                0x000000000000a096                TIM_OC1Init
 .text.TIM_OC2Init
                0x000000000000a232      0x1e2 ./sdk/Peripheral/ch32v30x_tim.o
                0x000000000000a232                TIM_OC2Init
 .text.TIM_OC3Init
                0x000000000000a414      0x1dc ./sdk/Peripheral/ch32v30x_tim.o
                0x000000000000a414                TIM_OC3Init
 .text.TIM_OC4Init
                0x000000000000a5f0      0x176 ./sdk/Peripheral/ch32v30x_tim.o
                0x000000000000a5f0                TIM_OC4Init
 .text.TIM_TimeBaseStructInit
                0x000000000000a766       0x3c ./sdk/Peripheral/ch32v30x_tim.o
                0x000000000000a766                TIM_TimeBaseStructInit
 .text.TIM_Cmd  0x000000000000a7a2       0x58 ./sdk/Peripheral/ch32v30x_tim.o
                0x000000000000a7a2                TIM_Cmd
 .text.TIM_CtrlPWMOutputs
                0x000000000000a7fa       0x60 ./sdk/Peripheral/ch32v30x_tim.o
                0x000000000000a7fa                TIM_CtrlPWMOutputs
 .text.TIM_ITConfig
                0x000000000000a85a       0x70 ./sdk/Peripheral/ch32v30x_tim.o
                0x000000000000a85a                TIM_ITConfig
 .text.TIM_ITRxExternalClockConfig
                0x000000000000a8ca       0x46 ./sdk/Peripheral/ch32v30x_tim.o
                0x000000000000a8ca                TIM_ITRxExternalClockConfig
 .text.TIM_SelectInputTrigger
                0x000000000000a910       0x4e ./sdk/Peripheral/ch32v30x_tim.o
                0x000000000000a910                TIM_SelectInputTrigger
 .text.TIM_OC1PreloadConfig
                0x000000000000a95e       0x4c ./sdk/Peripheral/ch32v30x_tim.o
                0x000000000000a95e                TIM_OC1PreloadConfig
 .text.TIM_OC2PreloadConfig
                0x000000000000a9aa       0x5a ./sdk/Peripheral/ch32v30x_tim.o
                0x000000000000a9aa                TIM_OC2PreloadConfig
 .text.TIM_OC3PreloadConfig
                0x000000000000aa04       0x4c ./sdk/Peripheral/ch32v30x_tim.o
                0x000000000000aa04                TIM_OC3PreloadConfig
 .text.TIM_OC4PreloadConfig
                0x000000000000aa50       0x5a ./sdk/Peripheral/ch32v30x_tim.o
                0x000000000000aa50                TIM_OC4PreloadConfig
 .text.TIM_OC1FastConfig
                0x000000000000aaaa       0x4c ./sdk/Peripheral/ch32v30x_tim.o
                0x000000000000aaaa                TIM_OC1FastConfig
 .text.TIM_OC2FastConfig
                0x000000000000aaf6       0x56 ./sdk/Peripheral/ch32v30x_tim.o
                0x000000000000aaf6                TIM_OC2FastConfig
 .text.TIM_OC3FastConfig
                0x000000000000ab4c       0x4c ./sdk/Peripheral/ch32v30x_tim.o
                0x000000000000ab4c                TIM_OC3FastConfig
 .text.TIM_OC4FastConfig
                0x000000000000ab98       0x56 ./sdk/Peripheral/ch32v30x_tim.o
                0x000000000000ab98                TIM_OC4FastConfig
 .text.TIM_GetITStatus
                0x000000000000abee       0x70 ./sdk/Peripheral/ch32v30x_tim.o
                0x000000000000abee                TIM_GetITStatus
 .text.TIM_ClearITPendingBit
                0x000000000000ac5e       0x2e ./sdk/Peripheral/ch32v30x_tim.o
                0x000000000000ac5e                TIM_ClearITPendingBit
 .text.USART_Init
                0x000000000000ac8c      0x234 ./sdk/Peripheral/ch32v30x_usart.o
                0x000000000000ac8c                USART_Init
 .text.USART_Cmd
                0x000000000000aec0       0x60 ./sdk/Peripheral/ch32v30x_usart.o
                0x000000000000aec0                USART_Cmd
 .text.USART_ITConfig
                0x000000000000af20       0xc4 ./sdk/Peripheral/ch32v30x_usart.o
                0x000000000000af20                USART_ITConfig
 .text.USART_SendData
                0x000000000000afe4       0x2e ./sdk/Peripheral/ch32v30x_usart.o
                0x000000000000afe4                USART_SendData
 .text.USART_GetFlagStatus
                0x000000000000b012       0x46 ./sdk/Peripheral/ch32v30x_usart.o
                0x000000000000b012                USART_GetFlagStatus
 .text.USART_GetITStatus
                0x000000000000b058      0x102 ./sdk/Peripheral/ch32v30x_usart.o
                0x000000000000b058                USART_GetITStatus
 .text.USART_ClearITPendingBit
                0x000000000000b15a       0x4e ./sdk/Peripheral/ch32v30x_usart.o
                0x000000000000b15a                USART_ClearITPendingBit
 .text.DevEP1_IN_Deal
                0x000000000000b1a8       0x3e ./sdk/Peripheral/ch32v30x_usbotg_device.o
                0x000000000000b1a8                DevEP1_IN_Deal
 .text.DevEP2_IN_Deal
                0x000000000000b1e6       0x3e ./sdk/Peripheral/ch32v30x_usbotg_device.o
                0x000000000000b1e6                DevEP2_IN_Deal
 .text.DevEP1_OUT_Deal
                0x000000000000b224       0x66 ./sdk/Peripheral/ch32v30x_usbotg_device.o
                0x000000000000b224                DevEP1_OUT_Deal
 .text.DevEP2_OUT_Deal
                0x000000000000b28a       0x66 ./sdk/Peripheral/ch32v30x_usbotg_device.o
                0x000000000000b28a                DevEP2_OUT_Deal
 .text.OTG_FS_IRQHandler
                0x000000000000b2f0      0xcd6 ./sdk/Peripheral/ch32v30x_usbotg_device.o
                0x000000000000b2f0                OTG_FS_IRQHandler
 .text.Cal_YawAngle
                0x000000000000bfc6       0x7a ./code/complementary_filter.o
                0x000000000000bfc6                Cal_YawAngle
 .text.taskTimAllInit
                0x000000000000c040       0x56 ./code/ctrl.o
                0x000000000000c040                taskTimAllInit
 .text.IMUGetCalFun
                0x000000000000c096       0x98 ./code/ctrl.o
                0x000000000000c096                IMUGetCalFun
 .text.ServoControl
                0x000000000000c12e       0xa0 ./code/ctrl.o
                0x000000000000c12e                ServoControl
 .text.BackMotoControl
                0x000000000000c1ce       0xa8 ./code/ctrl.o
                0x000000000000c1ce                BackMotoControl
 .text.FlyWheelControl
                0x000000000000c276      0x1de ./code/ctrl.o
                0x000000000000c276                FlyWheelControl
 .text.UpdateControl
                0x000000000000c454       0xac ./code/ctrl.o
                0x000000000000c454                UpdateControl
 .text.imuGetMagData
                0x000000000000c500       0x44 ./code/ellipsoid_fitting_process.o
                0x000000000000c500                imuGetMagData
 .text.imuMagOffset
                0x000000000000c544      0x112 ./code/ellipsoid_fitting_process.o
                0x000000000000c544                imuMagOffset
 .text.Abs      0x000000000000c656       0x30 ./code/ellipsoid_fitting_process.o
                0x000000000000c656                Abs
 .text.ResetMatrix
                0x000000000000c686       0x60 ./code/ellipsoid_fitting_process.o
                0x000000000000c686                ResetMatrix
 .text.CalcData_Input
                0x000000000000c6e6      0x132 ./code/ellipsoid_fitting_process.o
                0x000000000000c6e6                CalcData_Input
 .text.CalcData_Input_sum
                0x000000000000c818       0xde ./code/ellipsoid_fitting_process.o
                0x000000000000c818                CalcData_Input_sum
 .text.CalcData_Input_average
                0x000000000000c8f6       0x86 ./code/ellipsoid_fitting_process.o
                0x000000000000c8f6                CalcData_Input_average
 .text.Row2_swop_Row1
                0x000000000000c97c       0xac ./code/ellipsoid_fitting_process.o
                0x000000000000c97c                Row2_swop_Row1
 .text.k_muiltply_Row
                0x000000000000ca28       0x70 ./code/ellipsoid_fitting_process.o
                0x000000000000ca28                k_muiltply_Row
 .text.Row2_add_kRow1
                0x000000000000ca98       0x94 ./code/ellipsoid_fitting_process.o
                0x000000000000ca98                Row2_add_kRow1
 .text.MoveBiggestElement_to_Top
                0x000000000000cb2c       0x92 ./code/ellipsoid_fitting_process.o
                0x000000000000cb2c                MoveBiggestElement_to_Top
 .text.Matrix_GaussElimination
                0x000000000000cbbe       0xde ./code/ellipsoid_fitting_process.o
                0x000000000000cbbe                Matrix_GaussElimination
 .text.Matrix_RowSimplify
                0x000000000000cc9c       0x68 ./code/ellipsoid_fitting_process.o
                0x000000000000cc9c                Matrix_RowSimplify
 .text.Matrix_Solve
                0x000000000000cd04       0xc2 ./code/ellipsoid_fitting_process.o
                0x000000000000cd04                Matrix_Solve
 .text.Ellipsoid_fitting_Process
                0x000000000000cdc6      0x1ce ./code/ellipsoid_fitting_process.o
                0x000000000000cdc6                Ellipsoid_fitting_Process
 .text.Inclination_compensation
                0x000000000000cf94      0x358 ./code/ellipsoid_fitting_process.o
                0x000000000000cf94                Inclination_compensation
 .text.encoderInit
                0x000000000000d2ec       0x32 ./code/encoder.o
                0x000000000000d2ec                encoderInit
 .text.Butterworth_Parameter_Init
                0x000000000000d31e      0x120 ./code/filter.o
                0x000000000000d31e                Butterworth_Parameter_Init
 .text.LPButterworth
                0x000000000000d43e       0xe8 ./code/filter.o
                0x000000000000d43e                LPButterworth
 .text.set_cutoff_frequency
                0x000000000000d526      0x124 ./code/filter.o
                0x000000000000d526                set_cutoff_frequency
 .text.steepest_descend
                0x000000000000d64a      0x292 ./code/filter.o
                0x000000000000d64a                steepest_descend
 .text.LPF_1    0x000000000000d8dc       0x74 ./code/filter.o
                0x000000000000d8dc                LPF_1
 .text.limit_filter
                0x000000000000d950       0x98 ./code/filter.o
                0x000000000000d950                limit_filter
 .text.IMU_Getdata
                0x000000000000d9e8      0x334 ./code/imu.o
                0x000000000000d9e8                IMU_Getdata
 .text.IMU_Offset
                0x000000000000dd1c      0x388 ./code/imu.o
                0x000000000000dd1c                IMU_Offset
 .text.Data_steepest
                0x000000000000e0a4      0x1a2 ./code/imu.o
                0x000000000000e0a4                Data_steepest
 .text.IMU_update
                0x000000000000e246      0x83e ./code/imu.o
                0x000000000000e246                IMU_update
 .text.imuinit  0x000000000000ea84       0xbe ./code/imu.o
                0x000000000000ea84                imuinit
 .text.GPS_init
                0x000000000000eb42       0x2a ./code/inertial_navigation.o
                0x000000000000eb42                GPS_init
 .text.gps_handler
                0x000000000000eb6c      0x4a8 ./code/inertial_navigation.o
                0x000000000000eb6c                gps_handler
 .text.two_points_message
                0x000000000000f014       0xc8 ./code/inertial_navigation.o
                0x000000000000f014                two_points_message
 .text.yaw_gps_delta
                0x000000000000f0dc      0x598 ./code/inertial_navigation.o
                0x000000000000f0dc                yaw_gps_delta
 .text.get_point
                0x000000000000f674      0x242 ./code/inertial_navigation.o
                0x000000000000f674                get_point
 .text.BuffDataIndex
                0x000000000000f8b6       0x54 ./code/jdy34.o
 .text.BlueToothInit
                0x000000000000f90a       0x3e ./code/jdy34.o
                0x000000000000f90a                BlueToothInit
 .text.DataResolve
                0x000000000000f948       0x6a ./code/jdy34.o
 .text.BlueToothInterupt_Handler
                0x000000000000f9b2      0x104 ./code/jdy34.o
                0x000000000000f9b2                BlueToothInterupt_Handler
 .text.motoInit
                0x000000000000fab6       0x66 ./code/moto.o
                0x000000000000fab6                motoInit
 .text.motoDutySet
                0x000000000000fb1c       0xe4 ./code/moto.o
                0x000000000000fb1c                motoDutySet
 .text.my_abs   0x000000000000fc00       0x30 ./code/my_math.o
                0x000000000000fc00                my_abs
 .text.fast_atan2
                0x000000000000fc30      0x238 ./code/my_math.o
                0x000000000000fc30                fast_atan2
 .text.my_sqrt  0x000000000000fe68       0xbe ./code/my_math.o
                0x000000000000fe68                my_sqrt
 .text.PID_Init
                0x000000000000ff26       0x6e ./code/pid.o
                0x000000000000ff26                PID_Init
 .text.abs_limit
                0x000000000000ff94       0x56 ./code/pid.o
 .text.PID_Calculate
                0x000000000000ffea      0x2d2 ./code/pid.o
                0x000000000000ffea                PID_Calculate
 .text.pidClear
                0x00000000000102bc       0x62 ./code/pid.o
                0x00000000000102bc                pidClear
 .text.pidAllInit
                0x000000000001031e       0xec ./code/pid.o
                0x000000000001031e                pidAllInit
 .text.DoubleToInt
                0x000000000001040a       0x28 ./code/user_flash.o
                0x000000000001040a                DoubleToInt
 .text.IntToDouble
                0x0000000000010432       0x28 ./code/user_flash.o
                0x0000000000010432                IntToDouble
 .text.SaveToFlashWithConversion
                0x000000000001045a       0xd2 ./code/user_flash.o
                0x000000000001045a                SaveToFlashWithConversion
 .text.ReadFlashWithConversion
                0x000000000001052c       0xd2 ./code/user_flash.o
                0x000000000001052c                ReadFlashWithConversion
 .text.FlashOperationEnd
                0x00000000000105fe       0x3a ./code/user_flash.o
                0x00000000000105fe                FlashOperationEnd
 .text.cos      0x0000000000010638       0x92 c:/mounriver/mounriver_studio/toolchain/risc-v embedded gcc/bin/../lib/gcc/riscv-none-embed/8.2.0/../../../../riscv-none-embed/lib/rv32imafc/ilp32f\libm.a(lib_a-s_cos.o)
                0x0000000000010638                cos
 .text.sin      0x00000000000106ca       0x94 c:/mounriver/mounriver_studio/toolchain/risc-v embedded gcc/bin/../lib/gcc/riscv-none-embed/8.2.0/../../../../riscv-none-embed/lib/rv32imafc/ilp32f\libm.a(lib_a-s_sin.o)
                0x00000000000106ca                sin
 .text.cosf     0x000000000001075e       0x7c c:/mounriver/mounriver_studio/toolchain/risc-v embedded gcc/bin/../lib/gcc/riscv-none-embed/8.2.0/../../../../riscv-none-embed/lib/rv32imafc/ilp32f\libm.a(lib_a-sf_cos.o)
                0x000000000001075e                cosf
 .text.sinf     0x00000000000107da       0x7e c:/mounriver/mounriver_studio/toolchain/risc-v embedded gcc/bin/../lib/gcc/riscv-none-embed/8.2.0/../../../../riscv-none-embed/lib/rv32imafc/ilp32f\libm.a(lib_a-sf_sin.o)
                0x00000000000107da                sinf
 .text.tanf     0x0000000000010858       0x5a c:/mounriver/mounriver_studio/toolchain/risc-v embedded gcc/bin/../lib/gcc/riscv-none-embed/8.2.0/../../../../riscv-none-embed/lib/rv32imafc/ilp32f\libm.a(lib_a-sf_tan.o)
                0x0000000000010858                tanf
 .text.asin     0x00000000000108b2       0xbe c:/mounriver/mounriver_studio/toolchain/risc-v embedded gcc/bin/../lib/gcc/riscv-none-embed/8.2.0/../../../../riscv-none-embed/lib/rv32imafc/ilp32f\libm.a(lib_a-w_asin.o)
                0x00000000000108b2                asin
 .text.atan2    0x0000000000010970        0x4 c:/mounriver/mounriver_studio/toolchain/risc-v embedded gcc/bin/../lib/gcc/riscv-none-embed/8.2.0/../../../../riscv-none-embed/lib/rv32imafc/ilp32f\libm.a(lib_a-w_atan2.o)
                0x0000000000010970                atan2
 .text.pow      0x0000000000010974      0x326 c:/mounriver/mounriver_studio/toolchain/risc-v embedded gcc/bin/../lib/gcc/riscv-none-embed/8.2.0/../../../../riscv-none-embed/lib/rv32imafc/ilp32f\libm.a(lib_a-w_pow.o)
                0x0000000000010974                pow
 .text.sqrt     0x0000000000010c9a       0xba c:/mounriver/mounriver_studio/toolchain/risc-v embedded gcc/bin/../lib/gcc/riscv-none-embed/8.2.0/../../../../riscv-none-embed/lib/rv32imafc/ilp32f\libm.a(lib_a-w_sqrt.o)
                0x0000000000010c9a                sqrt
 .text.atan2f   0x0000000000010d54        0x4 c:/mounriver/mounriver_studio/toolchain/risc-v embedded gcc/bin/../lib/gcc/riscv-none-embed/8.2.0/../../../../riscv-none-embed/lib/rv32imafc/ilp32f\libm.a(lib_a-wf_atan2.o)
                0x0000000000010d54                atan2f
 .text.__ieee754_asin
                0x0000000000010d58      0x468 c:/mounriver/mounriver_studio/toolchain/risc-v embedded gcc/bin/../lib/gcc/riscv-none-embed/8.2.0/../../../../riscv-none-embed/lib/rv32imafc/ilp32f\libm.a(lib_a-e_asin.o)
                0x0000000000010d58                __ieee754_asin
 .text.__ieee754_atan2
                0x00000000000111c0      0x1e4 c:/mounriver/mounriver_studio/toolchain/risc-v embedded gcc/bin/../lib/gcc/riscv-none-embed/8.2.0/../../../../riscv-none-embed/lib/rv32imafc/ilp32f\libm.a(lib_a-e_atan2.o)
                0x00000000000111c0                __ieee754_atan2
 .text.__ieee754_pow
                0x00000000000113a4      0xad8 c:/mounriver/mounriver_studio/toolchain/risc-v embedded gcc/bin/../lib/gcc/riscv-none-embed/8.2.0/../../../../riscv-none-embed/lib/rv32imafc/ilp32f\libm.a(lib_a-e_pow.o)
                0x00000000000113a4                __ieee754_pow
 .text.__ieee754_rem_pio2
                0x0000000000011e7c      0x466 c:/mounriver/mounriver_studio/toolchain/risc-v embedded gcc/bin/../lib/gcc/riscv-none-embed/8.2.0/../../../../riscv-none-embed/lib/rv32imafc/ilp32f\libm.a(lib_a-e_rem_pio2.o)
                0x0000000000011e7c                __ieee754_rem_pio2
 .text.__ieee754_sqrt
                0x00000000000122e2      0x1d6 c:/mounriver/mounriver_studio/toolchain/risc-v embedded gcc/bin/../lib/gcc/riscv-none-embed/8.2.0/../../../../riscv-none-embed/lib/rv32imafc/ilp32f\libm.a(lib_a-e_sqrt.o)
                0x00000000000122e2                __ieee754_sqrt
 .text.__ieee754_atan2f
                0x00000000000124b8      0x1c4 c:/mounriver/mounriver_studio/toolchain/risc-v embedded gcc/bin/../lib/gcc/riscv-none-embed/8.2.0/../../../../riscv-none-embed/lib/rv32imafc/ilp32f\libm.a(lib_a-ef_atan2.o)
                0x00000000000124b8                __ieee754_atan2f
 .text.__ieee754_rem_pio2f
                0x000000000001267c      0x2b6 c:/mounriver/mounriver_studio/toolchain/risc-v embedded gcc/bin/../lib/gcc/riscv-none-embed/8.2.0/../../../../riscv-none-embed/lib/rv32imafc/ilp32f\libm.a(lib_a-ef_rem_pio2.o)
                0x000000000001267c                __ieee754_rem_pio2f
 .text.__kernel_cos
                0x0000000000012932      0x2b8 c:/mounriver/mounriver_studio/toolchain/risc-v embedded gcc/bin/../lib/gcc/riscv-none-embed/8.2.0/../../../../riscv-none-embed/lib/rv32imafc/ilp32f\libm.a(lib_a-k_cos.o)
                0x0000000000012932                __kernel_cos
 .text.__kernel_rem_pio2
                0x0000000000012bea      0x954 c:/mounriver/mounriver_studio/toolchain/risc-v embedded gcc/bin/../lib/gcc/riscv-none-embed/8.2.0/../../../../riscv-none-embed/lib/rv32imafc/ilp32f\libm.a(lib_a-k_rem_pio2.o)
                0x0000000000012bea                __kernel_rem_pio2
 .text.__kernel_sin
                0x000000000001353e      0x19a c:/mounriver/mounriver_studio/toolchain/risc-v embedded gcc/bin/../lib/gcc/riscv-none-embed/8.2.0/../../../../riscv-none-embed/lib/rv32imafc/ilp32f\libm.a(lib_a-k_sin.o)
                0x000000000001353e                __kernel_sin
 .text.__kernel_cosf
                0x00000000000136d8      0x140 c:/mounriver/mounriver_studio/toolchain/risc-v embedded gcc/bin/../lib/gcc/riscv-none-embed/8.2.0/../../../../riscv-none-embed/lib/rv32imafc/ilp32f\libm.a(lib_a-kf_cos.o)
                0x00000000000136d8                __kernel_cosf
 .text.__kernel_rem_pio2f
                0x0000000000013818      0x6fe c:/mounriver/mounriver_studio/toolchain/risc-v embedded gcc/bin/../lib/gcc/riscv-none-embed/8.2.0/../../../../riscv-none-embed/lib/rv32imafc/ilp32f\libm.a(lib_a-kf_rem_pio2.o)
                0x0000000000013818                __kernel_rem_pio2f
 .text.__kernel_sinf
                0x0000000000013f16       0xa2 c:/mounriver/mounriver_studio/toolchain/risc-v embedded gcc/bin/../lib/gcc/riscv-none-embed/8.2.0/../../../../riscv-none-embed/lib/rv32imafc/ilp32f\libm.a(lib_a-kf_sin.o)
                0x0000000000013f16                __kernel_sinf
 .text.__kernel_tanf
                0x0000000000013fb8      0x21a c:/mounriver/mounriver_studio/toolchain/risc-v embedded gcc/bin/../lib/gcc/riscv-none-embed/8.2.0/../../../../riscv-none-embed/lib/rv32imafc/ilp32f\libm.a(lib_a-kf_tan.o)
                0x0000000000013fb8                __kernel_tanf
 .text.atan     0x00000000000141d2      0x33a c:/mounriver/mounriver_studio/toolchain/risc-v embedded gcc/bin/../lib/gcc/riscv-none-embed/8.2.0/../../../../riscv-none-embed/lib/rv32imafc/ilp32f\libm.a(lib_a-s_atan.o)
                0x00000000000141d2                atan
 .text.fabs     0x000000000001450c        0x6 c:/mounriver/mounriver_studio/toolchain/risc-v embedded gcc/bin/../lib/gcc/riscv-none-embed/8.2.0/../../../../riscv-none-embed/lib/rv32imafc/ilp32f\libm.a(lib_a-s_fabs.o)
                0x000000000001450c                fabs
 .text.finite   0x0000000000014512        0xe c:/mounriver/mounriver_studio/toolchain/risc-v embedded gcc/bin/../lib/gcc/riscv-none-embed/8.2.0/../../../../riscv-none-embed/lib/rv32imafc/ilp32f\libm.a(lib_a-s_finite.o)
                0x0000000000014512                finite
 .text.floor    0x0000000000014520      0x158 c:/mounriver/mounriver_studio/toolchain/risc-v embedded gcc/bin/../lib/gcc/riscv-none-embed/8.2.0/../../../../riscv-none-embed/lib/rv32imafc/ilp32f\libm.a(lib_a-s_floor.o)
                0x0000000000014520                floor
 .text.matherr  0x0000000000014678        0x4 c:/mounriver/mounriver_studio/toolchain/risc-v embedded gcc/bin/../lib/gcc/riscv-none-embed/8.2.0/../../../../riscv-none-embed/lib/rv32imafc/ilp32f\libm.a(lib_a-s_matherr.o)
                0x0000000000014678                matherr
 .text.nan      0x000000000001467c        0xe c:/mounriver/mounriver_studio/toolchain/risc-v embedded gcc/bin/../lib/gcc/riscv-none-embed/8.2.0/../../../../riscv-none-embed/lib/rv32imafc/ilp32f\libm.a(lib_a-s_nan.o)
                0x000000000001467c                nan
 .text.rint     0x000000000001468a      0x18c c:/mounriver/mounriver_studio/toolchain/risc-v embedded gcc/bin/../lib/gcc/riscv-none-embed/8.2.0/../../../../riscv-none-embed/lib/rv32imafc/ilp32f\libm.a(lib_a-s_rint.o)
                0x000000000001468a                rint
 .text.scalbn   0x0000000000014816      0x140 c:/mounriver/mounriver_studio/toolchain/risc-v embedded gcc/bin/../lib/gcc/riscv-none-embed/8.2.0/../../../../riscv-none-embed/lib/rv32imafc/ilp32f\libm.a(lib_a-s_scalbn.o)
                0x0000000000014816                scalbn
 .text.atanf    0x0000000000014956      0x204 c:/mounriver/mounriver_studio/toolchain/risc-v embedded gcc/bin/../lib/gcc/riscv-none-embed/8.2.0/../../../../riscv-none-embed/lib/rv32imafc/ilp32f\libm.a(lib_a-sf_atan.o)
                0x0000000000014956                atanf
 .text.fabsf    0x0000000000014b5a        0xe c:/mounriver/mounriver_studio/toolchain/risc-v embedded gcc/bin/../lib/gcc/riscv-none-embed/8.2.0/../../../../riscv-none-embed/lib/rv32imafc/ilp32f\libm.a(lib_a-sf_fabs.o)
                0x0000000000014b5a                fabsf
 .text.floorf   0x0000000000014b68       0xb2 c:/mounriver/mounriver_studio/toolchain/risc-v embedded gcc/bin/../lib/gcc/riscv-none-embed/8.2.0/../../../../riscv-none-embed/lib/rv32imafc/ilp32f\libm.a(lib_a-sf_floor.o)
                0x0000000000014b68                floorf
 .text.scalbnf  0x0000000000014c1a      0x100 c:/mounriver/mounriver_studio/toolchain/risc-v embedded gcc/bin/../lib/gcc/riscv-none-embed/8.2.0/../../../../riscv-none-embed/lib/rv32imafc/ilp32f\libm.a(lib_a-sf_scalbn.o)
                0x0000000000014c1a                scalbnf
 .text.copysign
                0x0000000000014d1a       0x16 c:/mounriver/mounriver_studio/toolchain/risc-v embedded gcc/bin/../lib/gcc/riscv-none-embed/8.2.0/../../../../riscv-none-embed/lib/rv32imafc/ilp32f\libm.a(lib_a-s_copysign.o)
                0x0000000000014d1a                copysign
 .text.copysignf
                0x0000000000014d30       0x1c c:/mounriver/mounriver_studio/toolchain/risc-v embedded gcc/bin/../lib/gcc/riscv-none-embed/8.2.0/../../../../riscv-none-embed/lib/rv32imafc/ilp32f\libm.a(lib_a-sf_copysign.o)
                0x0000000000014d30                copysignf
 .text.__divdi3
                0x0000000000014d4c      0x3d8 c:/mounriver/mounriver_studio/toolchain/risc-v embedded gcc/bin/../lib/gcc/riscv-none-embed/8.2.0/rv32imafc/ilp32f\libgcc.a(_divdi3.o)
                0x0000000000014d4c                __divdi3
 .text.__adddf3
                0x0000000000015124      0xa0e c:/mounriver/mounriver_studio/toolchain/risc-v embedded gcc/bin/../lib/gcc/riscv-none-embed/8.2.0/rv32imafc/ilp32f\libgcc.a(adddf3.o)
                0x0000000000015124                __adddf3
 .text.__divdf3
                0x0000000000015b32      0x7ea c:/mounriver/mounriver_studio/toolchain/risc-v embedded gcc/bin/../lib/gcc/riscv-none-embed/8.2.0/rv32imafc/ilp32f\libgcc.a(divdf3.o)
                0x0000000000015b32                __divdf3
 .text.__eqdf2  0x000000000001631c       0x98 c:/mounriver/mounriver_studio/toolchain/risc-v embedded gcc/bin/../lib/gcc/riscv-none-embed/8.2.0/rv32imafc/ilp32f\libgcc.a(eqdf2.o)
                0x000000000001631c                __nedf2
                0x000000000001631c                __eqdf2
 .text.__gedf2  0x00000000000163b4       0xb6 c:/mounriver/mounriver_studio/toolchain/risc-v embedded gcc/bin/../lib/gcc/riscv-none-embed/8.2.0/rv32imafc/ilp32f\libgcc.a(gedf2.o)
                0x00000000000163b4                __gedf2
                0x00000000000163b4                __gtdf2
 .text.__ledf2  0x000000000001646a       0xb6 c:/mounriver/mounriver_studio/toolchain/risc-v embedded gcc/bin/../lib/gcc/riscv-none-embed/8.2.0/rv32imafc/ilp32f\libgcc.a(ledf2.o)
                0x000000000001646a                __ledf2
                0x000000000001646a                __ltdf2
 .text.__muldf3
                0x0000000000016520      0x656 c:/mounriver/mounriver_studio/toolchain/risc-v embedded gcc/bin/../lib/gcc/riscv-none-embed/8.2.0/rv32imafc/ilp32f\libgcc.a(muldf3.o)
                0x0000000000016520                __muldf3
 .text.__subdf3
                0x0000000000016b76      0xa8c c:/mounriver/mounriver_studio/toolchain/risc-v embedded gcc/bin/../lib/gcc/riscv-none-embed/8.2.0/rv32imafc/ilp32f\libgcc.a(subdf3.o)
                0x0000000000016b76                __subdf3
 .text.__unorddf2
                0x0000000000017602       0x7c c:/mounriver/mounriver_studio/toolchain/risc-v embedded gcc/bin/../lib/gcc/riscv-none-embed/8.2.0/rv32imafc/ilp32f\libgcc.a(unorddf2.o)
                0x0000000000017602                __unorddf2
 .text.__fixdfsi
                0x000000000001767e       0xd8 c:/mounriver/mounriver_studio/toolchain/risc-v embedded gcc/bin/../lib/gcc/riscv-none-embed/8.2.0/rv32imafc/ilp32f\libgcc.a(fixdfsi.o)
                0x000000000001767e                __fixdfsi
 .text.__fixunsdfsi
                0x0000000000017756       0x9e c:/mounriver/mounriver_studio/toolchain/risc-v embedded gcc/bin/../lib/gcc/riscv-none-embed/8.2.0/rv32imafc/ilp32f\libgcc.a(fixunsdfsi.o)
                0x0000000000017756                __fixunsdfsi
 .text.__floatsidf
                0x00000000000177f4       0x70 c:/mounriver/mounriver_studio/toolchain/risc-v embedded gcc/bin/../lib/gcc/riscv-none-embed/8.2.0/rv32imafc/ilp32f\libgcc.a(floatsidf.o)
                0x00000000000177f4                __floatsidf
 .text.__floatunsidf
                0x0000000000017864       0x66 c:/mounriver/mounriver_studio/toolchain/risc-v embedded gcc/bin/../lib/gcc/riscv-none-embed/8.2.0/rv32imafc/ilp32f\libgcc.a(floatunsidf.o)
                0x0000000000017864                __floatunsidf
 .text.__extendsfdf2
                0x00000000000178ca       0xe8 c:/mounriver/mounriver_studio/toolchain/risc-v embedded gcc/bin/../lib/gcc/riscv-none-embed/8.2.0/rv32imafc/ilp32f\libgcc.a(extendsfdf2.o)
                0x00000000000178ca                __extendsfdf2
 .text.__truncdfsf2
                0x00000000000179b2      0x31e c:/mounriver/mounriver_studio/toolchain/risc-v embedded gcc/bin/../lib/gcc/riscv-none-embed/8.2.0/rv32imafc/ilp32f\libgcc.a(truncdfsf2.o)
                0x00000000000179b2                __truncdfsf2
 .text.__clzsi2
                0x0000000000017cd0       0x76 c:/mounriver/mounriver_studio/toolchain/risc-v embedded gcc/bin/../lib/gcc/riscv-none-embed/8.2.0/rv32imafc/ilp32f\libgcc.a(_clzsi2.o)
                0x0000000000017cd0                __clzsi2
 .text.__errno  0x0000000000017d46        0x8 c:/mounriver/mounriver_studio/toolchain/risc-v embedded gcc/bin/../lib/gcc/riscv-none-embed/8.2.0/../../../../riscv-none-embed/lib/rv32imafc/ilp32f\libg_nano.a(lib_a-errno.o)
                0x0000000000017d46                __errno
 .text.memcpy   0x0000000000017d4e       0xb6 c:/mounriver/mounriver_studio/toolchain/risc-v embedded gcc/bin/../lib/gcc/riscv-none-embed/8.2.0/../../../../riscv-none-embed/lib/rv32imafc/ilp32f\libg_nano.a(lib_a-memcpy.o)
                0x0000000000017d4e                memcpy
 .text.__cvt    0x0000000000017e04       0xee c:/mounriver/mounriver_studio/toolchain/risc-v embedded gcc/bin/../lib/gcc/riscv-none-embed/8.2.0/../../../../riscv-none-embed/lib/rv32imafc/ilp32f\libg_nano.a(lib_a-nano-vfprintf_float.o)
                0x0000000000017e04                __cvt
 .text.__exponent
                0x0000000000017ef2       0x8c c:/mounriver/mounriver_studio/toolchain/risc-v embedded gcc/bin/../lib/gcc/riscv-none-embed/8.2.0/../../../../riscv-none-embed/lib/rv32imafc/ilp32f\libg_nano.a(lib_a-nano-vfprintf_float.o)
                0x0000000000017ef2                __exponent
 .text._printf_float
                0x0000000000017f7e      0x4c4 c:/mounriver/mounriver_studio/toolchain/risc-v embedded gcc/bin/../lib/gcc/riscv-none-embed/8.2.0/../../../../riscv-none-embed/lib/rv32imafc/ilp32f\libg_nano.a(lib_a-nano-vfprintf_float.o)
                0x0000000000017f7e                _printf_float
 .text._printf_common
                0x0000000000018442      0x10c c:/mounriver/mounriver_studio/toolchain/risc-v embedded gcc/bin/../lib/gcc/riscv-none-embed/8.2.0/../../../../riscv-none-embed/lib/rv32imafc/ilp32f\libg_nano.a(lib_a-nano-vfprintf_i.o)
                0x0000000000018442                _printf_common
 .text._printf_i
                0x000000000001854e      0x2ac c:/mounriver/mounriver_studio/toolchain/risc-v embedded gcc/bin/../lib/gcc/riscv-none-embed/8.2.0/../../../../riscv-none-embed/lib/rv32imafc/ilp32f\libg_nano.a(lib_a-nano-vfprintf_i.o)
                0x000000000001854e                _printf_i
 .text.printf   0x00000000000187fa       0x42 c:/mounriver/mounriver_studio/toolchain/risc-v embedded gcc/bin/../lib/gcc/riscv-none-embed/8.2.0/../../../../riscv-none-embed/lib/rv32imafc/ilp32f\libg_nano.a(lib_a-printf.o)
                0x00000000000187fa                iprintf
                0x00000000000187fa                printf
 .text._puts_r  0x000000000001883c       0xde c:/mounriver/mounriver_studio/toolchain/risc-v embedded gcc/bin/../lib/gcc/riscv-none-embed/8.2.0/../../../../riscv-none-embed/lib/rv32imafc/ilp32f\libg_nano.a(lib_a-puts.o)
                0x000000000001883c                _puts_r
 .text.puts     0x000000000001891a        0xc c:/mounriver/mounriver_studio/toolchain/risc-v embedded gcc/bin/../lib/gcc/riscv-none-embed/8.2.0/../../../../riscv-none-embed/lib/rv32imafc/ilp32f\libg_nano.a(lib_a-puts.o)
                0x000000000001891a                puts
 .text.sprintf  0x0000000000018926       0x46 c:/mounriver/mounriver_studio/toolchain/risc-v embedded gcc/bin/../lib/gcc/riscv-none-embed/8.2.0/../../../../riscv-none-embed/lib/rv32imafc/ilp32f\libg_nano.a(lib_a-sprintf.o)
                0x0000000000018926                siprintf
                0x0000000000018926                sprintf
 .text.strchr   0x000000000001896c       0x1a c:/mounriver/mounriver_studio/toolchain/risc-v embedded gcc/bin/../lib/gcc/riscv-none-embed/8.2.0/../../../../riscv-none-embed/lib/rv32imafc/ilp32f\libg_nano.a(lib_a-strchr.o)
                0x000000000001896c                strchr
 .text.strlen   0x0000000000018986       0x12 c:/mounriver/mounriver_studio/toolchain/risc-v embedded gcc/bin/../lib/gcc/riscv-none-embed/8.2.0/../../../../riscv-none-embed/lib/rv32imafc/ilp32f\libg_nano.a(lib_a-strlen.o)
                0x0000000000018986                strlen
 .text.strncmp  0x0000000000018998       0x2c c:/mounriver/mounriver_studio/toolchain/risc-v embedded gcc/bin/../lib/gcc/riscv-none-embed/8.2.0/../../../../riscv-none-embed/lib/rv32imafc/ilp32f\libg_nano.a(lib_a-strncmp.o)
                0x0000000000018998                strncmp
 .text.strncpy  0x00000000000189c4       0x24 c:/mounriver/mounriver_studio/toolchain/risc-v embedded gcc/bin/../lib/gcc/riscv-none-embed/8.2.0/../../../../riscv-none-embed/lib/rv32imafc/ilp32f\libg_nano.a(lib_a-strncpy.o)
                0x00000000000189c4                strncpy
 .text.__swbuf_r
                0x00000000000189e8       0xc6 c:/mounriver/mounriver_studio/toolchain/risc-v embedded gcc/bin/../lib/gcc/riscv-none-embed/8.2.0/../../../../riscv-none-embed/lib/rv32imafc/ilp32f\libg_nano.a(lib_a-wbuf.o)
                0x00000000000189e8                __swbuf_r
 .text.__swsetup_r
                0x0000000000018aae      0x112 c:/mounriver/mounriver_studio/toolchain/risc-v embedded gcc/bin/../lib/gcc/riscv-none-embed/8.2.0/../../../../riscv-none-embed/lib/rv32imafc/ilp32f\libg_nano.a(lib_a-wsetup.o)
                0x0000000000018aae                __swsetup_r
 .text.quorem   0x0000000000018bc0      0x13a c:/mounriver/mounriver_studio/toolchain/risc-v embedded gcc/bin/../lib/gcc/riscv-none-embed/8.2.0/../../../../riscv-none-embed/lib/rv32imafc/ilp32f\libg_nano.a(lib_a-dtoa.o)
 .text._dtoa_r  0x0000000000018cfa      0xc02 c:/mounriver/mounriver_studio/toolchain/risc-v embedded gcc/bin/../lib/gcc/riscv-none-embed/8.2.0/../../../../riscv-none-embed/lib/rv32imafc/ilp32f\libg_nano.a(lib_a-dtoa.o)
                0x0000000000018cfa                _dtoa_r
 .text.__sflush_r
                0x00000000000198fc      0x13e c:/mounriver/mounriver_studio/toolchain/risc-v embedded gcc/bin/../lib/gcc/riscv-none-embed/8.2.0/../../../../riscv-none-embed/lib/rv32imafc/ilp32f\libg_nano.a(lib_a-fflush.o)
                0x00000000000198fc                __sflush_r
 .text._fflush_r
                0x0000000000019a3a       0x66 c:/mounriver/mounriver_studio/toolchain/risc-v embedded gcc/bin/../lib/gcc/riscv-none-embed/8.2.0/../../../../riscv-none-embed/lib/rv32imafc/ilp32f\libg_nano.a(lib_a-fflush.o)
                0x0000000000019a3a                _fflush_r
 .text.std      0x0000000000019aa0       0x6a c:/mounriver/mounriver_studio/toolchain/risc-v embedded gcc/bin/../lib/gcc/riscv-none-embed/8.2.0/../../../../riscv-none-embed/lib/rv32imafc/ilp32f\libg_nano.a(lib_a-findfp.o)
 .text._cleanup_r
                0x0000000000019b0a        0xa c:/mounriver/mounriver_studio/toolchain/risc-v embedded gcc/bin/../lib/gcc/riscv-none-embed/8.2.0/../../../../riscv-none-embed/lib/rv32imafc/ilp32f\libg_nano.a(lib_a-findfp.o)
                0x0000000000019b0a                _cleanup_r
 .text.__sfmoreglue
                0x0000000000019b14       0x48 c:/mounriver/mounriver_studio/toolchain/risc-v embedded gcc/bin/../lib/gcc/riscv-none-embed/8.2.0/../../../../riscv-none-embed/lib/rv32imafc/ilp32f\libg_nano.a(lib_a-findfp.o)
                0x0000000000019b14                __sfmoreglue
 .text.__sinit  0x0000000000019b5c       0x6c c:/mounriver/mounriver_studio/toolchain/risc-v embedded gcc/bin/../lib/gcc/riscv-none-embed/8.2.0/../../../../riscv-none-embed/lib/rv32imafc/ilp32f\libg_nano.a(lib_a-findfp.o)
                0x0000000000019b5c                __sinit
 .text.__sfp    0x0000000000019bc8       0xa0 c:/mounriver/mounriver_studio/toolchain/risc-v embedded gcc/bin/../lib/gcc/riscv-none-embed/8.2.0/../../../../riscv-none-embed/lib/rv32imafc/ilp32f\libg_nano.a(lib_a-findfp.o)
                0x0000000000019bc8                __sfp
 .text._fwalk_reent
                0x0000000000019c68       0x6c c:/mounriver/mounriver_studio/toolchain/risc-v embedded gcc/bin/../lib/gcc/riscv-none-embed/8.2.0/../../../../riscv-none-embed/lib/rv32imafc/ilp32f\libg_nano.a(lib_a-fwalk.o)
                0x0000000000019c68                _fwalk_reent
 .text._localeconv_r
                0x0000000000019cd4       0x18 c:/mounriver/mounriver_studio/toolchain/risc-v embedded gcc/bin/../lib/gcc/riscv-none-embed/8.2.0/../../../../riscv-none-embed/lib/rv32imafc/ilp32f\libg_nano.a(lib_a-localeconv.o)
                0x0000000000019cd4                _localeconv_r
 .text.__swhatbuf_r
                0x0000000000019cec       0x5a c:/mounriver/mounriver_studio/toolchain/risc-v embedded gcc/bin/../lib/gcc/riscv-none-embed/8.2.0/../../../../riscv-none-embed/lib/rv32imafc/ilp32f\libg_nano.a(lib_a-makebuf.o)
                0x0000000000019cec                __swhatbuf_r
 .text.__smakebuf_r
                0x0000000000019d46       0xa2 c:/mounriver/mounriver_studio/toolchain/risc-v embedded gcc/bin/../lib/gcc/riscv-none-embed/8.2.0/../../../../riscv-none-embed/lib/rv32imafc/ilp32f\libg_nano.a(lib_a-makebuf.o)
                0x0000000000019d46                __smakebuf_r
 .text.malloc   0x0000000000019de8        0xc c:/mounriver/mounriver_studio/toolchain/risc-v embedded gcc/bin/../lib/gcc/riscv-none-embed/8.2.0/../../../../riscv-none-embed/lib/rv32imafc/ilp32f\libg_nano.a(lib_a-malloc.o)
                0x0000000000019de8                malloc
 .text.memchr   0x0000000000019df4       0x1a c:/mounriver/mounriver_studio/toolchain/risc-v embedded gcc/bin/../lib/gcc/riscv-none-embed/8.2.0/../../../../riscv-none-embed/lib/rv32imafc/ilp32f\libg_nano.a(lib_a-memchr.o)
                0x0000000000019df4                memchr
 .text._Balloc  0x0000000000019e0e       0x88 c:/mounriver/mounriver_studio/toolchain/risc-v embedded gcc/bin/../lib/gcc/riscv-none-embed/8.2.0/../../../../riscv-none-embed/lib/rv32imafc/ilp32f\libg_nano.a(lib_a-mprec.o)
                0x0000000000019e0e                _Balloc
 .text._Bfree   0x0000000000019e96       0x44 c:/mounriver/mounriver_studio/toolchain/risc-v embedded gcc/bin/../lib/gcc/riscv-none-embed/8.2.0/../../../../riscv-none-embed/lib/rv32imafc/ilp32f\libg_nano.a(lib_a-mprec.o)
                0x0000000000019e96                _Bfree
 .text.__multadd
                0x0000000000019eda       0x98 c:/mounriver/mounriver_studio/toolchain/risc-v embedded gcc/bin/../lib/gcc/riscv-none-embed/8.2.0/../../../../riscv-none-embed/lib/rv32imafc/ilp32f\libg_nano.a(lib_a-mprec.o)
                0x0000000000019eda                __multadd
 .text.__hi0bits
                0x0000000000019f72       0x46 c:/mounriver/mounriver_studio/toolchain/risc-v embedded gcc/bin/../lib/gcc/riscv-none-embed/8.2.0/../../../../riscv-none-embed/lib/rv32imafc/ilp32f\libg_nano.a(lib_a-mprec.o)
                0x0000000000019f72                __hi0bits
 .text.__lo0bits
                0x0000000000019fb8       0x6a c:/mounriver/mounriver_studio/toolchain/risc-v embedded gcc/bin/../lib/gcc/riscv-none-embed/8.2.0/../../../../riscv-none-embed/lib/rv32imafc/ilp32f\libg_nano.a(lib_a-mprec.o)
                0x0000000000019fb8                __lo0bits
 .text.__i2b    0x000000000001a022       0x1c c:/mounriver/mounriver_studio/toolchain/risc-v embedded gcc/bin/../lib/gcc/riscv-none-embed/8.2.0/../../../../riscv-none-embed/lib/rv32imafc/ilp32f\libg_nano.a(lib_a-mprec.o)
                0x000000000001a022                __i2b
 .text.__multiply
                0x000000000001a03e      0x144 c:/mounriver/mounriver_studio/toolchain/risc-v embedded gcc/bin/../lib/gcc/riscv-none-embed/8.2.0/../../../../riscv-none-embed/lib/rv32imafc/ilp32f\libg_nano.a(lib_a-mprec.o)
                0x000000000001a03e                __multiply
 .text.__pow5mult
                0x000000000001a182       0xbe c:/mounriver/mounriver_studio/toolchain/risc-v embedded gcc/bin/../lib/gcc/riscv-none-embed/8.2.0/../../../../riscv-none-embed/lib/rv32imafc/ilp32f\libg_nano.a(lib_a-mprec.o)
                0x000000000001a182                __pow5mult
 .text.__lshift
                0x000000000001a240       0xce c:/mounriver/mounriver_studio/toolchain/risc-v embedded gcc/bin/../lib/gcc/riscv-none-embed/8.2.0/../../../../riscv-none-embed/lib/rv32imafc/ilp32f\libg_nano.a(lib_a-mprec.o)
                0x000000000001a240                __lshift
 .text.__mcmp   0x000000000001a30e       0x32 c:/mounriver/mounriver_studio/toolchain/risc-v embedded gcc/bin/../lib/gcc/riscv-none-embed/8.2.0/../../../../riscv-none-embed/lib/rv32imafc/ilp32f\libg_nano.a(lib_a-mprec.o)
                0x000000000001a30e                __mcmp
 .text.__mdiff  0x000000000001a340       0xf2 c:/mounriver/mounriver_studio/toolchain/risc-v embedded gcc/bin/../lib/gcc/riscv-none-embed/8.2.0/../../../../riscv-none-embed/lib/rv32imafc/ilp32f\libg_nano.a(lib_a-mprec.o)
                0x000000000001a340                __mdiff
 .text.__d2b    0x000000000001a432       0xd4 c:/mounriver/mounriver_studio/toolchain/risc-v embedded gcc/bin/../lib/gcc/riscv-none-embed/8.2.0/../../../../riscv-none-embed/lib/rv32imafc/ilp32f\libg_nano.a(lib_a-mprec.o)
                0x000000000001a432                __d2b
 .text._calloc_r
                0x000000000001a506       0x26 c:/mounriver/mounriver_studio/toolchain/risc-v embedded gcc/bin/../lib/gcc/riscv-none-embed/8.2.0/../../../../riscv-none-embed/lib/rv32imafc/ilp32f\libg_nano.a(lib_a-nano-callocr.o)
                0x000000000001a506                _calloc_r
 .text._free_r  0x000000000001a52c       0xa8 c:/mounriver/mounriver_studio/toolchain/risc-v embedded gcc/bin/../lib/gcc/riscv-none-embed/8.2.0/../../../../riscv-none-embed/lib/rv32imafc/ilp32f\libg_nano.a(lib_a-nano-freer.o)
                0x000000000001a52c                _free_r
 .text._malloc_r
                0x000000000001a5d4       0xd4 c:/mounriver/mounriver_studio/toolchain/risc-v embedded gcc/bin/../lib/gcc/riscv-none-embed/8.2.0/../../../../riscv-none-embed/lib/rv32imafc/ilp32f\libg_nano.a(lib_a-nano-mallocr.o)
                0x000000000001a5d4                _malloc_r
 .text.__ssputs_r
                0x000000000001a6a8       0xee c:/mounriver/mounriver_studio/toolchain/risc-v embedded gcc/bin/../lib/gcc/riscv-none-embed/8.2.0/../../../../riscv-none-embed/lib/rv32imafc/ilp32f\libg_nano.a(lib_a-nano-svfprintf.o)
                0x000000000001a6a8                __ssputs_r
 .text._svfprintf_r
                0x000000000001a796      0x27e c:/mounriver/mounriver_studio/toolchain/risc-v embedded gcc/bin/../lib/gcc/riscv-none-embed/8.2.0/../../../../riscv-none-embed/lib/rv32imafc/ilp32f\libg_nano.a(lib_a-nano-svfprintf.o)
                0x000000000001a796                _svfiprintf_r
                0x000000000001a796                _svfprintf_r
 .text.__sfputc_r
                0x000000000001aa14       0x2a c:/mounriver/mounriver_studio/toolchain/risc-v embedded gcc/bin/../lib/gcc/riscv-none-embed/8.2.0/../../../../riscv-none-embed/lib/rv32imafc/ilp32f\libg_nano.a(lib_a-nano-vfprintf.o)
 .text.__sfputs_r
                0x000000000001aa3e       0x44 c:/mounriver/mounriver_studio/toolchain/risc-v embedded gcc/bin/../lib/gcc/riscv-none-embed/8.2.0/../../../../riscv-none-embed/lib/rv32imafc/ilp32f\libg_nano.a(lib_a-nano-vfprintf.o)
                0x000000000001aa3e                __sfputs_r
 .text._vfprintf_r
                0x000000000001aa82      0x2a0 c:/mounriver/mounriver_studio/toolchain/risc-v embedded gcc/bin/../lib/gcc/riscv-none-embed/8.2.0/../../../../riscv-none-embed/lib/rv32imafc/ilp32f\libg_nano.a(lib_a-nano-vfprintf.o)
                0x000000000001aa82                _vfprintf_r
                0x000000000001aa82                _vfiprintf_r
 .text._sbrk_r  0x000000000001ad22       0x30 c:/mounriver/mounriver_studio/toolchain/risc-v embedded gcc/bin/../lib/gcc/riscv-none-embed/8.2.0/../../../../riscv-none-embed/lib/rv32imafc/ilp32f\libg_nano.a(lib_a-sbrkr.o)
                0x000000000001ad22                _sbrk_r
 .text.__sread  0x000000000001ad52       0x30 c:/mounriver/mounriver_studio/toolchain/risc-v embedded gcc/bin/../lib/gcc/riscv-none-embed/8.2.0/../../../../riscv-none-embed/lib/rv32imafc/ilp32f\libg_nano.a(lib_a-stdio.o)
                0x000000000001ad52                __sread
 .text.__swrite
                0x000000000001ad82       0x4e c:/mounriver/mounriver_studio/toolchain/risc-v embedded gcc/bin/../lib/gcc/riscv-none-embed/8.2.0/../../../../riscv-none-embed/lib/rv32imafc/ilp32f\libg_nano.a(lib_a-stdio.o)
                0x000000000001ad82                __swrite
 .text.__sseek  0x000000000001add0       0x36 c:/mounriver/mounriver_studio/toolchain/risc-v embedded gcc/bin/../lib/gcc/riscv-none-embed/8.2.0/../../../../riscv-none-embed/lib/rv32imafc/ilp32f\libg_nano.a(lib_a-stdio.o)
                0x000000000001add0                __sseek
 .text.__sclose
                0x000000000001ae06        0x6 c:/mounriver/mounriver_studio/toolchain/risc-v embedded gcc/bin/../lib/gcc/riscv-none-embed/8.2.0/../../../../riscv-none-embed/lib/rv32imafc/ilp32f\libg_nano.a(lib_a-stdio.o)
                0x000000000001ae06                __sclose
 .text._write_r
                0x000000000001ae0c       0x36 c:/mounriver/mounriver_studio/toolchain/risc-v embedded gcc/bin/../lib/gcc/riscv-none-embed/8.2.0/../../../../riscv-none-embed/lib/rv32imafc/ilp32f\libg_nano.a(lib_a-writer.o)
                0x000000000001ae0c                _write_r
 .text._close_r
                0x000000000001ae42       0x30 c:/mounriver/mounriver_studio/toolchain/risc-v embedded gcc/bin/../lib/gcc/riscv-none-embed/8.2.0/../../../../riscv-none-embed/lib/rv32imafc/ilp32f\libg_nano.a(lib_a-closer.o)
                0x000000000001ae42                _close_r
 .text._fstat_r
                0x000000000001ae72       0x32 c:/mounriver/mounriver_studio/toolchain/risc-v embedded gcc/bin/../lib/gcc/riscv-none-embed/8.2.0/../../../../riscv-none-embed/lib/rv32imafc/ilp32f\libg_nano.a(lib_a-fstatr.o)
                0x000000000001ae72                _fstat_r
 .text._isatty_r
                0x000000000001aea4       0x30 c:/mounriver/mounriver_studio/toolchain/risc-v embedded gcc/bin/../lib/gcc/riscv-none-embed/8.2.0/../../../../riscv-none-embed/lib/rv32imafc/ilp32f\libg_nano.a(lib_a-isattyr.o)
                0x000000000001aea4                _isatty_r
 .text._lseek_r
                0x000000000001aed4       0x34 c:/mounriver/mounriver_studio/toolchain/risc-v embedded gcc/bin/../lib/gcc/riscv-none-embed/8.2.0/../../../../riscv-none-embed/lib/rv32imafc/ilp32f\libg_nano.a(lib_a-lseekr.o)
                0x000000000001aed4                _lseek_r
 .text.__ascii_mbtowc
                0x000000000001af08       0x3a c:/mounriver/mounriver_studio/toolchain/risc-v embedded gcc/bin/../lib/gcc/riscv-none-embed/8.2.0/../../../../riscv-none-embed/lib/rv32imafc/ilp32f\libg_nano.a(lib_a-mbtowc_r.o)
                0x000000000001af08                __ascii_mbtowc
 .text.memmove  0x000000000001af42       0x4a c:/mounriver/mounriver_studio/toolchain/risc-v embedded gcc/bin/../lib/gcc/riscv-none-embed/8.2.0/../../../../riscv-none-embed/lib/rv32imafc/ilp32f\libg_nano.a(lib_a-memmove.o)
                0x000000000001af42                memmove
 .text.__malloc_lock
                0x000000000001af8c        0x2 c:/mounriver/mounriver_studio/toolchain/risc-v embedded gcc/bin/../lib/gcc/riscv-none-embed/8.2.0/../../../../riscv-none-embed/lib/rv32imafc/ilp32f\libg_nano.a(lib_a-mlock.o)
                0x000000000001af8c                __malloc_lock
 .text.__malloc_unlock
                0x000000000001af8e        0x2 c:/mounriver/mounriver_studio/toolchain/risc-v embedded gcc/bin/../lib/gcc/riscv-none-embed/8.2.0/../../../../riscv-none-embed/lib/rv32imafc/ilp32f\libg_nano.a(lib_a-mlock.o)
                0x000000000001af8e                __malloc_unlock
 .text._realloc_r
                0x000000000001af90       0x58 c:/mounriver/mounriver_studio/toolchain/risc-v embedded gcc/bin/../lib/gcc/riscv-none-embed/8.2.0/../../../../riscv-none-embed/lib/rv32imafc/ilp32f\libg_nano.a(lib_a-nano-reallocr.o)
                0x000000000001af90                _realloc_r
 .text._read_r  0x000000000001afe8       0x34 c:/mounriver/mounriver_studio/toolchain/risc-v embedded gcc/bin/../lib/gcc/riscv-none-embed/8.2.0/../../../../riscv-none-embed/lib/rv32imafc/ilp32f\libg_nano.a(lib_a-readr.o)
                0x000000000001afe8                _read_r
 .text.__ascii_wctomb
                0x000000000001b01c       0x20 c:/mounriver/mounriver_studio/toolchain/risc-v embedded gcc/bin/../lib/gcc/riscv-none-embed/8.2.0/../../../../riscv-none-embed/lib/rv32imafc/ilp32f\libg_nano.a(lib_a-wctomb_r.o)
                0x000000000001b01c                __ascii_wctomb
 .text._malloc_usable_size_r
                0x000000000001b03c       0x14 c:/mounriver/mounriver_studio/toolchain/risc-v embedded gcc/bin/../lib/gcc/riscv-none-embed/8.2.0/../../../../riscv-none-embed/lib/rv32imafc/ilp32f\libg_nano.a(lib_a-nano-msizer.o)
                0x000000000001b03c                _malloc_usable_size_r
 .text.__trunctfdf2
                0x000000000001b050      0x3d0 c:/mounriver/mounriver_studio/toolchain/risc-v embedded gcc/bin/../lib/gcc/riscv-none-embed/8.2.0/rv32imafc/ilp32f\libgcc.a(trunctfdf2.o)
                0x000000000001b050                __trunctfdf2
 .text._close   0x000000000001b420       0x10 c:/mounriver/mounriver_studio/toolchain/risc-v embedded gcc/bin/../lib/gcc/riscv-none-embed/8.2.0/../../../../riscv-none-embed/lib/rv32imafc/ilp32f\libnosys.a(close.o)
                0x000000000001b420                _close
 .text._fstat   0x000000000001b430       0x10 c:/mounriver/mounriver_studio/toolchain/risc-v embedded gcc/bin/../lib/gcc/riscv-none-embed/8.2.0/../../../../riscv-none-embed/lib/rv32imafc/ilp32f\libnosys.a(fstat.o)
                0x000000000001b430                _fstat
 .text._isatty  0x000000000001b440       0x10 c:/mounriver/mounriver_studio/toolchain/risc-v embedded gcc/bin/../lib/gcc/riscv-none-embed/8.2.0/../../../../riscv-none-embed/lib/rv32imafc/ilp32f\libnosys.a(isatty.o)
                0x000000000001b440                _isatty
 .text._lseek   0x000000000001b450       0x10 c:/mounriver/mounriver_studio/toolchain/risc-v embedded gcc/bin/../lib/gcc/riscv-none-embed/8.2.0/../../../../riscv-none-embed/lib/rv32imafc/ilp32f\libnosys.a(lseek.o)
                0x000000000001b450                _lseek
 .text._read    0x000000000001b460       0x10 c:/mounriver/mounriver_studio/toolchain/risc-v embedded gcc/bin/../lib/gcc/riscv-none-embed/8.2.0/../../../../riscv-none-embed/lib/rv32imafc/ilp32f\libnosys.a(read.o)
                0x000000000001b460                _read
 .text._sbrk    0x000000000001b470       0x24 c:/mounriver/mounriver_studio/toolchain/risc-v embedded gcc/bin/../lib/gcc/riscv-none-embed/8.2.0/../../../../riscv-none-embed/lib/rv32imafc/ilp32f\libnosys.a(sbrk.o)
                0x000000000001b470                _sbrk
 *(.rodata)
 *fill*         0x000000000001b494        0x0 
 .rodata        0x000000000001b494       0x74 ./zf_driver/zf_driver_encoder.o
 .rodata        0x000000000001b508       0x72 ./zf_driver/zf_driver_flash.o
 *fill*         0x000000000001b57a        0x2 
 .rodata        0x000000000001b57c       0x98 ./zf_driver/zf_driver_pit.o
 .rodata        0x000000000001b614       0x70 ./zf_driver/zf_driver_pwm.o
 .rodata        0x000000000001b684       0x75 ./zf_driver/zf_driver_soft_iic.o
 *fill*         0x000000000001b6f9        0x3 
 .rodata        0x000000000001b6fc       0x70 ./zf_driver/zf_driver_spi.o
 .rodata        0x000000000001b76c       0x71 ./zf_driver/zf_driver_uart.o
 *fill*         0x000000000001b7dd        0x3 
 .rodata        0x000000000001b7e0       0xf0 ./zf_device/zf_device_gps_tau1201.o
 .rodata        0x000000000001b8d0       0xb4 ./zf_device/zf_device_icm20602.o
 .rodata        0x000000000001b984       0xb4 ./zf_device/zf_device_imu660ra.o
 .rodata        0x000000000001ba38       0xc4 ./zf_device/zf_device_imu963ra.o
 .rodata        0x000000000001bafc       0x7c ./zf_device/zf_device_ips114.o
 .rodata        0x000000000001bb78       0x78 ./zf_common/zf_common_debug.o
 .rodata        0x000000000001bbf0       0x71 ./zf_common/zf_common_fifo.o
 *fill*         0x000000000001bc61        0x7 
 .rodata        0x000000000001bc68       0xb8 ./zf_common/zf_common_function.o
 .rodata        0x000000000001bd20        0xa ./user_c/main.o
 *fill*         0x000000000001bd2a        0x2 
 .rodata        0x000000000001bd2c       0x41 ./sdk/Peripheral/ch32v30x_usbotg_device.o
 *fill*         0x000000000001bd6d        0x3 
 .rodata        0x000000000001bd70       0x38 ./code/complementary_filter.o
 .rodata        0x000000000001bda8       0x34 ./code/ctrl.o
 *fill*         0x000000000001bddc        0x4 
 .rodata        0x000000000001bde0       0x50 ./code/ellipsoid_fitting_process.o
 .rodata        0x000000000001be30       0x54 ./code/filter.o
 *fill*         0x000000000001be84        0x4 
 .rodata        0x000000000001be88       0x38 ./code/imu.o
 .rodata        0x000000000001bec0       0x78 ./code/inertial_navigation.o
 .rodata        0x000000000001bf38       0x94 ./code/my_math.o
 .rodata        0x000000000001bfcc       0x2c ./code/pid.o
 *(.rodata*)
 .rodata.encoder_get_count
                0x000000000001bff8       0x28 ./zf_driver/zf_driver_encoder.o
 .rodata.encoder_clear_count
                0x000000000001c020       0x28 ./zf_driver/zf_driver_encoder.o
 .rodata.encoder_dir_init
                0x000000000001c048       0x28 ./zf_driver/zf_driver_encoder.o
 .rodata.pit_init
                0x000000000001c070       0x28 ./zf_driver/zf_driver_pit.o
 .rodata.pwm_set_duty
                0x000000000001c098       0x28 ./zf_driver/zf_driver_pwm.o
 .rodata.pwm_init
                0x000000000001c0c0       0x28 ./zf_driver/zf_driver_pwm.o
 .rodata.spi_index
                0x000000000001c0e8        0xc ./zf_driver/zf_driver_spi.o
                0x000000000001c0e8                spi_index
 .rodata.uart_index
                0x000000000001c0f4       0x20 ./zf_driver/zf_driver_uart.o
                0x000000000001c0f4                uart_index
 .rodata.ascii_font_8x16
                0x000000000001c114      0x5f0 ./zf_common/zf_common_font.o
                0x000000000001c114                ascii_font_8x16
 .rodata.ascii_font_6x8
                0x000000000001c704      0x228 ./zf_common/zf_common_font.o
                0x000000000001c704                ascii_font_6x8
 .rodata.MyDevDescrHD
                0x000000000001c92c       0x12 ./sdk/Peripheral/ch32v30x_usbotg_device.o
                0x000000000001c92c                MyDevDescrHD
 *fill*         0x000000000001c93e        0x2 
 .rodata.MyCfgDescrHD
                0x000000000001c940       0x43 ./sdk/Peripheral/ch32v30x_usbotg_device.o
                0x000000000001c940                MyCfgDescrHD
 *fill*         0x000000000001c983        0x1 
 .rodata.MyReportDescHD
                0x000000000001c984       0x14 ./sdk/Peripheral/ch32v30x_usbotg_device.o
                0x000000000001c984                MyReportDescHD
 .rodata.MyManuInfoHD
                0x000000000001c998        0xe ./sdk/Peripheral/ch32v30x_usbotg_device.o
                0x000000000001c998                MyManuInfoHD
 *fill*         0x000000000001c9a6        0x2 
 .rodata.MyProdInfoHD
                0x000000000001c9a8        0xc ./sdk/Peripheral/ch32v30x_usbotg_device.o
                0x000000000001c9a8                MyProdInfoHD
 .rodata.MySerNumInfoHD
                0x000000000001c9b4       0x16 ./sdk/Peripheral/ch32v30x_usbotg_device.o
                0x000000000001c9b4                MySerNumInfoHD
 *fill*         0x000000000001c9ca        0x2 
 .rodata.MyUSBQUADescHD
                0x000000000001c9cc        0xa ./sdk/Peripheral/ch32v30x_usbotg_device.o
                0x000000000001c9cc                MyUSBQUADescHD
 *fill*         0x000000000001c9d6        0x2 
 .rodata.OTG_FS_IRQHandler
                0x000000000001c9d8       0xbc ./sdk/Peripheral/ch32v30x_usbotg_device.o
 *fill*         0x000000000001ca94        0x4 
 .rodata.asin.cst8
                0x000000000001ca98        0x8 c:/mounriver/mounriver_studio/toolchain/risc-v embedded gcc/bin/../lib/gcc/riscv-none-embed/8.2.0/../../../../riscv-none-embed/lib/rv32imafc/ilp32f\libm.a(lib_a-w_asin.o)
 .rodata.asin.str1.4