Archive member included to satisfy reference by file (symbol)

e:/mounriver/mounriver_studio/toolchain/risc-v embedded gcc/bin/../lib/gcc/riscv-none-embed/8.2.0/../../../../riscv-none-embed/lib/rv32imafc/ilp32f\libm.a(lib_a-s_cos.o)
                              ./zf_device/zf_device_gps_tau1201.o (cos)
e:/mounriver/mounriver_studio/toolchain/risc-v embedded gcc/bin/../lib/gcc/riscv-none-embed/8.2.0/../../../../riscv-none-embed/lib/rv32imafc/ilp32f\libm.a(lib_a-s_sin.o)
                              ./zf_device/zf_device_gps_tau1201.o (sin)
e:/mounriver/mounriver_studio/toolchain/risc-v embedded gcc/bin/../lib/gcc/riscv-none-embed/8.2.0/../../../../riscv-none-embed/lib/rv32imafc/ilp32f\libm.a(lib_a-sf_cos.o)
                              ./code/ellipsoid_fitting_process.o (cosf)
e:/mounriver/mounriver_studio/toolchain/risc-v embedded gcc/bin/../lib/gcc/riscv-none-embed/8.2.0/../../../../riscv-none-embed/lib/rv32imafc/ilp32f\libm.a(lib_a-sf_sin.o)
                              ./code/ellipsoid_fitting_process.o (sinf)
e:/mounriver/mounriver_studio/toolchain/risc-v embedded gcc/bin/../lib/gcc/riscv-none-embed/8.2.0/../../../../riscv-none-embed/lib/rv32imafc/ilp32f\libm.a(lib_a-sf_tan.o)
                              ./code/filter.o (tanf)
e:/mounriver/mounriver_studio/toolchain/risc-v embedded gcc/bin/../lib/gcc/riscv-none-embed/8.2.0/../../../../riscv-none-embed/lib/rv32imafc/ilp32f\libm.a(lib_a-w_asin.o)
                              ./zf_device/zf_device_gps_tau1201.o (asin)
e:/mounriver/mounriver_studio/toolchain/risc-v embedded gcc/bin/../lib/gcc/riscv-none-embed/8.2.0/../../../../riscv-none-embed/lib/rv32imafc/ilp32f\libm.a(lib_a-w_atan2.o)
                              ./zf_device/zf_device_gps_tau1201.o (atan2)
e:/mounriver/mounriver_studio/toolchain/risc-v embedded gcc/bin/../lib/gcc/riscv-none-embed/8.2.0/../../../../riscv-none-embed/lib/rv32imafc/ilp32f\libm.a(lib_a-w_pow.o)
                              ./zf_device/zf_device_gps_tau1201.o (pow)
e:/mounriver/mounriver_studio/toolchain/risc-v embedded gcc/bin/../lib/gcc/riscv-none-embed/8.2.0/../../../../riscv-none-embed/lib/rv32imafc/ilp32f\libm.a(lib_a-w_sqrt.o)
                              ./zf_device/zf_device_gps_tau1201.o (sqrt)
e:/mounriver/mounriver_studio/toolchain/risc-v embedded gcc/bin/../lib/gcc/riscv-none-embed/8.2.0/../../../../riscv-none-embed/lib/rv32imafc/ilp32f\libm.a(lib_a-wf_atan2.o)
                              ./code/ellipsoid_fitting_process.o (atan2f)
e:/mounriver/mounriver_studio/toolchain/risc-v embedded gcc/bin/../lib/gcc/riscv-none-embed/8.2.0/../../../../riscv-none-embed/lib/rv32imafc/ilp32f\libm.a(lib_a-e_asin.o)
                              e:/mounriver/mounriver_studio/toolchain/risc-v embedded gcc/bin/../lib/gcc/riscv-none-embed/8.2.0/../../../../riscv-none-embed/lib/rv32imafc/ilp32f\libm.a(lib_a-w_asin.o) (__ieee754_asin)
e:/mounriver/mounriver_studio/toolchain/risc-v embedded gcc/bin/../lib/gcc/riscv-none-embed/8.2.0/../../../../riscv-none-embed/lib/rv32imafc/ilp32f\libm.a(lib_a-e_atan2.o)
                              e:/mounriver/mounriver_studio/toolchain/risc-v embedded gcc/bin/../lib/gcc/riscv-none-embed/8.2.0/../../../../riscv-none-embed/lib/rv32imafc/ilp32f\libm.a(lib_a-w_atan2.o) (__ieee754_atan2)
e:/mounriver/mounriver_studio/toolchain/risc-v embedded gcc/bin/../lib/gcc/riscv-none-embed/8.2.0/../../../../riscv-none-embed/lib/rv32imafc/ilp32f\libm.a(lib_a-e_pow.o)
                              e:/mounriver/mounriver_studio/toolchain/risc-v embedded gcc/bin/../lib/gcc/riscv-none-embed/8.2.0/../../../../riscv-none-embed/lib/rv32imafc/ilp32f\libm.a(lib_a-w_pow.o) (__ieee754_pow)
e:/mounriver/mounriver_studio/toolchain/risc-v embedded gcc/bin/../lib/gcc/riscv-none-embed/8.2.0/../../../../riscv-none-embed/lib/rv32imafc/ilp32f\libm.a(lib_a-e_rem_pio2.o)
                              e:/mounriver/mounriver_studio/toolchain/risc-v embedded gcc/bin/../lib/gcc/riscv-none-embed/8.2.0/../../../../riscv-none-embed/lib/rv32imafc/ilp32f\libm.a(lib_a-s_cos.o) (__ieee754_rem_pio2)
e:/mounriver/mounriver_studio/toolchain/risc-v embedded gcc/bin/../lib/gcc/riscv-none-embed/8.2.0/../../../../riscv-none-embed/lib/rv32imafc/ilp32f\libm.a(lib_a-e_sqrt.o)
                              e:/mounriver/mounriver_studio/toolchain/risc-v embedded gcc/bin/../lib/gcc/riscv-none-embed/8.2.0/../../../../riscv-none-embed/lib/rv32imafc/ilp32f\libm.a(lib_a-w_sqrt.o) (__ieee754_sqrt)
e:/mounriver/mounriver_studio/toolchain/risc-v embedded gcc/bin/../lib/gcc/riscv-none-embed/8.2.0/../../../../riscv-none-embed/lib/rv32imafc/ilp32f\libm.a(lib_a-ef_atan2.o)
                              e:/mounriver/mounriver_studio/toolchain/risc-v embedded gcc/bin/../lib/gcc/riscv-none-embed/8.2.0/../../../../riscv-none-embed/lib/rv32imafc/ilp32f\libm.a(lib_a-wf_atan2.o) (__ieee754_atan2f)
[...]
Memory Configuration

Name             Origin             Length             Attributes
RAM              0x0000000020000000 0x0000000000010000 xrw
FLASH            0x0000000000000000 0x0000000000040000 xr
*default*        0x0000000000000000 0xffffffffffffffff

Linker script and memory map

LOAD ./zf_driver/zf_driver_adc.o
LOAD ./zf_driver/zf_driver_delay.o
LOAD ./zf_driver/zf_driver_dvp.o
LOAD ./zf_driver/zf_driver_encoder.o
LOAD ./zf_driver/zf_driver_exti.o
LOAD ./zf_driver/zf_driver_flash.o
LOAD ./zf_driver/zf_driver_gpio.o
LOAD ./zf_driver/zf_driver_iic.o
LOAD ./zf_driver/zf_driver_pit.o
LOAD ./zf_driver/zf_driver_pwm.o
LOAD ./zf_driver/zf_driver_soft_iic.o
LOAD ./zf_driver/zf_driver_soft_spi.o
LOAD ./zf_driver/zf_driver_spi.o
LOAD ./zf_driver/zf_driver_timer.o
LOAD ./zf_driver/zf_driver_uart.o
LOAD ./zf_driver/zf_driver_usb_cdc.o
LOAD ./zf_device/zf_device_absolute_encoder.o
LOAD ./zf_device/zf_device_aht20.o
LOAD ./zf_device/zf_device_bluetooth_ch9141.o
LOAD ./zf_device/zf_device_camera.o
LOAD ./zf_device/zf_device_dl1a.o
LOAD ./zf_device/zf_device_dm1xa.o
LOAD ./zf_device/zf_device_gps_tau1201.o
LOAD ./zf_device/zf_device_icm20602.o
LOAD ./zf_device/zf_device_imu660ra.o
LOAD ./zf_device/zf_device_imu963ra.o
LOAD ./zf_device/zf_device_ips114.o
LOAD ./zf_device/zf_device_ips200.o
LOAD ./zf_device/zf_device_k24c02.o
LOAD ./zf_device/zf_device_key.o
LOAD ./zf_device/zf_device_mpu6050.o
LOAD ./zf_device/zf_device_mt9v03x_dvp.o
LOAD ./zf_device/zf_device_oled.o
LOAD ./zf_device/zf_device_scc8660_dvp.o
LOAD ./zf_device/zf_device_tft180.o
LOAD ./zf_device/zf_device_type.o
LOAD ./zf_device/zf_device_virtual_oscilloscope.o
LOAD ./zf_device/zf_device_w25q32.o
LOAD ./zf_device/zf_device_wifi_uart.o
LOAD ./zf_device/zf_device_wireless_ch573.o
LOAD ./zf_device/zf_device_wireless_uart.o
LOAD ./zf_common/zf_common_clock.o
LOAD ./zf_common/zf_common_debug.o
LOAD ./zf_common/zf_common_fifo.o
LOAD ./zf_common/zf_common_font.o
LOAD ./zf_common/zf_common_function.o
LOAD ./zf_common/zf_common_interrupt.o
LOAD ./user_c/isr.o
LOAD ./user_c/main.o
LOAD ./sdk/Startup/startup_ch32v30x_D8C.o
LOAD ./sdk/Peripheral/ch32v30x_adc.o
LOAD ./sdk/Peripheral/ch32v30x_bkp.o
LOAD ./sdk/Peripheral/ch32v30x_can.o
LOAD ./sdk/Peripheral/ch32v30x_crc.o
LOAD ./sdk/Peripheral/ch32v30x_dac.o
LOAD ./sdk/Peripheral/ch32v30x_dbgmcu.o
LOAD ./sdk/Peripheral/ch32v30x_dma.o
LOAD ./sdk/Peripheral/ch32v30x_dvp.o
LOAD ./sdk/Peripheral/ch32v30x_eth.o
LOAD ./sdk/Peripheral/ch32v30x_exti.o
LOAD ./sdk/Peripheral/ch32v30x_flash.o
LOAD ./sdk/Peripheral/ch32v30x_fsmc.o
LOAD ./sdk/Peripheral/ch32v30x_gpio.o
LOAD ./sdk/Peripheral/ch32v30x_i2c.o
LOAD ./sdk/Peripheral/ch32v30x_iwdg.o
LOAD ./sdk/Peripheral/ch32v30x_opa.o
LOAD ./sdk/Peripheral/ch32v30x_pwr.o
LOAD ./sdk/Peripheral/ch32v30x_rcc.o
LOAD ./sdk/Peripheral/ch32v30x_rng.o
LOAD ./sdk/Peripheral/ch32v30x_rtc.o
LOAD ./sdk/Peripheral/ch32v30x_sdio.o
LOAD ./sdk/Peripheral/ch32v30x_spi.o
LOAD ./sdk/Peripheral/ch32v30x_tim.o
LOAD ./sdk/Peripheral/ch32v30x_usart.o
LOAD ./sdk/Peripheral/ch32v30x_usbotg_device.o
LOAD ./sdk/Peripheral/ch32v30x_wwdg.o
LOAD ./sdk/Core/core_riscv.o
LOAD ./code/complementary_filter.o
LOAD ./code/ctrl.o
LOAD ./code/ellipsoid_fitting_process.o
LOAD ./code/encoder.o
LOAD ./code/filter.o
LOAD ./code/imu.o
LOAD ./code/moto.o
LOAD ./code/my_math.o
LOAD ./code/pid.o
LOAD ./code/sendware.o
LOAD ./code/vofa.o
LOAD e:/mounriver/mounriver_studio/toolchain/risc-v embedded gcc/bin/../lib/gcc/riscv-none-embed/8.2.0/../../../../riscv-none-embed/lib/rv32imafc/ilp32f\libm.a
LOAD F:\bike\CH32-Bike-Overland\2.Firmware\1.CH32V307VCT6\libraries\zf_device\libzf_device_config.a
LOAD e:/mounriver/mounriver_studio/toolchain/risc-v embedded gcc/bin/../lib/gcc/riscv-none-embed/8.2.0/rv32imafc/ilp32f\libgcc.a
LOAD e:/mounriver/mounriver_studio/toolchain/risc-v embedded gcc/bin/../lib/gcc/riscv-none-embed/8.2.0/../../../../riscv-none-embed/lib/rv32imafc/ilp32f\libg_nano.a
LOAD e:/mounriver/mounriver_studio/toolchain/risc-v embedded gcc/bin/../lib/gcc/riscv-none-embed/8.2.0/../../../../riscv-none-embed/lib/rv32imafc/ilp32f\libc_nano.a
LOAD e:/mounriver/mounriver_studio/toolchain/risc-v embedded gcc/bin/../lib/gcc/riscv-none-embed/8.2.0/rv32imafc/ilp32f\libgcc.a
START GROUP
LOAD e:/mounriver/mounriver_studio/toolchain/risc-v embedded gcc/bin/../lib/gcc/riscv-none-embed/8.2.0/rv32imafc/ilp32f\libgcc.a
LOAD e:/mounriver/mounriver_studio/toolchain/risc-v embedded gcc/bin/../lib/gcc/riscv-none-embed/8.2.0/../../../../riscv-none-embed/lib/rv32imafc/ilp32f\libc_nano.a
LOAD e:/mounriver/mounriver_studio/toolchain/risc-v embedded gcc/bin/../lib/gcc/riscv-none-embed/8.2.0/../../../../riscv-none-embed/lib/rv32imafc/ilp32f\libnosys.a
END GROUP
START GROUP
LOAD e:/mounriver/mounriver_studio/toolchain/risc-v embedded gcc/bin/../lib/gcc/riscv-none-embed/8.2.0/rv32imafc/ilp32f\libgcc.a
LOAD e:/mounriver/mounriver_studio/toolchain/risc-v embedded gcc/bin/../lib/gcc/riscv-none-embed/8.2.0/../../../../riscv-none-embed/lib/rv32imafc/ilp32f\libc_nano.a
LOAD e:/mounriver/mounriver_studio/toolchain/risc-v embedded gcc/bin/../lib/gcc/riscv-none-embed/8.2.0/../../../../riscv-none-embed/lib/rv32imafc/ilp32f\libnosys.a
END GROUP
                0x0000000000000800                __stack_size = 0x800
                [!provide]                        PROVIDE (_stack_size = __stack_size)

.init           0x0000000000000000       0x38
                0x0000000000000000                _sinit = .
                0x0000000000000000                . = ALIGN (0x4)
 *(SORT_NONE(.init))
 .init          0x0000000000000000       0x38 ./sdk/Startup/startup_ch32v30x_D8C.o
                0x0000000000000000                _start
                0x0000000000000038                . = ALIGN (0x4)
                0x0000000000000038                _einit = .

.vector         0x0000000000000038      0x1c8
 *(.vector)
 .vector        0x0000000000000038      0x1a0 ./sdk/Startup/startup_ch32v30x_D8C.o
                0x0000000000000200                . = ALIGN (0x40)
 *fill*         0x00000000000001d8       0x28 

.text           0x0000000000000200    0x11aac
                0x0000000000000200                . = ALIGN (0x4)
 *(.text)
 .text          0x0000000000000200       0xa8 e:/mounriver/mounriver_studio/toolchain/risc-v embedded gcc/bin/../lib/gcc/riscv-none-embed/8.2.0/../../../../riscv-none-embed/lib/rv32imafc/ilp32f\libg_nano.a(lib_a-memset.o)
                0x0000000000000200                memset
 *(.text.*)
 .text.system_delay
                0x00000000000002a8       0x70 ./zf_driver/zf_driver_delay.o
                0x00000000000002a8                system_delay
 .text.encoder_get_count
                0x0000000000000318      0x14e ./zf_driver/zf_driver_encoder.o
                0x0000000000000318                encoder_get_count
 .text.encoder_clear_count
                0x0000000000000466       0x9a ./zf_driver/zf_driver_encoder.o
                0x0000000000000466                encoder_clear_count
 .text.encoder_dir_init
                0x0000000000000500      0x2ec ./zf_driver/zf_driver_encoder.o
                0x0000000000000500                encoder_dir_init
 .text.gpio_set_level
                0x00000000000007ec       0x78 ./zf_driver/zf_driver_gpio.o
                0x00000000000007ec                gpio_set_level
 .text.gpio_get_level
                0x0000000000000864       0x42 ./zf_driver/zf_driver_gpio.o
                0x0000000000000864                gpio_get_level
 .text.gpio_init
                0x00000000000008a6      0x15c ./zf_driver/zf_driver_gpio.o
                0x00000000000008a6                gpio_init
 .text.pit_init
                0x0000000000000a02      0x218 ./zf_driver/zf_driver_pit.o
                0x0000000000000a02                pit_init
 .text.pwm_set_duty
                0x0000000000000c1a      0x166 ./zf_driver/zf_driver_pwm.o
                0x0000000000000c1a                pwm_set_duty
 .text.pwm_init
                0x0000000000000d80      0x416 ./zf_driver/zf_driver_pwm.o
                0x0000000000000d80                pwm_init
 .text.spi_write_8bit_register
                0x0000000000001196       0xc4 ./zf_driver/zf_driver_spi.o
                0x0000000000001196                spi_write_8bit_register
 .text.spi_read_8bit_register
                0x000000000000125a       0xc2 ./zf_driver/zf_driver_spi.o
                0x000000000000125a                spi_read_8bit_register
 .text.spi_read_8bit_registers
                0x000000000000131c       0xe4 ./zf_driver/zf_driver_spi.o
                0x000000000000131c                spi_read_8bit_registers
 .text.spi_init
                0x0000000000001400      0x2f0 ./zf_driver/zf_driver_spi.o
                0x0000000000001400                spi_init
 .text.timer_funciton_check
                0x00000000000016f0       0x66 ./zf_driver/zf_driver_timer.o
                0x00000000000016f0                timer_funciton_check
 .text.timer_clock_enable
                0x0000000000001756       0xe2 ./zf_driver/zf_driver_timer.o
                0x0000000000001756                timer_clock_enable
 .text.uart_write_byte
                0x0000000000001838       0x56 ./zf_driver/zf_driver_uart.o
                0x0000000000001838                uart_write_byte
 .text.uart_write_string
                0x000000000000188e       0x60 ./zf_driver/zf_driver_uart.o
                0x000000000000188e                uart_write_string
 .text.uart_query_byte
                0x00000000000018ee       0x5e ./zf_driver/zf_driver_uart.o
                0x00000000000018ee                uart_query_byte
 .text.uart_init
                0x000000000000194c      0x5a6 ./zf_driver/zf_driver_uart.o
                0x000000000000194c                uart_init
 .text.gps_uart_callback
                0x0000000000001ef2      0x10a ./zf_device/zf_device_gps_tau1201.o
                0x0000000000001ef2                gps_uart_callback
 .text.icm20602_write_register
                0x0000000000001ffc       0x52 ./zf_device/zf_device_icm20602.o
 .text.icm20602_read_register
                0x000000000000204e       0x56 ./zf_device/zf_device_icm20602.o
 .text.icm20602_read_registers
                0x00000000000020a4       0x62 ./zf_device/zf_device_icm20602.o
 .text.icm20602_self_check
                0x0000000000002106       0x6c ./zf_device/zf_device_icm20602.o
 .text.icm20602_get_acc
                0x0000000000002172       0x80 ./zf_device/zf_device_icm20602.o
                0x0000000000002172                icm20602_get_acc
 .text.icm20602_get_gyro
                0x00000000000021f2       0x80 ./zf_device/zf_device_icm20602.o
                0x00000000000021f2                icm20602_get_gyro
 .text.icm20602_init
                0x0000000000002272      0x136 ./zf_device/zf_device_icm20602.o
                0x0000000000002272                icm20602_init
 .text.type_default_callback
                0x00000000000023a8        0xe ./zf_device/zf_device_type.o
 .text.clock_reset
                0x00000000000023b6       0x76 ./zf_common/zf_common_clock.o
 .text.clock_set_freq
                0x000000000000242c      0x1d8 ./zf_common/zf_common_clock.o
 .text.clock_init
                0x0000000000002604       0x2a ./zf_common/zf_common_clock.o
                0x0000000000002604                clock_init
 .text.__NOP    0x000000000000262e       0x10 ./zf_common/zf_common_debug.o
 .text.debug_delay
                0x000000000000263e       0x52 ./zf_common/zf_common_debug.o
 .text.debug_protective_handler
                0x0000000000002690        0xe ./zf_common/zf_common_debug.o
 .text.debug_uart_str_output
                0x000000000000269e       0x20 ./zf_common/zf_common_debug.o
 .text.debug_output
                0x00000000000026be      0x52c ./zf_common/zf_common_debug.o
 .text._write   0x0000000000002bea       0x7c ./zf_common/zf_common_debug.o
                0x0000000000002bea                _write
 .text.debug_assert_handler
                0x0000000000002c66       0x68 ./zf_common/zf_common_debug.o
                0x0000000000002c66                debug_assert_handler
 .text.debug_log_handler
                0x0000000000002cce       0x4e ./zf_common/zf_common_debug.o
                0x0000000000002cce                debug_log_handler
 .text.debug_output_struct_init
                0x0000000000002d1c       0x5a ./zf_common/zf_common_debug.o
                0x0000000000002d1c                debug_output_struct_init
 .text.debug_output_init
                0x0000000000002d76       0x88 ./zf_common/zf_common_debug.o
                0x0000000000002d76                debug_output_init
 .text.debug_init
                0x0000000000002dfe       0x46 ./zf_common/zf_common_debug.o
                0x0000000000002dfe                debug_init
 .text.fifo_head_offset
                0x0000000000002e44       0x4e ./zf_common/zf_common_fifo.o
 .text.fifo_end_offset
                0x0000000000002e92       0x4e ./zf_common/zf_common_fifo.o
 .text.fifo_clear
                0x0000000000002ee0       0xfe ./zf_common/zf_common_fifo.o
                0x0000000000002ee0                fifo_clear
 .text.fifo_used
                0x0000000000002fde       0x44 ./zf_common/zf_common_fifo.o
                0x0000000000002fde                fifo_used
 .text.fifo_write_buffer
                0x0000000000003022      0x2fc ./zf_common/zf_common_fifo.o
                0x0000000000003022                fifo_write_buffer
 .text.fifo_read_buffer
                0x000000000000331e      0x2e0 ./zf_common/zf_common_fifo.o
                0x000000000000331e                fifo_read_buffer
 .text.__enable_irq
                0x00000000000035fe       0x18 ./zf_common/zf_common_interrupt.o
 .text.__disable_irq
                0x0000000000003616       0x14 ./zf_common/zf_common_interrupt.o
 .text.NVIC_EnableIRQ
                0x000000000000362a       0x32 ./zf_common/zf_common_interrupt.o
 .text.NVIC_SetPriority
                0x000000000000365c       0x2a ./zf_common/zf_common_interrupt.o
 .text.interrupt_enable
                0x0000000000003686       0x1c ./zf_common/zf_common_interrupt.o
                0x0000000000003686                interrupt_enable
 .text.interrupt_set_priority
                0x00000000000036a2       0x28 ./zf_common/zf_common_interrupt.o
                0x00000000000036a2                interrupt_set_priority
 .text.interrupt_global_enable
                0x00000000000036ca       0x30 ./zf_common/zf_common_interrupt.o
                0x00000000000036ca                interrupt_global_enable
 .text.interrupt_global_disable
                0x00000000000036fa       0x2a ./zf_common/zf_common_interrupt.o
                0x00000000000036fa                interrupt_global_disable
 .text.interrupt_init
                0x0000000000003724       0x16 ./zf_common/zf_common_interrupt.o
                0x0000000000003724                interrupt_init
 .text.USART1_IRQHandler
                0x000000000000373a       0x84 ./user_c/isr.o
                0x000000000000373a                USART1_IRQHandler
 .text.USART2_IRQHandler
                0x00000000000037be       0x84 ./user_c/isr.o
                0x00000000000037be                USART2_IRQHandler
 .text.USART3_IRQHandler
                0x0000000000003842       0x84 ./user_c/isr.o
                0x0000000000003842                USART3_IRQHandler
 .text.UART4_IRQHandler
                0x00000000000038c6       0x84 ./user_c/isr.o
                0x00000000000038c6                UART4_IRQHandler
 .text.UART5_IRQHandler
                0x000000000000394a       0x86 ./user_c/isr.o
                0x000000000000394a                UART5_IRQHandler
 .text.UART6_IRQHandler
                0x00000000000039d0       0x84 ./user_c/isr.o
                0x00000000000039d0                UART6_IRQHandler
 .text.UART7_IRQHandler
                0x0000000000003a54       0x8a ./user_c/isr.o
                0x0000000000003a54                UART7_IRQHandler
 .text.UART8_IRQHandler
                0x0000000000003ade       0x80 ./user_c/isr.o
                0x0000000000003ade                UART8_IRQHandler
 .text.DVP_IRQHandler
                0x0000000000003b5e       0x94 ./user_c/isr.o
                0x0000000000003b5e                DVP_IRQHandler
 .text.EXTI0_IRQHandler
                0x0000000000003bf2       0x74 ./user_c/isr.o
                0x0000000000003bf2                EXTI0_IRQHandler
 .text.EXTI1_IRQHandler
                0x0000000000003c66       0x74 ./user_c/isr.o
                0x0000000000003c66                EXTI1_IRQHandler
 .text.EXTI2_IRQHandler
                0x0000000000003cda       0x74 ./user_c/isr.o
                0x0000000000003cda                EXTI2_IRQHandler
 .text.EXTI3_IRQHandler
                0x0000000000003d4e       0x74 ./user_c/isr.o
                0x0000000000003d4e                EXTI3_IRQHandler
 .text.EXTI4_IRQHandler
                0x0000000000003dc2       0x74 ./user_c/isr.o
                0x0000000000003dc2                EXTI4_IRQHandler
 .text.EXTI9_5_IRQHandler
                0x0000000000003e36       0xd8 ./user_c/isr.o
                0x0000000000003e36                EXTI9_5_IRQHandler
 .text.EXTI15_10_IRQHandler
                0x0000000000003f0e       0xdc ./user_c/isr.o
                0x0000000000003f0e                EXTI15_10_IRQHandler
 .text.TIM1_UP_IRQHandler
                0x0000000000003fea       0x84 ./user_c/isr.o
                0x0000000000003fea                TIM1_UP_IRQHandler
 .text.TIM2_IRQHandler
                0x000000000000406e       0x78 ./user_c/isr.o
                0x000000000000406e                TIM2_IRQHandler
 .text.TIM3_IRQHandler
                0x00000000000040e6       0x88 ./user_c/isr.o
                0x00000000000040e6                TIM3_IRQHandler
 .text.TIM4_IRQHandler
                0x000000000000416e       0x80 ./user_c/isr.o
                0x000000000000416e                TIM4_IRQHandler
 .text.TIM5_IRQHandler
                0x00000000000041ee       0x80 ./user_c/isr.o
                0x00000000000041ee                TIM5_IRQHandler
 .text.TIM6_IRQHandler
                0x000000000000426e       0x78 ./user_c/isr.o
                0x000000000000426e                TIM6_IRQHandler
 .text.TIM7_IRQHandler
                0x00000000000042e6       0x80 ./user_c/isr.o
                0x00000000000042e6                TIM7_IRQHandler
 .text.TIM8_UP_IRQHandler
                0x0000000000004366       0x80 ./user_c/isr.o
                0x0000000000004366                TIM8_UP_IRQHandler
 .text.TIM9_UP_IRQHandler
                0x00000000000043e6       0x80 ./user_c/isr.o
                0x00000000000043e6                TIM9_UP_IRQHandler
 .text.TIM10_UP_IRQHandler
                0x0000000000004466       0x78 ./user_c/isr.o
                0x0000000000004466                TIM10_UP_IRQHandler
 .text.NMI_Handler
                0x00000000000044de       0x10 ./user_c/isr.o
                0x00000000000044de                NMI_Handler
 .text.HardFault_Handler
                0x00000000000044ee        0x8 ./user_c/isr.o
                0x00000000000044ee                HardFault_Handler
 .text.main     0x00000000000044f6       0x5a ./user_c/main.o
                0x00000000000044f6                main
 .text.vector_handler
                0x0000000000004550       0xbe ./sdk/Startup/startup_ch32v30x_D8C.o
                0x0000000000004554                Ecall_M_Mode_Handler
                0x0000000000004556                Ecall_U_Mode_Handler
                0x0000000000004558                Break_Point_Handler
                0x000000000000455a                SysTick_Handler
                0x000000000000455c                SW_Handler
                0x000000000000455e                WWDG_IRQHandler
                0x0000000000004560                PVD_IRQHandler
                0x0000000000004562                TAMPER_IRQHandler
                0x0000000000004564                RTC_IRQHandler
                0x0000000000004566                FLASH_IRQHandler
                0x0000000000004568                RCC_IRQHandler
                0x0000000000004574                DMA1_Channel1_IRQHandler
                0x0000000000004576                DMA1_Channel2_IRQHandler
                0x0000000000004578                DMA1_Channel3_IRQHandler
                0x000000000000457a                DMA1_Channel4_IRQHandler
                0x000000000000457c                DMA1_Channel5_IRQHandler
                0x000000000000457e                DMA1_Channel6_IRQHandler
                0x0000000000004580                DMA1_Channel7_IRQHandler
                0x0000000000004582                ADC1_2_IRQHandler
                0x0000000000004584                USB_HP_CAN1_TX_IRQHandler
                0x0000000000004586                USB_LP_CAN1_RX0_IRQHandler
                0x0000000000004588                CAN1_RX1_IRQHandler
                0x000000000000458a                CAN1_SCE_IRQHandler
                0x000000000000458e                TIM1_BRK_IRQHandler
                0x0000000000004592                TIM1_TRG_COM_IRQHandler
                0x0000000000004594                TIM1_CC_IRQHandler
                0x000000000000459c                I2C1_EV_IRQHandler
                0x000000000000459e                I2C1_ER_IRQHandler
                0x00000000000045a0                I2C2_EV_IRQHandler
                0x00000000000045a2                I2C2_ER_IRQHandler
                0x00000000000045a4                SPI1_IRQHandler
                0x00000000000045a6                SPI2_IRQHandler
                0x00000000000045b0                RTCAlarm_IRQHandler
                0x00000000000045b2                USBWakeUp_IRQHandler
                0x00000000000045b4                TIM8_BRK_IRQHandler
                0x00000000000045b8                TIM8_TRG_COM_IRQHandler
                0x00000000000045ba                TIM8_CC_IRQHandler
                0x00000000000045bc                RNG_IRQHandler
                0x00000000000045be                FSMC_IRQHandler
                0x00000000000045c0                SDIO_IRQHandler
                0x00000000000045c4                SPI3_IRQHandler
                0x00000000000045ce                DMA2_Channel1_IRQHandler
                0x00000000000045d0                DMA2_Channel2_IRQHandler
                0x00000000000045d2                DMA2_Channel3_IRQHandler
                0x00000000000045d4                DMA2_Channel4_IRQHandler
                0x00000000000045d6                DMA2_Channel5_IRQHandler
                0x00000000000045d8                ETH_IRQHandler
                0x00000000000045da                ETH_WKUP_IRQHandler
                0x00000000000045dc                CAN2_TX_IRQHandler
                0x00000000000045de                CAN2_RX0_IRQHandler
                0x00000000000045e0                CAN2_RX1_IRQHandler
                0x00000000000045e2                CAN2_SCE_IRQHandler
                0x00000000000045e6                USBHSWakeup_IRQHandler
                0x00000000000045e8                USBHS_IRQHandler
                0x00000000000045f2                TIM9_BRK_IRQHandler
                0x00000000000045f6                TIM9_TRG_COM_IRQHandler
                0x00000000000045f8                TIM9_CC_IRQHandler
                0x00000000000045fa                TIM10_BRK_IRQHandler
                0x00000000000045fe                TIM10_TRG_COM_IRQHandler
                0x0000000000004600                TIM10_CC_IRQHandler
                0x0000000000004602                DMA2_Channel6_IRQHandler
                0x0000000000004604                DMA2_Channel7_IRQHandler
                0x0000000000004606                DMA2_Channel8_IRQHandler
                0x0000000000004608                DMA2_Channel9_IRQHandler
                0x000000000000460a                DMA2_Channel10_IRQHandler
                0x000000000000460c                DMA2_Channel11_IRQHandler
 .text.handle_reset
                0x000000000000460e       0x86 ./sdk/Startup/startup_ch32v30x_D8C.o
                0x000000000000460e                handle_reset
 .text.EXTI_GetITStatus
                0x0000000000004694       0x56 ./sdk/Peripheral/ch32v30x_exti.o
                0x0000000000004694                EXTI_GetITStatus
 .text.EXTI_ClearITPendingBit
                0x00000000000046ea       0x20 ./sdk/Peripheral/ch32v30x_exti.o
                0x00000000000046ea                EXTI_ClearITPendingBit
 .text.GPIO_Init
                0x000000000000470a      0x22a ./sdk/Peripheral/ch32v30x_gpio.o
                0x000000000000470a                GPIO_Init
 .text.GPIO_WriteBit
                0x0000000000004934       0x38 ./sdk/Peripheral/ch32v30x_gpio.o
                0x0000000000004934                GPIO_WriteBit
 .text.GPIO_PinRemapConfig
                0x000000000000496c      0x1c8 ./sdk/Peripheral/ch32v30x_gpio.o
                0x000000000000496c                GPIO_PinRemapConfig
 .text.RCC_GetClocksFreq
                0x0000000000004b34      0x2c6 ./sdk/Peripheral/ch32v30x_rcc.o
                0x0000000000004b34                RCC_GetClocksFreq
 .text.RCC_APB2PeriphClockCmd
                0x0000000000004dfa       0x46 ./sdk/Peripheral/ch32v30x_rcc.o
                0x0000000000004dfa                RCC_APB2PeriphClockCmd
 .text.RCC_APB1PeriphClockCmd
                0x0000000000004e40       0x46 ./sdk/Peripheral/ch32v30x_rcc.o
                0x0000000000004e40                RCC_APB1PeriphClockCmd
 .text.RCC_APB2PeriphResetCmd
                0x0000000000004e86       0x46 ./sdk/Peripheral/ch32v30x_rcc.o
                0x0000000000004e86                RCC_APB2PeriphResetCmd
 .text.RCC_APB1PeriphResetCmd
                0x0000000000004ecc       0x46 ./sdk/Peripheral/ch32v30x_rcc.o
                0x0000000000004ecc                RCC_APB1PeriphResetCmd
 .text.SPI_I2S_DeInit
                0x0000000000004f12       0x6a ./sdk/Peripheral/ch32v30x_spi.o
                0x0000000000004f12                SPI_I2S_DeInit
 .text.SPI_Init
                0x0000000000004f7c       0xf8 ./sdk/Peripheral/ch32v30x_spi.o
                0x0000000000004f7c                SPI_Init
 .text.SPI_Cmd  0x0000000000005074       0x5a ./sdk/Peripheral/ch32v30x_spi.o
                0x0000000000005074                SPI_Cmd
 .text.TIM_TimeBaseInit
                0x00000000000050ce      0x17e ./sdk/Peripheral/ch32v30x_tim.o
                0x00000000000050ce                TIM_TimeBaseInit
 .text.TIM_OC1Init
                0x000000000000524c      0x19c ./sdk/Peripheral/ch32v30x_tim.o
                0x000000000000524c                TIM_OC1Init
 .text.TIM_OC2Init
                0x00000000000053e8      0x1e2 ./sdk/Peripheral/ch32v30x_tim.o
                0x00000000000053e8                TIM_OC2Init
 .text.TIM_OC3Init
                0x00000000000055ca      0x1dc ./sdk/Peripheral/ch32v30x_tim.o
                0x00000000000055ca                TIM_OC3Init
 .text.TIM_OC4Init
                0x00000000000057a6      0x176 ./sdk/Peripheral/ch32v30x_tim.o
                0x00000000000057a6                TIM_OC4Init
 .text.TIM_TimeBaseStructInit
                0x000000000000591c       0x3c ./sdk/Peripheral/ch32v30x_tim.o
                0x000000000000591c                TIM_TimeBaseStructInit
 .text.TIM_Cmd  0x0000000000005958       0x58 ./sdk/Peripheral/ch32v30x_tim.o
                0x0000000000005958                TIM_Cmd
 .text.TIM_CtrlPWMOutputs
                0x00000000000059b0       0x60 ./sdk/Peripheral/ch32v30x_tim.o
                0x00000000000059b0                TIM_CtrlPWMOutputs
 .text.TIM_ITConfig
                0x0000000000005a10       0x70 ./sdk/Peripheral/ch32v30x_tim.o
                0x0000000000005a10                TIM_ITConfig
 .text.TIM_ITRxExternalClockConfig
                0x0000000000005a80       0x46 ./sdk/Peripheral/ch32v30x_tim.o
                0x0000000000005a80                TIM_ITRxExternalClockConfig
 .text.TIM_SelectInputTrigger
                0x0000000000005ac6       0x4e ./sdk/Peripheral/ch32v30x_tim.o
                0x0000000000005ac6                TIM_SelectInputTrigger
 .text.TIM_OC1PreloadConfig
                0x0000000000005b14       0x4c ./sdk/Peripheral/ch32v30x_tim.o
                0x0000000000005b14                TIM_OC1PreloadConfig
 .text.TIM_OC2PreloadConfig
                0x0000000000005b60       0x5a ./sdk/Peripheral/ch32v30x_tim.o
                0x0000000000005b60                TIM_OC2PreloadConfig
 .text.TIM_OC3PreloadConfig
                0x0000000000005bba       0x4c ./sdk/Peripheral/ch32v30x_tim.o
                0x0000000000005bba                TIM_OC3PreloadConfig
 .text.TIM_OC4PreloadConfig
                0x0000000000005c06       0x5a ./sdk/Peripheral/ch32v30x_tim.o
                0x0000000000005c06                TIM_OC4PreloadConfig
 .text.TIM_OC1FastConfig
                0x0000000000005c60       0x4c ./sdk/Peripheral/ch32v30x_tim.o
                0x0000000000005c60                TIM_OC1FastConfig
 .text.TIM_OC2FastConfig
                0x0000000000005cac       0x56 ./sdk/Peripheral/ch32v30x_tim.o
                0x0000000000005cac                TIM_OC2FastConfig
 .text.TIM_OC3FastConfig
                0x0000000000005d02       0x4c ./sdk/Peripheral/ch32v30x_tim.o
                0x0000000000005d02                TIM_OC3FastConfig
 .text.TIM_OC4FastConfig
                0x0000000000005d4e       0x56 ./sdk/Peripheral/ch32v30x_tim.o
                0x0000000000005d4e                TIM_OC4FastConfig
 .text.TIM_GetITStatus
                0x0000000000005da4       0x70 ./sdk/Peripheral/ch32v30x_tim.o
                0x0000000000005da4                TIM_GetITStatus
 .text.TIM_ClearITPendingBit
                0x0000000000005e14       0x2e ./sdk/Peripheral/ch32v30x_tim.o
                0x0000000000005e14                TIM_ClearITPendingBit
 .text.USART_Init
                0x0000000000005e42      0x234 ./sdk/Peripheral/ch32v30x_usart.o
                0x0000000000005e42                USART_Init
 .text.USART_Cmd
                0x0000000000006076       0x60 ./sdk/Peripheral/ch32v30x_usart.o
                0x0000000000006076                USART_Cmd
 .text.USART_SendData
                0x00000000000060d6       0x2e ./sdk/Peripheral/ch32v30x_usart.o
                0x00000000000060d6                USART_SendData
 .text.USART_GetFlagStatus
                0x0000000000006104       0x46 ./sdk/Peripheral/ch32v30x_usart.o
                0x0000000000006104                USART_GetFlagStatus
 .text.USART_GetITStatus
                0x000000000000614a      0x102 ./sdk/Peripheral/ch32v30x_usart.o
                0x000000000000614a                USART_GetITStatus
 .text.USART_ClearITPendingBit
                0x000000000000624c       0x4e ./sdk/Peripheral/ch32v30x_usart.o
                0x000000000000624c                USART_ClearITPendingBit
 .text.DevEP1_IN_Deal
                0x000000000000629a       0x3e ./sdk/Peripheral/ch32v30x_usbotg_device.o
                0x000000000000629a                DevEP1_IN_Deal
 .text.DevEP2_IN_Deal
                0x00000000000062d8       0x3e ./sdk/Peripheral/ch32v30x_usbotg_device.o
                0x00000000000062d8                DevEP2_IN_Deal
 .text.DevEP1_OUT_Deal
                0x0000000000006316       0x64 ./sdk/Peripheral/ch32v30x_usbotg_device.o
                0x0000000000006316                DevEP1_OUT_Deal
 .text.DevEP2_OUT_Deal
                0x000000000000637a       0x64 ./sdk/Peripheral/ch32v30x_usbotg_device.o
                0x000000000000637a                DevEP2_OUT_Deal
 .text.OTG_FS_IRQHandler
                0x00000000000063de      0xcd6 ./sdk/Peripheral/ch32v30x_usbotg_device.o
                0x00000000000063de                OTG_FS_IRQHandler
 .text.taskTimAllInit
                0x00000000000070b4       0x46 ./code/ctrl.o
                0x00000000000070b4                taskTimAllInit
 .text.IMUGetCalFun
                0x00000000000070fa       0x40 ./code/ctrl.o
                0x00000000000070fa                IMUGetCalFun
 .text.BackMotoControl
                0x000000000000713a       0x8e ./code/ctrl.o
                0x000000000000713a                BackMotoControl
 .text.FlyWheelControl
                0x00000000000071c8       0xd4 ./code/ctrl.o
                0x00000000000071c8                FlyWheelControl
 .text.encoderInit
                0x000000000000729c       0x32 ./code/encoder.o
                0x000000000000729c                encoderInit
 .text.Butterworth_Parameter_Init
                0x00000000000072ce       0xfc ./code/filter.o
                0x00000000000072ce                Butterworth_Parameter_Init
 .text.LPButterworth
                0x00000000000073ca       0xe8 ./code/filter.o
                0x00000000000073ca                LPButterworth
 .text.set_cutoff_frequency
                0x00000000000074b2      0x124 ./code/filter.o
                0x00000000000074b2                set_cutoff_frequency
 .text.steepest_descend
                0x00000000000075d6      0x292 ./code/filter.o
                0x00000000000075d6                steepest_descend
 .text.LPF_1    0x0000000000007868       0x74 ./code/filter.o
                0x0000000000007868                LPF_1
 .text.limit_filter
                0x00000000000078dc       0x98 ./code/filter.o
                0x00000000000078dc                limit_filter
 .text.IMU_Getdata
                0x0000000000007974      0x116 ./code/imu.o
                0x0000000000007974                IMU_Getdata
 .text.IMU_Offset
                0x0000000000007a8a      0x37c ./code/imu.o
                0x0000000000007a8a                IMU_Offset
 .text.Data_steepest
                0x0000000000007e06      0x142 ./code/imu.o
                0x0000000000007e06                Data_steepest
 .text.IMU_update
                0x0000000000007f48      0x814 ./code/imu.o
                0x0000000000007f48                IMU_update
 .text.motoInit
                0x000000000000875c       0x66 ./code/moto.o
                0x000000000000875c                motoInit
 .text.motoDutySet
                0x00000000000087c2       0xe4 ./code/moto.o
                0x00000000000087c2                motoDutySet
 .text.my_abs   0x00000000000088a6       0x30 ./code/my_math.o
                0x00000000000088a6                my_abs
 .text.fast_atan2
                0x00000000000088d6      0x238 ./code/my_math.o
                0x00000000000088d6                fast_atan2
 .text.my_sqrt  0x0000000000008b0e       0xbe ./code/my_math.o
                0x0000000000008b0e                my_sqrt
 .text.PID_Init
                0x0000000000008bcc       0x6e ./code/pid.o
                0x0000000000008bcc                PID_Init
 .text.abs_limit
                0x0000000000008c3a       0x56 ./code/pid.o
 .text.PID_Calculate
                0x0000000000008c90      0x2d2 ./code/pid.o
                0x0000000000008c90                PID_Calculate
 .text.pidAllInit
                0x0000000000008f62       0xd8 ./code/pid.o
                0x0000000000008f62                pidAllInit
 .text.tanf     0x000000000000903a       0x5a e:/mounriver/mounriver_studio/toolchain/risc-v embedded gcc/bin/../lib/gcc/riscv-none-embed/8.2.0/../../../../riscv-none-embed/lib/rv32imafc/ilp32f\libm.a(lib_a-sf_tan.o)
                0x000000000000903a                tanf
 .text.asin     0x0000000000009094       0xbe e:/mounriver/mounriver_studio/toolchain/risc-v embedded gcc/bin/../lib/gcc/riscv-none-embed/8.2.0/../../../../riscv-none-embed/lib/rv32imafc/ilp32f\libm.a(lib_a-w_asin.o)
                0x0000000000009094                asin
 .text.__ieee754_asin
                0x0000000000009152      0x466 e:/mounriver/mounriver_studio/toolchain/risc-v embedded gcc/bin/../lib/gcc/riscv-none-embed/8.2.0/../../../../riscv-none-embed/lib/rv32imafc/ilp32f\libm.a(lib_a-e_asin.o)
                0x0000000000009152                __ieee754_asin
 .text.__ieee754_sqrt
                0x00000000000095b8      0x1d6 e:/mounriver/mounriver_studio/toolchain/risc-v embedded gcc/bin/../lib/gcc/riscv-none-embed/8.2.0/../../../../riscv-none-embed/lib/rv32imafc/ilp32f\libm.a(lib_a-e_sqrt.o)
                0x00000000000095b8                __ieee754_sqrt
 .text.__ieee754_rem_pio2f
                0x000000000000978e      0x2b4 e:/mounriver/mounriver_studio/toolchain/risc-v embedded gcc/bin/../lib/gcc/riscv-none-embed/8.2.0/../../../../riscv-none-embed/lib/rv32imafc/ilp32f\libm.a(lib_a-ef_rem_pio2.o)
                0x000000000000978e                __ieee754_rem_pio2f
 .text.__kernel_rem_pio2f
                0x0000000000009a42      0x6f4 e:/mounriver/mounriver_studio/toolchain/risc-v embedded gcc/bin/../lib/gcc/riscv-none-embed/8.2.0/../../../../riscv-none-embed/lib/rv32imafc/ilp32f\libm.a(lib_a-kf_rem_pio2.o)
                0x0000000000009a42                __kernel_rem_pio2f
 .text.__kernel_tanf
                0x000000000000a136      0x218 e:/mounriver/mounriver_studio/toolchain/risc-v embedded gcc/bin/../lib/gcc/riscv-none-embed/8.2.0/../../../../riscv-none-embed/lib/rv32imafc/ilp32f\libm.a(lib_a-kf_tan.o)
                0x000000000000a136                __kernel_tanf
 .text.fabs     0x000000000000a34e        0x6 e:/mounriver/mounriver_studio/toolchain/risc-v embedded gcc/bin/../lib/gcc/riscv-none-embed/8.2.0/../../../../riscv-none-embed/lib/rv32imafc/ilp32f\libm.a(lib_a-s_fabs.o)
                0x000000000000a34e                fabs
 .text.matherr  0x000000000000a354        0x4 e:/mounriver/mounriver_studio/toolchain/risc-v embedded gcc/bin/../lib/gcc/riscv-none-embed/8.2.0/../../../../riscv-none-embed/lib/rv32imafc/ilp32f\libm.a(lib_a-s_matherr.o)
                0x000000000000a354                matherr
 .text.nan      0x000000000000a358        0xe e:/mounriver/mounriver_studio/toolchain/risc-v embedded gcc/bin/../lib/gcc/riscv-none-embed/8.2.0/../../../../riscv-none-embed/lib/rv32imafc/ilp32f\libm.a(lib_a-s_nan.o)
                0x000000000000a358                nan
 .text.fabsf    0x000000000000a366        0xe e:/mounriver/mounriver_studio/toolchain/risc-v embedded gcc/bin/../lib/gcc/riscv-none-embed/8.2.0/../../../../riscv-none-embed/lib/rv32imafc/ilp32f\libm.a(lib_a-sf_fabs.o)
                0x000000000000a366                fabsf
 .text.floorf   0x000000000000a374       0xb2 e:/mounriver/mounriver_studio/toolchain/risc-v embedded gcc/bin/../lib/gcc/riscv-none-embed/8.2.0/../../../../riscv-none-embed/lib/rv32imafc/ilp32f\libm.a(lib_a-sf_floor.o)
                0x000000000000a374                floorf
 .text.scalbnf  0x000000000000a426      0x100 e:/mounriver/mounriver_studio/toolchain/risc-v embedded gcc/bin/../lib/gcc/riscv-none-embed/8.2.0/../../../../riscv-none-embed/lib/rv32imafc/ilp32f\libm.a(lib_a-sf_scalbn.o)
                0x000000000000a426                scalbnf
 .text.copysignf
                0x000000000000a526       0x1c e:/mounriver/mounriver_studio/toolchain/risc-v embedded gcc/bin/../lib/gcc/riscv-none-embed/8.2.0/../../../../riscv-none-embed/lib/rv32imafc/ilp32f\libm.a(lib_a-sf_copysign.o)
                0x000000000000a526                copysignf
 .text.__divdi3
                0x000000000000a542      0x3d8 e:/mounriver/mounriver_studio/toolchain/risc-v embedded gcc/bin/../lib/gcc/riscv-none-embed/8.2.0/rv32imafc/ilp32f\libgcc.a(_divdi3.o)
                0x000000000000a542                __divdi3
 .text.__adddf3
                0x000000000000a91a      0xa0e e:/mounriver/mounriver_studio/toolchain/risc-v embedded gcc/bin/../lib/gcc/riscv-none-embed/8.2.0/rv32imafc/ilp32f\libgcc.a(adddf3.o)
                0x000000000000a91a                __adddf3
 .text.__divdf3
                0x000000000000b328      0x7ea e:/mounriver/mounriver_studio/toolchain/risc-v embedded gcc/bin/../lib/gcc/riscv-none-embed/8.2.0/rv32imafc/ilp32f\libgcc.a(divdf3.o)
                0x000000000000b328                __divdf3
 .text.__eqdf2  0x000000000000bb12       0x98 e:/mounriver/mounriver_studio/toolchain/risc-v embedded gcc/bin/../lib/gcc/riscv-none-embed/8.2.0/rv32imafc/ilp32f\libgcc.a(eqdf2.o)
                0x000000000000bb12                __nedf2
                0x000000000000bb12                __eqdf2
 .text.__gedf2  0x000000000000bbaa       0xb6 e:/mounriver/mounriver_studio/toolchain/risc-v embedded gcc/bin/../lib/gcc/riscv-none-embed/8.2.0/rv32imafc/ilp32f\libgcc.a(gedf2.o)
                0x000000000000bbaa                __gedf2
                0x000000000000bbaa                __gtdf2
 .text.__ledf2  0x000000000000bc60       0xb6 e:/mounriver/mounriver_studio/toolchain/risc-v embedded gcc/bin/../lib/gcc/riscv-none-embed/8.2.0/rv32imafc/ilp32f\libgcc.a(ledf2.o)
                0x000000000000bc60                __ledf2
                0x000000000000bc60                __ltdf2
 .text.__muldf3
                0x000000000000bd16      0x656 e:/mounriver/mounriver_studio/toolchain/risc-v embedded gcc/bin/../lib/gcc/riscv-none-embed/8.2.0/rv32imafc/ilp32f\libgcc.a(muldf3.o)
                0x000000000000bd16                __muldf3
 .text.__subdf3
                0x000000000000c36c      0xa8c e:/mounriver/mounriver_studio/toolchain/risc-v embedded gcc/bin/../lib/gcc/riscv-none-embed/8.2.0/rv32imafc/ilp32f\libgcc.a(subdf3.o)
                0x000000000000c36c                __subdf3
 .text.__unorddf2
                0x000000000000cdf8       0x7c e:/mounriver/mounriver_studio/toolchain/risc-v embedded gcc/bin/../lib/gcc/riscv-none-embed/8.2.0/rv32imafc/ilp32f\libgcc.a(unorddf2.o)
                0x000000000000cdf8                __unorddf2
 .text.__fixdfsi
                0x000000000000ce74       0xd8 e:/mounriver/mounriver_studio/toolchain/risc-v embedded gcc/bin/../lib/gcc/riscv-none-embed/8.2.0/rv32imafc/ilp32f\libgcc.a(fixdfsi.o)
                0x000000000000ce74                __fixdfsi
 .text.__floatsidf
                0x000000000000cf4c       0x70 e:/mounriver/mounriver_studio/toolchain/risc-v embedded gcc/bin/../lib/gcc/riscv-none-embed/8.2.0/rv32imafc/ilp32f\libgcc.a(floatsidf.o)
                0x000000000000cf4c                __floatsidf
 .text.__floatunsidf
                0x000000000000cfbc       0x66 e:/mounriver/mounriver_studio/toolchain/risc-v embedded gcc/bin/../lib/gcc/riscv-none-embed/8.2.0/rv32imafc/ilp32f\libgcc.a(floatunsidf.o)
                0x000000000000cfbc                __floatunsidf
 .text.__extendsfdf2
                0x000000000000d022       0xe8 e:/mounriver/mounriver_studio/toolchain/risc-v embedded gcc/bin/../lib/gcc/riscv-none-embed/8.2.0/rv32imafc/ilp32f\libgcc.a(extendsfdf2.o)
                0x000000000000d022                __extendsfdf2
 .text.__truncdfsf2
                0x000000000000d10a      0x31e e:/mounriver/mounriver_studio/toolchain/risc-v embedded gcc/bin/../lib/gcc/riscv-none-embed/8.2.0/rv32imafc/ilp32f\libgcc.a(truncdfsf2.o)
                0x000000000000d10a                __truncdfsf2
 .text.__clzsi2
                0x000000000000d428       0x76 e:/mounriver/mounriver_studio/toolchain/risc-v embedded gcc/bin/../lib/gcc/riscv-none-embed/8.2.0/rv32imafc/ilp32f\libgcc.a(_clzsi2.o)
                0x000000000000d428                __clzsi2
 .text.__errno  0x000000000000d49e        0x8 e:/mounriver/mounriver_studio/toolchain/risc-v embedded gcc/bin/../lib/gcc/riscv-none-embed/8.2.0/../../../../riscv-none-embed/lib/rv32imafc/ilp32f\libg_nano.a(lib_a-errno.o)
                0x000000000000d49e                __errno
 .text.memcpy   0x000000000000d4a6       0xb6 e:/mounriver/mounriver_studio/toolchain/risc-v embedded gcc/bin/../lib/gcc/riscv-none-embed/8.2.0/../../../../riscv-none-embed/lib/rv32imafc/ilp32f\libg_nano.a(lib_a-memcpy.o)
                0x000000000000d4a6                memcpy
 .text.__cvt    0x000000000000d55c       0xee e:/mounriver/mounriver_studio/toolchain/risc-v embedded gcc/bin/../lib/gcc/riscv-none-embed/8.2.0/../../../../riscv-none-embed/lib/rv32imafc/ilp32f\libg_nano.a(lib_a-nano-vfprintf_float.o)
                0x000000000000d55c                __cvt
 .text.__exponent
                0x000000000000d64a       0x8c e:/mounriver/mounriver_studio/toolchain/risc-v embedded gcc/bin/../lib/gcc/riscv-none-embed/8.2.0/../../../../riscv-none-embed/lib/rv32imafc/ilp32f\libg_nano.a(lib_a-nano-vfprintf_float.o)
                0x000000000000d64a                __exponent
 .text._printf_float
                0x000000000000d6d6      0x4c4 e:/mounriver/mounriver_studio/toolchain/risc-v embedded gcc/bin/../lib/gcc/riscv-none-embed/8.2.0/../../../../riscv-none-embed/lib/rv32imafc/ilp32f\libg_nano.a(lib_a-nano-vfprintf_float.o)
                0x000000000000d6d6                _printf_float
 .text._printf_common
                0x000000000000db9a      0x10c e:/mounriver/mounriver_studio/toolchain/risc-v embedded gcc/bin/../lib/gcc/riscv-none-embed/8.2.0/../../../../riscv-none-embed/lib/rv32imafc/ilp32f\libg_nano.a(lib_a-nano-vfprintf_i.o)
                0x000000000000db9a                _printf_common
 .text._printf_i
                0x000000000000dca6      0x2ac e:/mounriver/mounriver_studio/toolchain/risc-v embedded gcc/bin/../lib/gcc/riscv-none-embed/8.2.0/../../../../riscv-none-embed/lib/rv32imafc/ilp32f\libg_nano.a(lib_a-nano-vfprintf_i.o)
                0x000000000000dca6                _printf_i
 .text.printf   0x000000000000df52       0x42 e:/mounriver/mounriver_studio/toolchain/risc-v embedded gcc/bin/../lib/gcc/riscv-none-embed/8.2.0/../../../../riscv-none-embed/lib/rv32imafc/ilp32f\libg_nano.a(lib_a-printf.o)
                0x000000000000df52                iprintf
                0x000000000000df52                printf
 .text.sprintf  0x000000000000df94       0x46 e:/mounriver/mounriver_studio/toolchain/risc-v embedded gcc/bin/../lib/gcc/riscv-none-embed/8.2.0/../../../../riscv-none-embed/lib/rv32imafc/ilp32f\libg_nano.a(lib_a-sprintf.o)
                0x000000000000df94                siprintf
                0x000000000000df94                sprintf
 .text.strlen   0x000000000000dfda       0x12 e:/mounriver/mounriver_studio/toolchain/risc-v embedded gcc/bin/../lib/gcc/riscv-none-embed/8.2.0/../../../../riscv-none-embed/lib/rv32imafc/ilp32f\libg_nano.a(lib_a-strlen.o)
                0x000000000000dfda                strlen
 .text.strncmp  0x000000000000dfec       0x2c e:/mounriver/mounriver_studio/toolchain/risc-v embedded gcc/bin/../lib/gcc/riscv-none-embed/8.2.0/../../../../riscv-none-embed/lib/rv32imafc/ilp32f\libg_nano.a(lib_a-strncmp.o)
                0x000000000000dfec                strncmp
 .text.__swbuf_r
                0x000000000000e018       0xc6 e:/mounriver/mounriver_studio/toolchain/risc-v embedded gcc/bin/../lib/gcc/riscv-none-embed/8.2.0/../../../../riscv-none-embed/lib/rv32imafc/ilp32f\libg_nano.a(lib_a-wbuf.o)
                0x000000000000e018                __swbuf_r
 .text.__swsetup_r
                0x000000000000e0de      0x112 e:/mounriver/mounriver_studio/toolchain/risc-v embedded gcc/bin/../lib/gcc/riscv-none-embed/8.2.0/../../../../riscv-none-embed/lib/rv32imafc/ilp32f\libg_nano.a(lib_a-wsetup.o)
                0x000000000000e0de                __swsetup_r
 .text.quorem   0x000000000000e1f0      0x13a e:/mounriver/mounriver_studio/toolchain/risc-v embedded gcc/bin/../lib/gcc/riscv-none-embed/8.2.0/../../../../riscv-none-embed/lib/rv32imafc/ilp32f\libg_nano.a(lib_a-dtoa.o)
 .text._dtoa_r  0x000000000000e32a      0xc02 e:/mounriver/mounriver_studio/toolchain/risc-v embedded gcc/bin/../lib/gcc/riscv-none-embed/8.2.0/../../../../riscv-none-embed/lib/rv32imafc/ilp32f\libg_nano.a(lib_a-dtoa.o)
                0x000000000000e32a                _dtoa_r
 .text.__sflush_r
                0x000000000000ef2c      0x13e e:/mounriver/mounriver_studio/toolchain/risc-v embedded gcc/bin/../lib/gcc/riscv-none-embed/8.2.0/../../../../riscv-none-embed/lib/rv32imafc/ilp32f\libg_nano.a(lib_a-fflush.o)
                0x000000000000ef2c                __sflush_r
 .text._fflush_r
                0x000000000000f06a       0x66 e:/mounriver/mounriver_studio/toolchain/risc-v embedded gcc/bin/../lib/gcc/riscv-none-embed/8.2.0/../../../../riscv-none-embed/lib/rv32imafc/ilp32f\libg_nano.a(lib_a-fflush.o)
                0x000000000000f06a                _fflush_r
 .text.std      0x000000000000f0d0       0x6a e:/mounriver/mounriver_studio/toolchain/risc-v embedded gcc/bin/../lib/gcc/riscv-none-embed/8.2.0/../../../../riscv-none-embed/lib/rv32imafc/ilp32f\libg_nano.a(lib_a-findfp.o)
 .text._cleanup_r
                0x000000000000f13a        0xa e:/mounriver/mounriver_studio/toolchain/risc-v embedded gcc/bin/../lib/gcc/riscv-none-embed/8.2.0/../../../../riscv-none-embed/lib/rv32imafc/ilp32f\libg_nano.a(lib_a-findfp.o)
                0x000000000000f13a                _cleanup_r
 .text.__sfmoreglue
                0x000000000000f144       0x48 e:/mounriver/mounriver_studio/toolchain/risc-v embedded gcc/bin/../lib/gcc/riscv-none-embed/8.2.0/../../../../riscv-none-embed/lib/rv32imafc/ilp32f\libg_nano.a(lib_a-findfp.o)
                0x000000000000f144                __sfmoreglue
 .text.__sinit  0x000000000000f18c       0x6c e:/mounriver/mounriver_studio/toolchain/risc-v embedded gcc/bin/../lib/gcc/riscv-none-embed/8.2.0/../../../../riscv-none-embed/lib/rv32imafc/ilp32f\libg_nano.a(lib_a-findfp.o)
                0x000000000000f18c                __sinit
 .text.__sfp    0x000000000000f1f8       0xa0 e:/mounriver/mounriver_studio/toolchain/risc-v embedded gcc/bin/../lib/gcc/riscv-none-embed/8.2.0/../../../../riscv-none-embed/lib/rv32imafc/ilp32f\libg_nano.a(lib_a-findfp.o)
                0x000000000000f1f8                __sfp
 .text._fwalk_reent
                0x000000000000f298       0x6c e:/mounriver/mounriver_studio/toolchain/risc-v embedded gcc/bin/../lib/gcc/riscv-none-embed/8.2.0/../../../../riscv-none-embed/lib/rv32imafc/ilp32f\libg_nano.a(lib_a-fwalk.o)
                0x000000000000f298                _fwalk_reent
 .text._localeconv_r
                0x000000000000f304       0x18 e:/mounriver/mounriver_studio/toolchain/risc-v embedded gcc/bin/../lib/gcc/riscv-none-embed/8.2.0/../../../../riscv-none-embed/lib/rv32imafc/ilp32f\libg_nano.a(lib_a-localeconv.o)
                0x000000000000f304                _localeconv_r
 .text.__swhatbuf_r
                0x000000000000f31c       0x5a e:/mounriver/mounriver_studio/toolchain/risc-v embedded gcc/bin/../lib/gcc/riscv-none-embed/8.2.0/../../../../riscv-none-embed/lib/rv32imafc/ilp32f\libg_nano.a(lib_a-makebuf.o)
                0x000000000000f31c                __swhatbuf_r
 .text.__smakebuf_r
                0x000000000000f376       0xa2 e:/mounriver/mounriver_studio/toolchain/risc-v embedded gcc/bin/../lib/gcc/riscv-none-embed/8.2.0/../../../../riscv-none-embed/lib/rv32imafc/ilp32f\libg_nano.a(lib_a-makebuf.o)
                0x000000000000f376                __smakebuf_r
 .text.malloc   0x000000000000f418        0xc e:/mounriver/mounriver_studio/toolchain/risc-v embedded gcc/bin/../lib/gcc/riscv-none-embed/8.2.0/../../../../riscv-none-embed/lib/rv32imafc/ilp32f\libg_nano.a(lib_a-malloc.o)
                0x000000000000f418                malloc
 .text.memchr   0x000000000000f424       0x1a e:/mounriver/mounriver_studio/toolchain/risc-v embedded gcc/bin/../lib/gcc/riscv-none-embed/8.2.0/../../../../riscv-none-embed/lib/rv32imafc/ilp32f\libg_nano.a(lib_a-memchr.o)
                0x000000000000f424                memchr
 .text._Balloc  0x000000000000f43e       0x88 e:/mounriver/mounriver_studio/toolchain/risc-v embedded gcc/bin/../lib/gcc/riscv-none-embed/8.2.0/../../../../riscv-none-embed/lib/rv32imafc/ilp32f\libg_nano.a(lib_a-mprec.o)
                0x000000000000f43e                _Balloc
 .text._Bfree   0x000000000000f4c6       0x44 e:/mounriver/mounriver_studio/toolchain/risc-v embedded gcc/bin/../lib/gcc/riscv-none-embed/8.2.0/../../../../riscv-none-embed/lib/rv32imafc/ilp32f\libg_nano.a(lib_a-mprec.o)
                0x000000000000f4c6                _Bfree
 .text.__multadd
                0x000000000000f50a       0x98 e:/mounriver/mounriver_studio/toolchain/risc-v embedded gcc/bin/../lib/gcc/riscv-none-embed/8.2.0/../../../../riscv-none-embed/lib/rv32imafc/ilp32f\libg_nano.a(lib_a-mprec.o)
                0x000000000000f50a                __multadd
 .text.__hi0bits
                0x000000000000f5a2       0x46 e:/mounriver/mounriver_studio/toolchain/risc-v embedded gcc/bin/../lib/gcc/riscv-none-embed/8.2.0/../../../../riscv-none-embed/lib/rv32imafc/ilp32f\libg_nano.a(lib_a-mprec.o)
                0x000000000000f5a2                __hi0bits
 .text.__lo0bits
                0x000000000000f5e8       0x6a e:/mounriver/mounriver_studio/toolchain/risc-v embedded gcc/bin/../lib/gcc/riscv-none-embed/8.2.0/../../../../riscv-none-embed/lib/rv32imafc/ilp32f\libg_nano.a(lib_a-mprec.o)
                0x000000000000f5e8                __lo0bits
 .text.__i2b    0x000000000000f652       0x1c e:/mounriver/mounriver_studio/toolchain/risc-v embedded gcc/bin/../lib/gcc/riscv-none-embed/8.2.0/../../../../riscv-none-embed/lib/rv32imafc/ilp32f\libg_nano.a(lib_a-mprec.o)
                0x000000000000f652                __i2b
 .text.__multiply
                0x000000000000f66e      0x144 e:/mounriver/mounriver_studio/toolchain/risc-v embedded gcc/bin/../lib/gcc/riscv-none-embed/8.2.0/../../../../riscv-none-embed/lib/rv32imafc/ilp32f\libg_nano.a(lib_a-mprec.o)
                0x000000000000f66e                __multiply
 .text.__pow5mult
                0x000000000000f7b2       0xbe e:/mounriver/mounriver_studio/toolchain/risc-v embedded gcc/bin/../lib/gcc/riscv-none-embed/8.2.0/../../../../riscv-none-embed/lib/rv32imafc/ilp32f\libg_nano.a(lib_a-mprec.o)
                0x000000000000f7b2                __pow5mult
 .text.__lshift
                0x000000000000f870       0xce e:/mounriver/mounriver_studio/toolchain/risc-v embedded gcc/bin/../lib/gcc/riscv-none-embed/8.2.0/../../../../riscv-none-embed/lib/rv32imafc/ilp32f\libg_nano.a(lib_a-mprec.o)
                0x000000000000f870                __lshift
 .text.__mcmp   0x000000000000f93e       0x32 e:/mounriver/mounriver_studio/toolchain/risc-v embedded gcc/bin/../lib/gcc/riscv-none-embed/8.2.0/../../../../riscv-none-embed/lib/rv32imafc/ilp32f\libg_nano.a(lib_a-mprec.o)
                0x000000000000f93e                __mcmp
 .text.__mdiff  0x000000000000f970       0xf2 e:/mounriver/mounriver_studio/toolchain/risc-v embedded gcc/bin/../lib/gcc/riscv-none-embed/8.2.0/../../../../riscv-none-embed/lib/rv32imafc/ilp32f\libg_nano.a(lib_a-mprec.o)
                0x000000000000f970                __mdiff
 .text.__d2b    0x000000000000fa62       0xd4 e:/mounriver/mounriver_studio/toolchain/risc-v embedded gcc/bin/../lib/gcc/riscv-none-embed/8.2.0/../../../../riscv-none-embed/lib/rv32imafc/ilp32f\libg_nano.a(lib_a-mprec.o)
                0x000000000000fa62                __d2b
 .text._calloc_r
                0x000000000000fb36       0x26 e:/mounriver/mounriver_studio/toolchain/risc-v embedded gcc/bin/../lib/gcc/riscv-none-embed/8.2.0/../../../../riscv-none-embed/lib/rv32imafc/ilp32f\libg_nano.a(lib_a-nano-callocr.o)
                0x000000000000fb36                _calloc_r
 .text._free_r  0x000000000000fb5c       0xa8 e:/mounriver/mounriver_studio/toolchain/risc-v embedded gcc/bin/../lib/gcc/riscv-none-embed/8.2.0/../../../../riscv-none-embed/lib/rv32imafc/ilp32f\libg_nano.a(lib_a-nano-freer.o)
                0x000000000000fb5c                _free_r
 .text._malloc_r
                0x000000000000fc04       0xd4 e:/mounriver/mounriver_studio/toolchain/risc-v embedded gcc/bin/../lib/gcc/riscv-none-embed/8.2.0/../../../../riscv-none-embed/lib/rv32imafc/ilp32f\libg_nano.a(lib_a-nano-mallocr.o)
                0x000000000000fc04                _malloc_r
 .text.__ssputs_r
                0x000000000000fcd8       0xee e:/mounriver/mounriver_studio/toolchain/risc-v embedded gcc/bin/../lib/gcc/riscv-none-embed/8.2.0/../../../../riscv-none-embed/lib/rv32imafc/ilp32f\libg_nano.a(lib_a-nano-svfprintf.o)
                0x000000000000fcd8                __ssputs_r
 .text._svfprintf_r
                0x000000000000fdc6      0x27e e:/mounriver/mounriver_studio/toolchain/risc-v embedded gcc/bin/../lib/gcc/riscv-none-embed/8.2.0/../../../../riscv-none-embed/lib/rv32imafc/ilp32f\libg_nano.a(lib_a-nano-svfprintf.o)
                0x000000000000fdc6                _svfiprintf_r
                0x000000000000fdc6                _svfprintf_r
 .text.__sfputc_r
                0x0000000000010044       0x2a e:/mounriver/mounriver_studio/toolchain/risc-v embedded gcc/bin/../lib/gcc/riscv-none-embed/8.2.0/../../../../riscv-none-embed/lib/rv32imafc/ilp32f\libg_nano.a(lib_a-nano-vfprintf.o)
 .text.__sfputs_r
                0x000000000001006e       0x44 e:/mounriver/mounriver_studio/toolchain/risc-v embedded gcc/bin/../lib/gcc/riscv-none-embed/8.2.0/../../../../riscv-none-embed/lib/rv32imafc/ilp32f\libg_nano.a(lib_a-nano-vfprintf.o)
                0x000000000001006e                __sfputs_r
 .text._vfprintf_r
                0x00000000000100b2      0x2a0 e:/mounriver/mounriver_studio/toolchain/risc-v embedded gcc/bin/../lib/gcc/riscv-none-embed/8.2.0/../../../../riscv-none-embed/lib/rv32imafc/ilp32f\libg_nano.a(lib_a-nano-vfprintf.o)
                0x00000000000100b2                _vfprintf_r
                0x00000000000100b2                _vfiprintf_r
 .text._sbrk_r  0x0000000000010352       0x28 e:/mounriver/mounriver_studio/toolchain/risc-v embedded gcc/bin/../lib/gcc/riscv-none-embed/8.2.0/../../../../riscv-none-embed/lib/rv32imafc/ilp32f\libg_nano.a(lib_a-sbrkr.o)
                0x0000000000010352                _sbrk_r
 .text.__sread  0x000000000001037a       0x30 e:/mounriver/mounriver_studio/toolchain/risc-v embedded gcc/bin/../lib/gcc/riscv-none-embed/8.2.0/../../../../riscv-none-embed/lib/rv32imafc/ilp32f\libg_nano.a(lib_a-stdio.o)
                0x000000000001037a                __sread
 .text.__swrite
                0x00000000000103aa       0x4e e:/mounriver/mounriver_studio/toolchain/risc-v embedded gcc/bin/../lib/gcc/riscv-none-embed/8.2.0/../../../../riscv-none-embed/lib/rv32imafc/ilp32f\libg_nano.a(lib_a-stdio.o)
                0x00000000000103aa                __swrite
 .text.__sseek  0x00000000000103f8       0x36 e:/mounriver/mounriver_studio/toolchain/risc-v embedded gcc/bin/../lib/gcc/riscv-none-embed/8.2.0/../../../../riscv-none-embed/lib/rv32imafc/ilp32f\libg_nano.a(lib_a-stdio.o)
                0x00000000000103f8                __sseek
 .text.__sclose
                0x000000000001042e        0x6 e:/mounriver/mounriver_studio/toolchain/risc-v embedded gcc/bin/../lib/gcc/riscv-none-embed/8.2.0/../../../../riscv-none-embed/lib/rv32imafc/ilp32f\libg_nano.a(lib_a-stdio.o)
                0x000000000001042e                __sclose
 .text._write_r
                0x0000000000010434       0x2e e:/mounriver/mounriver_studio/toolchain/risc-v embedded gcc/bin/../lib/gcc/riscv-none-embed/8.2.0/../../../../riscv-none-embed/lib/rv32imafc/ilp32f\libg_nano.a(lib_a-writer.o)
                0x0000000000010434                _write_r
 .text._close_r
                0x0000000000010462       0x28 e:/mounriver/mounriver_studio/toolchain/risc-v embedded gcc/bin/../lib/gcc/riscv-none-embed/8.2.0/../../../../riscv-none-embed/lib/rv32imafc/ilp32f\libg_nano.a(lib_a-closer.o)
                0x0000000000010462                _close_r
 .text._fstat_r
                0x000000000001048a       0x2a e:/mounriver/mounriver_studio/toolchain/risc-v embedded gcc/bin/../lib/gcc/riscv-none-embed/8.2.0/../../../../riscv-none-embed/lib/rv32imafc/ilp32f\libg_nano.a(lib_a-fstatr.o)
                0x000000000001048a                _fstat_r
 .text._isatty_r
                0x00000000000104b4       0x28 e:/mounriver/mounriver_studio/toolchain/risc-v embedded gcc/bin/../lib/gcc/riscv-none-embed/8.2.0/../../../../riscv-none-embed/lib/rv32imafc/ilp32f\libg_nano.a(lib_a-isattyr.o)
                0x00000000000104b4                _isatty_r
 .text._lseek_r
                0x00000000000104dc       0x2c e:/mounriver/mounriver_studio/toolchain/risc-v embedded gcc/bin/../lib/gcc/riscv-none-embed/8.2.0/../../../../riscv-none-embed/lib/rv32imafc/ilp32f\libg_nano.a(lib_a-lseekr.o)
                0x00000000000104dc                _lseek_r
 .text.__ascii_mbtowc
                0x0000000000010508       0x3a e:/mounriver/mounriver_studio/toolchain/risc-v embedded gcc/bin/../lib/gcc/riscv-none-embed/8.2.0/../../../../riscv-none-embed/lib/rv32imafc/ilp32f\libg_nano.a(lib_a-mbtowc_r.o)
                0x0000000000010508                __ascii_mbtowc
 .text.memmove  0x0000000000010542       0x4a e:/mounriver/mounriver_studio/toolchain/risc-v embedded gcc/bin/../lib/gcc/riscv-none-embed/8.2.0/../../../../riscv-none-embed/lib/rv32imafc/ilp32f\libg_nano.a(lib_a-memmove.o)
                0x0000000000010542                memmove
 .text.__malloc_lock
                0x000000000001058c        0x2 e:/mounriver/mounriver_studio/toolchain/risc-v embedded gcc/bin/../lib/gcc/riscv-none-embed/8.2.0/../../../../riscv-none-embed/lib/rv32imafc/ilp32f\libg_nano.a(lib_a-mlock.o)
                0x000000000001058c                __malloc_lock
 .text.__malloc_unlock
                0x000000000001058e        0x2 e:/mounriver/mounriver_studio/toolchain/risc-v embedded gcc/bin/../lib/gcc/riscv-none-embed/8.2.0/../../../../riscv-none-embed/lib/rv32imafc/ilp32f\libg_nano.a(lib_a-mlock.o)
                0x000000000001058e                __malloc_unlock
 .text._realloc_r
                0x0000000000010590       0x58 e:/mounriver/mounriver_studio/toolchain/risc-v embedded gcc/bin/../lib/gcc/riscv-none-embed/8.2.0/../../../../riscv-none-embed/lib/rv32imafc/ilp32f\libg_nano.a(lib_a-nano-reallocr.o)
                0x0000000000010590                _realloc_r
 .text._read_r  0x00000000000105e8       0x2c e:/mounriver/mounriver_studio/toolchain/risc-v embedded gcc/bin/../lib/gcc/riscv-none-embed/8.2.0/../../../../riscv-none-embed/lib/rv32imafc/ilp32f\libg_nano.a(lib_a-readr.o)
                0x00000000000105e8                _read_r
 .text.__ascii_wctomb
                0x0000000000010614       0x20 e:/mounriver/mounriver_studio/toolchain/risc-v embedded gcc/bin/../lib/gcc/riscv-none-embed/8.2.0/../../../../riscv-none-embed/lib/rv32imafc/ilp32f\libg_nano.a(lib_a-wctomb_r.o)
                0x0000000000010614                __ascii_wctomb
 .text._malloc_usable_size_r
                0x0000000000010634       0x14 e:/mounriver/mounriver_studio/toolchain/risc-v embedded gcc/bin/../lib/gcc/riscv-none-embed/8.2.0/../../../../riscv-none-embed/lib/rv32imafc/ilp32f\libg_nano.a(lib_a-nano-msizer.o)
                0x0000000000010634                _malloc_usable_size_r
 .text.__trunctfdf2
                0x0000000000010648      0x3d0 e:/mounriver/mounriver_studio/toolchain/risc-v embedded gcc/bin/../lib/gcc/riscv-none-embed/8.2.0/rv32imafc/ilp32f\libgcc.a(trunctfdf2.o)
                0x0000000000010648                __trunctfdf2
 .text._close   0x0000000000010a18        0xc e:/mounriver/mounriver_studio/toolchain/risc-v embedded gcc/bin/../lib/gcc/riscv-none-embed/8.2.0/../../../../riscv-none-embed/lib/rv32imafc/ilp32f\libnosys.a(close.o)
                0x0000000000010a18                _close
 .text._fstat   0x0000000000010a24        0xc e:/mounriver/mounriver_studio/toolchain/risc-v embedded gcc/bin/../lib/gcc/riscv-none-embed/8.2.0/../../../../riscv-none-embed/lib/rv32imafc/ilp32f\libnosys.a(fstat.o)
                0x0000000000010a24                _fstat
 .text._isatty  0x0000000000010a30        0xc e:/mounriver/mounriver_studio/toolchain/risc-v embedded gcc/bin/../lib/gcc/riscv-none-embed/8.2.0/../../../../riscv-none-embed/lib/rv32imafc/ilp32f\libnosys.a(isatty.o)
                0x0000000000010a30                _isatty
 .text._lseek   0x0000000000010a3c        0xc e:/mounriver/mounriver_studio/toolchain/risc-v embedded gcc/bin/../lib/gcc/riscv-none-embed/8.2.0/../../../../riscv-none-embed/lib/rv32imafc/ilp32f\libnosys.a(lseek.o)
                0x0000000000010a3c                _lseek
 .text._read    0x0000000000010a48        0xc e:/mounriver/mounriver_studio/toolchain/risc-v embedded gcc/bin/../lib/gcc/riscv-none-embed/8.2.0/../../../../riscv-none-embed/lib/rv32imafc/ilp32f\libnosys.a(read.o)
                0x0000000000010a48                _read
 .text._sbrk    0x0000000000010a54       0x20 e:/mounriver/mounriver_studio/toolchain/risc-v embedded gcc/bin/../lib/gcc/riscv-none-embed/8.2.0/../../../../riscv-none-embed/lib/rv32imafc/ilp32f\libnosys.a(sbrk.o)
                0x0000000000010a54                _sbrk
 *(.rodata)
 .rodata        0x0000000000010a74       0x5d ./zf_driver/zf_driver_encoder.o
 *fill*         0x0000000000010ad1        0x3 
 .rodata        0x0000000000010ad4       0x81 ./zf_driver/zf_driver_pit.o
 *fill*         0x0000000000010b55        0x3 
 .rodata        0x0000000000010b58       0x59 ./zf_driver/zf_driver_pwm.o
 *fill*         0x0000000000010bb1        0x3 
 .rodata        0x0000000000010bb4       0x59 ./zf_driver/zf_driver_spi.o
 *fill*         0x0000000000010c0d        0x3 
 .rodata        0x0000000000010c10       0x5a ./zf_driver/zf_driver_uart.o
 *fill*         0x0000000000010c6a        0x6 
 .rodata        0x0000000000010c70       0xf0 ./zf_device/zf_device_gps_tau1201.o
 .rodata        0x0000000000010d60       0x9c ./zf_device/zf_device_icm20602.o
 .rodata        0x0000000000010dfc       0x78 ./zf_common/zf_common_debug.o
 .rodata        0x0000000000010e74       0x5a ./zf_common/zf_common_fifo.o
 *fill*         0x0000000000010ece        0x2 
 .rodata        0x0000000000010ed0        0x4 ./user_c/main.o
 .rodata        0x0000000000010ed4       0x41 ./sdk/Peripheral/ch32v30x_usbotg_device.o
 *fill*         0x0000000000010f15        0x3 
 .rodata        0x0000000000010f18       0x3c ./code/ctrl.o
 *fill*         0x0000000000010f54        0x4 
 .rodata        0x0000000000010f58       0x54 ./code/filter.o
 *fill*         0x0000000000010fac        0x4 
 .rodata        0x0000000000010fb0       0x38 ./code/imu.o
 .rodata        0x0000000000010fe8       0x94 ./code/my_math.o
 .rodata        0x000000000001107c       0x28 ./code/pid.o
 *(.rodata*)
 .rodata.encoder_get_count
                0x00000000000110a4       0x28 ./zf_driver/zf_driver_encoder.o
 .rodata.encoder_clear_count
                0x00000000000110cc       0x28 ./zf_driver/zf_driver_encoder.o
 .rodata.encoder_dir_init
                0x00000000000110f4       0x28 ./zf_driver/zf_driver_encoder.o
 .rodata.pit_init
                0x000000000001111c       0x28 ./zf_driver/zf_driver_pit.o
 .rodata.pwm_set_duty
                0x0000000000011144       0x28 ./zf_driver/zf_driver_pwm.o
 .rodata.pwm_init
                0x000000000001116c       0x28 ./zf_driver/zf_driver_pwm.o
 .rodata.spi_index
                0x0000000000011194        0xc ./zf_driver/zf_driver_spi.o
                0x0000000000011194                spi_index
 .rodata.uart_index
                0x00000000000111a0       0x20 ./zf_driver/zf_driver_uart.o
                0x00000000000111a0                uart_index
 .rodata.MyDevDescrHD
                0x00000000000111c0       0x12 ./sdk/Peripheral/ch32v30x_usbotg_device.o
                0x00000000000111c0                MyDevDescrHD
 *fill*         0x00000000000111d2        0x2 
 .rodata.MyCfgDescrHD
                0x00000000000111d4       0x43 ./sdk/Peripheral/ch32v30x_usbotg_device.o
                0x00000000000111d4                MyCfgDescrHD
 *fill*         0x0000000000011217        0x1 
 .rodata.MyReportDescHD
                0x0000000000011218       0x14 ./sdk/Peripheral/ch32v30x_usbotg_device.o
                0x0000000000011218                MyReportDescHD
 .rodata.MyManuInfoHD
                0x000000000001122c        0xe ./sdk/Peripheral/ch32v30x_usbotg_device.o
                0x000000000001122c                MyManuInfoHD
 *fill*         0x000000000001123a        0x2 
 .rodata.MyProdInfoHD
                0x000000000001123c        0xc ./sdk/Peripheral/ch32v30x_usbotg_device.o
                0x000000000001123c                MyProdInfoHD
 .rodata.MySerNumInfoHD
                0x0000000000011248       0x16 ./sdk/Peripheral/ch32v30x_usbotg_device.o
                0x0000000000011248                MySerNumInfoHD
 *fill*         0x000000000001125e        0x2 
 .rodata.MyUSBQUADescHD
                0x0000000000011260        0xa ./sdk/Peripheral/ch32v30x_usbotg_device.o
                0x0000000000011260                MyUSBQUADescHD
 *fill*         0x000000000001126a        0x2 
 .rodata.OTG_FS_IRQHandler
                0x000000000001126c       0xbc ./sdk/Peripheral/ch32v30x_usbotg_device.o
 .rodata.asin.cst8
                0x0000000000011328        0x8 e:/mounriver/mounriver_studio/toolchain/risc-v embedded gcc/bin/../lib/gcc/riscv-none-embed/8.2.0/../../../../riscv-none-embed/lib/rv32imafc/ilp32f\libm.a(lib_a-w_asin.o)
 .rodata.asin.str1.4
                0x0000000000011330        0x5 e:/mounriver/mounriver_studio/toolchain/risc-v embedded gcc/bin/../lib/gcc/riscv-none-embed/8.2.0/../../../../riscv-none-embed/lib/rv32imafc/ilp32f\libm.a(lib_a-w_asin.o)
                                          0x9 (size before relaxing)
 *fill*         0x0000000000011335        0x3 
 .rodata.__ieee754_asin.cst8
                0x0000000000011338       0x78 e:/mounriver/mounriver_studio/toolchain/risc-v embedded gcc/bin/../lib/gcc/riscv-none-embed/8.2.0/../../../../riscv-none-embed/lib/rv32imafc/ilp32f\libm.a(lib_a-e_asin.o)
                                         0x80 (size before relaxing)
 .rodata.__ieee754_rem_pio2f.cst4
                0x00000000000113b0       0x24 e:/mounriver/mounriver_studio/toolchain/risc-v embedded gcc/bin/../lib/gcc/riscv-none-embed/8.2.0/../../../../riscv-none-embed/lib/rv32imafc/ilp32f\libm.a(lib_a-ef_rem_pio2.o)
 .rodata.npio2_hw
                0x00000000000113d4       0x80 e:/mounriver/mounriver_studio/toolchain/risc-v embedded gcc/bin/../lib/gcc/riscv-none-embed/8.2.0/../../../../riscv-none-embed/lib/rv32imafc/ilp32f\libm.a(lib_a-ef_rem_pio2.o)
 .rodata.two_over_pi
                0x0000000000011454      0x318 e:/mounriver/mounriver_studio/toolchain/risc-v embedded gcc/bin/../lib/gcc/riscv-none-embed/8.2.0/../../../../riscv-none-embed/lib/rv32imafc/ilp32f\libm.a(lib_a-ef_rem_pio2.o)
 .rodata.PIo2   0x000000000001176c       0x2c e:/mounriver/mounriver_studio/toolchain/risc-v embedded gcc/bin/../lib/gcc/riscv-none-embed/8.2.0/../../../../riscv-none-embed/lib/rv32imafc/ilp32f\libm.a(lib_a-kf_rem_pio2.o)
 .rodata.__kernel_rem_pio2f.cst4
                0x0000000000011798       0x14 e:/mounriver/mounriver_studio/toolchain/risc-v embedded gcc/bin/../lib/gcc/riscv-none-embed/8.2.0/../../../../riscv-none-embed/lib/rv32imafc/ilp32f\libm.a(lib_a-kf_rem_pio2.o)
                                         0x1c (size before relaxing)
 .rodata.init_jk
                0x00000000000117ac        0xc e:/mounriver/mounriver_studio/toolchain/risc-v embedded gcc/bin/../lib/gcc/riscv-none-embed/8.2.0/../../../../riscv-none-embed/lib/rv32imafc/ilp32f\libm.a(lib_a-kf_rem_pio2.o)
 .rodata.__kernel_tanf.cst4
                0x00000000000117b8       0x44 e:/mounriver/mounriver_studio/toolchain/risc-v embedded gcc/bin/../lib/gcc/riscv-none-embed/8.2.0/../../../../riscv-none-embed/lib/rv32imafc/ilp32f\libm.a(lib_a-kf_tan.o)
                                         0x48 (size before relaxing)
 *fill*         0x00000000000117fc        0x4 
 .rodata.nan.cst8
                0x0000000000011800        0x8 e:/mounriver/mounriver_studio/toolchain/risc-v embedded gcc/bin/../lib/gcc/riscv-none-embed/8.2.0/../../../../riscv-none-embed/lib/rv32imafc/ilp32f\libm.a(lib_a-s_nan.o)
 .rodata.floorf.cst4
                0x0000000000011808        0x4 e:/mounriver/mounriver_studio/toolchain/risc-v embedded gcc/bin/../lib/gcc/riscv-none-embed/8.2.0/../../../../riscv-none-embed/lib/rv32imafc/ilp32f\libm.a(lib_a-sf_floor.o)
                                          0x8 (size before relaxing)
 .rodata.scalbnf.cst4
                0x000000000001180c        0xc e:/mounriver/mounriver_studio/toolchain/risc-v embedded gcc/bin/../lib/gcc/riscv-none-embed/8.2.0/../../../../riscv-none-embed/lib/rv32imafc/ilp32f\libm.a(lib_a-sf_scalbn.o)
                                         0x10 (size before relaxing)
 .rodata.__divdf3
                0x0000000000011818       0x40 e:/mounriver/mounriver_studio/toolchain/risc-v embedded gcc/bin/../lib/gcc/riscv-none-embed/8.2.0/rv32imafc/ilp32f\libgcc.a(divdf3.o)
 .rodata.__muldf3
                0x0000000000011858       0x40 e:/mounriver/mounriver_studio/toolchain/risc-v embedded gcc/bin/../lib/gcc/riscv-none-embed/8.2.0/rv32imafc/ilp32f\libgcc.a(muldf3.o)
 .rodata.__clz_tab
                0x0000000000011898      0x100 e:/mounriver/mounriver_studio/toolchain/risc-v embedded gcc/bin/../lib/gcc/riscv-none-embed/8.2.0/rv32imafc/ilp32f\libgcc.a(_clz.o)
                0x0000000000011898                __clz_tab
 .rodata._printf_float.cst8
                0x0000000000011998        0x8 e:/mounriver/mounriver_studio/toolchain/risc-v embedded gcc/bin/../lib/gcc/riscv-none-embed/8.2.0/../../../../riscv-none-embed/lib/rv32imafc/ilp32f\libg_nano.a(lib_a-nano-vfprintf_float.o)
 .rodata._printf_float.str1.4
                0x00000000000119a0       0x12 e:/mounriver/mounriver_studio/toolchain/risc-v embedded gcc/bin/../lib/gcc/riscv-none-embed/8.2.0/../../../../riscv-none-embed/lib/rv32imafc/ilp32f\libg_nano.a(lib_a-nano-vfprintf_float.o)
 *fill*         0x00000000000119b2        0x2 
 .rodata._printf_i.str1.4
                0x00000000000119b4       0x25 e:/mounriver/mounriver_studio/toolchain/risc-v embedded gcc/bin/../lib/gcc/riscv-none-embed/8.2.0/../../../../riscv-none-embed/lib/rv32imafc/ilp32f\libg_nano.a(lib_a-nano-vfprintf_i.o)
 *fill*         0x00000000000119d9        0x7 
 .rodata._dtoa_r.cst8
                0x00000000000119e0       0x38 e:/mounriver/mounriver_studio/toolchain/risc-v embedded gcc/bin/../lib/gcc/riscv-none-embed/8.2.0/../../../../riscv-none-embed/lib/rv32imafc/ilp32f\libg_nano.a(lib_a-dtoa.o)
                                         0x48 (size before relaxing)
 .rodata._dtoa_r.str1.4
                0x0000000000011a18       0x10 e:/mounriver/mounriver_studio/toolchain/risc-v embedded gcc/bin/../lib/gcc/riscv-none-embed/8.2.0/../../../../riscv-none-embed/lib/rv32imafc/ilp32f\libg_nano.a(lib_a-dtoa.o)
                                         0x12 (size before relaxing)
 .rodata.__sf_fake_stderr
                0x0000000000011a28       0x20 e:/mounriver/mounriver_studio/toolchain/risc-v embedded gcc/bin/../lib/gcc/riscv-none-embed/8.2.0/../../../../riscv-none-embed/lib/rv32imafc/ilp32f\libg_nano.a(lib_a-findfp.o)
                0x0000000000011a28                __sf_fake_stderr
 .rodata.__sf_fake_stdin
                0x0000000000011a48       0x20 e:/mounriver/mounriver_studio/toolchain/risc-v embedded gcc/bin/../lib/gcc/riscv-none-embed/8.2.0/../../../../riscv-none-embed/lib/rv32imafc/ilp32f\libg_nano.a(lib_a-findfp.o)
                0x0000000000011a48                __sf_fake_stdin
 .rodata.__sf_fake_stdout
                0x0000000000011a68       0x20 e:/mounriver/mounriver_studio/toolchain/risc-v embedded gcc/bin/../lib/gcc/riscv-none-embed/8.2.0/../../../../riscv-none-embed/lib/rv32imafc/ilp32f\libg_nano.a(lib_a-findfp.o)
                0x0000000000011a68                __sf_fake_stdout
 .rodata.__mprec_bigtens
                0x0000000000011a88       0x28 e:/mounriver/mounriver_studio/toolchain/risc-v embedded gcc/bin/../lib/gcc/riscv-none-embed/8.2.0/../../../../riscv-none-embed/lib/rv32imafc/ilp32f\libg_nano.a(lib_a-mprec.o)
                0x0000000000011a88                __mprec_bigtens
 .rodata.__mprec_tens
                0x0000000000011ab0       0xc8 e:/mounriver/mounriver_studio/toolchain/risc-v embedded gcc/bin/../lib/gcc/riscv-none-embed/8.2.0/../../../../riscv-none-embed/lib/rv32imafc/ilp32f\libg_nano.a(lib_a-mprec.o)
                0x0000000000011ab0                __mprec_tens
 .rodata.p05.3321
                0x0000000000011b78        0xc e:/mounriver/mounriver_studio/toolchain/risc-v embedded gcc/bin/../lib/gcc/riscv-none-embed/8.2.0/../../../../riscv-none-embed/lib/rv32imafc/ilp32f\libg_nano.a(lib_a-mprec.o)
 .rodata._svfprintf_r.str1.4
                0x0000000000011b84       0x13 e:/mounriver/mounriver_studio/toolchain/risc-v embedded gcc/bin/../lib/gcc/riscv-none-embed/8.2.0/../../../../riscv-none-embed/lib/rv32imafc/ilp32f\libg_nano.a(lib_a-nano-svfprintf.o)
 .rodata._vfprintf_r.str1.4
                0x0000000000011b97       0x13 e:/mounriver/mounriver_studio/toolchain/risc-v embedded gcc/bin/../lib/gcc/riscv-none-embed/8.2.0/../../../../riscv-none-embed/lib/rv32imafc/ilp32f\libg_nano.a(lib_a-nano-vfprintf.o)
 *fill*         0x0000000000011b97        0x1 
 .rodata._setlocale_r.str1.4
                0x0000000000011b98        0xa e:/mounriver/mounriver_studio/toolchain/risc-v embedded gcc/bin/../lib/gcc/riscv-none-embed/8.2.0/../../../../riscv-none-embed/lib/rv32imafc/ilp32f\libg_nano.a(lib_a-locale.o)
                                          0xd (size before relaxing)
 *fill*         0x0000000000011ba2        0x2 
 .rodata.str1.4
                0x0000000000011ba4        0x4 e:/mounriver/mounriver_studio/toolchain/risc-v embedded gcc/bin/../lib/gcc/riscv-none-embed/8.2.0/../../../../riscv-none-embed/lib/rv32imafc/ilp32f\libg_nano.a(lib_a-locale.o)
                                          0x2 (size before relaxing)
 .rodata._ctype_
                0x0000000000011ba8      0x101 e:/mounriver/mounriver_studio/toolchain/risc-v embedded gcc/bin/../lib/gcc/riscv-none-embed/8.2.0/../../../../riscv-none-embed/lib/rv32imafc/ilp32f\libg_nano.a(lib_a-ctype_.o)
                0x0000000000011ba8                _ctype_
 *(.glue_7)
 *(.glue_7t)
 *(.gnu.linkonce.t.*)
                0x0000000000011cac                . = ALIGN (0x4)
 *fill*         0x0000000000011ca9        0x3 

.rela.dyn       0x0000000000011cac        0x0
 .rela.init     0x0000000000011cac        0x0 ./zf_driver/zf_driver_delay.o
 .rela.vector   0x0000000000011cac        0x0 ./zf_driver/zf_driver_delay.o
 .rela.text.handle_reset
                0x0000000000011cac        0x0 ./zf_driver/zf_driver_delay.o
 .rela.text._svfprintf_r
                0x0000000000011cac        0x0 ./zf_driver/zf_driver_delay.o
 .rela.text._vfprintf_r
                0x0000000000011cac        0x0 ./zf_driver/zf_driver_delay.o
 .rela.text._sbrk_r
                0x0000000000011cac        0x0 ./zf_driver/zf_driver_delay.o
 .rela.text._write_r
                0x0000000000011cac        0x0 ./zf_driver/zf_driver_delay.o
 .rela.text._close_r
                0x0000000000011cac        0x0 ./zf_driver/zf_driver_delay.o
 .rela.text._fstat_r
                0x0000000000011cac        0x0 ./zf_driver/zf_driver_delay.o
 .rela.text._isatty_r
                0x0000000000011cac        0x0 ./zf_driver/zf_driver_delay.o
 .rela.text._lseek_r
                0x0000000000011cac        0x0 ./zf_driver/zf_driver_delay.o
 .rela.text._read_r
                0x0000000000011cac        0x0 ./zf_driver/zf_driver_delay.o
 .rela.text._close
                0x0000000000011cac        0x0 ./zf_driver/zf_driver_delay.o
 .rela.text._fstat
                0x0000000000011cac        0x0 ./zf_driver/zf_driver_delay.o
 .rela.text._isatty
                0x0000000000011cac        0x0 ./zf_driver/zf_driver_delay.o
 .rela.text._lseek
                0x0000000000011cac        0x0 ./zf_driver/zf_driver_delay.o
 .rela.text._read
                0x0000000000011cac        0x0 ./zf_driver/zf_driver_delay.o
 .rela.text._sbrk
                0x0000000000011cac        0x0 ./zf_driver/zf_driver_delay.o

.fini           0x0000000000011cac        0x0
 *(SORT_NONE(.fini))
                0x0000000000011cac                . = ALIGN (0x4)
                [!provide]                        PROVIDE (_etext = .)
                [!provide]                        PROVIDE (_eitcm = .)

.preinit_array  0x0000000000011cac        0x0
                [!provide]                        PROVIDE (__preinit_array_start = .)
 *(.preinit_array)
                [!provide]                        PROVIDE (__preinit_array_end = .)

.init_array     0x0000000000011cac        0x0
                [!provide]                        PROVIDE (__init_array_start = .)
 *(SORT_BY_INIT_PRIORITY(.init_array.*) SORT_BY_INIT_PRIORITY(.ctors.*))
 *(.init_array EXCLUDE_FILE(*crtend?.o *crtend.o *crtbegin?.o *crtbegin.o) .ctors)
                [!provide]                        PROVIDE (__init_array_end = .)

.fini_array     0x0000000000011cac        0x0
                [!provide]                        PROVIDE (__fini_array_start = .)
 *(SORT_BY_INIT_PRIORITY(.fini_array.*) SORT_BY_INIT_PRIORITY(.dtors.*))
 *(.fini_array EXCLUDE_FILE(*crtend?.o *crtend.o *crtbegin?.o *crtbegin.o) .dtors)
                [!provide]                        PROVIDE (__fini_array_end = .)

.ctors
 *crtbegin.o(.ctors)
 *crtbegin?.o(.ctors)
 *(EXCLUDE_FILE(*crtend?.o *crtend.o) .ctors)
 *(SORT_BY_NAME(.ctors.*))
 *(.ctors)

.dtors
 *crtbegin.o(.dtors)
 *crtbegin?.o(.dtors)
 *(EXCLUDE_FILE(*crtend?.o *crtend.o) .dtors)
 *(SORT_BY_NAME(.dtors.*))
 *(.dtors)

.dalign         0x0000000020000000        0x0 load address 0x0000000000011cac
                0x0000000020000000                . = ALIGN (0x4)
                0x0000000020000000                PROVIDE (_data_vma = .)

.dlalign        0x0000000000011cac        0x0
                0x0000000000011cac                . = ALIGN (0x4)
                0x0000000000011cac                PROVIDE (_data_lma = .)

.data           0x0000000020000000      0x6e8 load address 0x0000000000011cac
 *(.gnu.linkonce.r.*)
 *(.data .data.*)
 .data.encoder_dir_pin
                0x0000000020000000        0xa ./zf_driver/zf_driver_encoder.o
 *fill*         0x000000002000000a        0x2 
 .data.gpio_group
                0x000000002000000c       0x14 ./zf_driver/zf_driver_gpio.o
                0x000000002000000c                gpio_group
 .data.APBAHBPrescTable
                0x0000000020000020       0x10 ./sdk/Peripheral/ch32v30x_rcc.o
 .data.TAB_USB_FS_OSC_DESC
                0x0000000020000030       0x43 ./sdk/Peripheral/ch32v30x_usbotg_device.o
                0x0000000020000030                TAB_USB_FS_OSC_DESC
 *fill*         0x0000000020000073        0x1 
 .data.imu_data
                0x0000000020000074       0x68 ./code/imu.o
                0x0000000020000074                imu_data
 .data.fast_atan_table
                0x00000000200000dc      0x404 ./code/my_math.o
                0x00000000200000dc                fast_atan_table
 .data.impure_data
                0x00000000200004e0       0x60 e:/mounriver/mounriver_studio/toolchain/risc-v embedded gcc/bin/../lib/gcc/riscv-none-embed/8.2.0/../../../../riscv-none-embed/lib/rv32imafc/ilp32f\libg_nano.a(lib_a-impure.o)
 .data.__global_locale
                0x0000000020000540      0x16c e:/mounriver/mounriver_studio/toolchain/risc-v embedded gcc/bin/../lib/gcc/riscv-none-embed/8.2.0/../../../../riscv-none-embed/lib/rv32imafc/ilp32f\libg_nano.a(lib_a-locale.o)
                0x0000000020000540                __global_locale
 *(.gnu.linkonce.d.*)
                0x00000000200006b0                . = ALIGN (0x8)
 *fill*         0x00000000200006ac        0x4 
                0x0000000020000eb0                PROVIDE (__global_pointer$ = (. + 0x800))
 *(.sdata .sdata.*)
 .sdata.camera_uart_handler
                0x00000000200006b0        0x4 ./zf_device/zf_device_type.o
                0x00000000200006b0                camera_uart_handler
 .sdata.camera_dvp_handler
                0x00000000200006b4        0x4 ./zf_device/zf_device_type.o
                0x00000000200006b4                camera_dvp_handler
 .sdata.wireless_module_uart_handler
                0x00000000200006b8        0x4 ./zf_device/zf_device_type.o
                0x00000000200006b8                wireless_module_uart_handler
 .sdata.system_clock
                0x00000000200006bc        0x4 ./zf_common/zf_common_clock.o
                0x00000000200006bc                system_clock
 .sdata.zf_debug_assert_enable
                0x00000000200006c0        0x1 ./zf_common/zf_common_debug.o
 *fill*         0x00000000200006c1        0x3 
 .sdata.ADCPrescTable
                0x00000000200006c4        0x4 ./sdk/Peripheral/ch32v30x_rcc.o
 .sdata.USBHD_Dev_Speed
                0x00000000200006c8        0x1 ./sdk/Peripheral/ch32v30x_usbotg_device.o
                0x00000000200006c8                USBHD_Dev_Speed
 *fill*         0x00000000200006c9        0x3 
 .sdata.LineCoding
                0x00000000200006cc        0x7 ./sdk/Peripheral/ch32v30x_usbotg_device.o
                0x00000000200006cc                LineCoding
 *fill*         0x00000000200006d3        0x1 
 .sdata.__fdlib_version
                0x00000000200006d4        0x4 e:/mounriver/mounriver_studio/toolchain/risc-v embedded gcc/bin/../lib/gcc/riscv-none-embed/8.2.0/../../../../riscv-none-embed/lib/rv32imafc/ilp32f\libm.a(lib_a-s_lib_ver.o)
                0x00000000200006d4                __fdlib_version
 .sdata._impure_ptr
                0x00000000200006d8        0x4 e:/mounriver/mounriver_studio/toolchain/risc-v embedded gcc/bin/../lib/gcc/riscv-none-embed/8.2.0/../../../../riscv-none-embed/lib/rv32imafc/ilp32f\libg_nano.a(lib_a-impure.o)
                0x00000000200006d8                _impure_ptr
 *(.sdata2.*)
 .sdata2.MyLangDescrHD
                0x00000000200006dc        0x4 ./sdk/Peripheral/ch32v30x_usbotg_device.o
                0x00000000200006dc                MyLangDescrHD
 .sdata2._global_impure_ptr
                0x00000000200006e0        0x4 e:/mounriver/mounriver_studio/toolchain/risc-v embedded gcc/bin/../lib/gcc/riscv-none-embed/8.2.0/../../../../riscv-none-embed/lib/rv32imafc/ilp32f\libg_nano.a(lib_a-impure.o)
                0x00000000200006e0                _global_impure_ptr
 *(.gnu.linkonce.s.*)
                0x00000000200006e8                . = ALIGN (0x8)
 *fill*         0x00000000200006e4        0x4 
 *(.srodata.cst16)
 *(.srodata.cst8)
 *(.srodata.cst4)
 *(.srodata.cst2)
 *(.srodata .srodata.*)
                0x00000000200006e8                . = ALIGN (0x4)
                0x00000000200006e8                PROVIDE (_edata = .)

.bss            0x00000000200006e8      0x6c8 load address 0x0000000000012394
                0x00000000200006e8                . = ALIGN (0x4)
                0x00000000200006e8                PROVIDE (_sbss = .)
 *(.sbss*)
 .sbss.gps_tau1201_flag
                0x00000000200006e8        0x1 ./zf_device/zf_device_gps_tau1201.o
                0x00000000200006e8                gps_tau1201_flag
 .sbss.gps_tau1201_state
                0x00000000200006e9        0x1 ./zf_device/zf_device_gps_tau1201.o
 *fill*         0x00000000200006ea        0x2 
 .sbss.gps_gga_state
                0x00000000200006ec        0x4 ./zf_device/zf_device_gps_tau1201.o
                0x00000000200006ec                gps_gga_state
 .sbss.gps_rmc_state
                0x00000000200006f0        0x4 ./zf_device/zf_device_gps_tau1201.o
                0x00000000200006f0                gps_rmc_state
 .sbss.icm20602_gyro_x
                0x00000000200006f4        0x2 ./zf_device/zf_device_icm20602.o
                0x00000000200006f4                icm20602_gyro_x
 .sbss.icm20602_gyro_y
                0x00000000200006f6        0x2 ./zf_device/zf_device_icm20602.o
                0x00000000200006f6                icm20602_gyro_y
 .sbss.icm20602_gyro_z
                0x00000000200006f8        0x2 ./zf_device/zf_device_icm20602.o
                0x00000000200006f8                icm20602_gyro_z
 .sbss.icm20602_acc_x
                0x00000000200006fa        0x2 ./zf_device/zf_device_icm20602.o
                0x00000000200006fa                icm20602_acc_x
 .sbss.icm20602_acc_y
                0x00000000200006fc        0x2 ./zf_device/zf_device_icm20602.o
                0x00000000200006fc                icm20602_acc_y
 .sbss.icm20602_acc_z
                0x00000000200006fe        0x2 ./zf_device/zf_device_icm20602.o
                0x00000000200006fe                icm20602_acc_z
 .sbss.zf_debug_init_flag
                0x0000000020000700        0x1 ./zf_common/zf_common_debug.o
 .sbss.assert_nest_index.5018
                0x0000000020000701        0x1 ./zf_common/zf_common_debug.o
 *fill*         0x0000000020000702        0x2 
 .sbss.interrupt_nest_count
                0x0000000020000704        0x4 ./zf_common/zf_common_interrupt.o
 .sbss.EP0_DatabufHD
                0x0000000020000708        0x8 ./sdk/Peripheral/ch32v30x_usbotg_device.o
                0x0000000020000708                EP0_DatabufHD
 .sbss.pEP0_RAM_Addr
                0x0000000020000710        0x4 ./sdk/Peripheral/ch32v30x_usbotg_device.o
                0x0000000020000710                pEP0_RAM_Addr
 .sbss.pEP1_RAM_Addr
                0x0000000020000714        0x4 ./sdk/Peripheral/ch32v30x_usbotg_device.o
                0x0000000020000714                pEP1_RAM_Addr
 .sbss.pEP2_RAM_Addr
                0x0000000020000718        0x4 ./sdk/Peripheral/ch32v30x_usbotg_device.o
                0x0000000020000718                pEP2_RAM_Addr
 .sbss.pDescr   0x000000002000071c        0x4 ./sdk/Peripheral/ch32v30x_usbotg_device.o
                0x000000002000071c                pDescr
 .sbss.USBHD_Dev_SetupReqLen
                0x0000000020000720        0x2 ./sdk/Peripheral/ch32v30x_usbotg_device.o
                0x0000000020000720                USBHD_Dev_SetupReqLen
 .sbss.USBHD_Dev_SleepStatus
                0x0000000020000722        0x1 ./sdk/Peripheral/ch32v30x_usbotg_device.o
                0x0000000020000722                USBHD_Dev_SleepStatus
 .sbss.DevConfig
                0x0000000020000723        0x1 ./sdk/Peripheral/ch32v30x_usbotg_device.o
                0x0000000020000723                DevConfig
 .sbss.SetupReqCode
                0x0000000020000724        0x1 ./sdk/Peripheral/ch32v30x_usbotg_device.o
                0x0000000020000724                SetupReqCode
 *fill*         0x0000000020000725        0x1 
 .sbss.SetupReqLen
                0x0000000020000726        0x2 ./sdk/Peripheral/ch32v30x_usbotg_device.o
                0x0000000020000726                SetupReqLen
 .sbss.back_inter_distance
                0x0000000020000728        0x4 ./code/ctrl.o
                0x0000000020000728                back_inter_distance
 .sbss.LPF_Cnt.8597
                0x000000002000072c        0x4 ./code/filter.o
 .sbss.err_lf_x
                0x0000000020000730        0x8 ./code/imu.o
                0x0000000020000730                err_lf_x
 .sbss.err_lf_y
                0x0000000020000738        0x8 ./code/imu.o
                0x0000000020000738                err_lf_y
 .sbss.err_lf_z
                0x0000000020000740        0x8 ./code/imu.o
                0x0000000020000740                err_lf_z
 .sbss.Offset_OK
                0x0000000020000748        0x1 ./code/imu.o
                0x0000000020000748                Offset_OK
 *fill*         0x0000000020000749        0x3 
 .sbss.gyro     0x000000002000074c        0x6 ./code/imu.o
                0x000000002000074c                gyro
 *fill*         0x0000000020000752        0x2 
 .sbss.gyro_offset
                0x0000000020000754        0x6 ./code/imu.o
                0x0000000020000754                gyro_offset
 *fill*         0x000000002000075a        0x2 
 .sbss.acc      0x000000002000075c        0x6 ./code/imu.o
                0x000000002000075c                acc
 *fill*         0x0000000020000762        0x2 
 .sbss.acc_offset
                0x0000000020000764        0x6 ./code/imu.o
                0x0000000020000764                acc_offset
 *fill*         0x000000002000076a        0x2 
 .sbss.__malloc_free_list
                0x000000002000076c        0x4 e:/mounriver/mounriver_studio/toolchain/risc-v embedded gcc/bin/../lib/gcc/riscv-none-embed/8.2.0/../../../../riscv-none-embed/lib/rv32imafc/ilp32f\libg_nano.a(lib_a-nano-mallocr.o)
                0x000000002000076c                __malloc_free_list
 .sbss.__malloc_sbrk_start
                0x0000000020000770        0x4 e:/mounriver/mounriver_studio/toolchain/risc-v embedded gcc/bin/../lib/gcc/riscv-none-embed/8.2.0/../../../../riscv-none-embed/lib/rv32imafc/ilp32f\libg_nano.a(lib_a-nano-mallocr.o)
                0x0000000020000770                __malloc_sbrk_start
 .sbss.heap_end.1520
                0x0000000020000774        0x4 e:/mounriver/mounriver_studio/toolchain/risc-v embedded gcc/bin/../lib/gcc/riscv-none-embed/8.2.0/../../../../riscv-none-embed/lib/rv32imafc/ilp32f\libnosys.a(sbrk.o)
 *(.gnu.linkonce.sb.*)
 *(.bss*)
 .bss.timer_function_state
                0x0000000020000778       0x28 ./zf_driver/zf_driver_timer.o
 .bss.gps_tau1201_receiver_fifo
                0x00000000200007a0       0x1c ./zf_device/zf_device_gps_tau1201.o
 .bss.gps_gga_buffer
                0x00000000200007bc       0x80 ./zf_device/zf_device_gps_tau1201.o
 .bss.gps_rmc_buffer
                0x000000002000083c       0x80 ./zf_device/zf_device_gps_tau1201.o
 .bss.debug_output_info
                0x00000000200008bc       0x14 ./zf_common/zf_common_debug.o
 .bss.Butter_80HZ_Parameter_Acce
                0x00000000200008d0       0x18 ./code/filter.o
                0x00000000200008d0                Butter_80HZ_Parameter_Acce
 .bss.Butter_60HZ_Parameter_Acce
                0x00000000200008e8       0x18 ./code/filter.o
                0x00000000200008e8                Butter_60HZ_Parameter_Acce
 .bss.Butter_51HZ_Parameter_Acce
                0x0000000020000900       0x18 ./code/filter.o
                0x0000000020000900                Butter_51HZ_Parameter_Acce
 .bss.Butter_30HZ_Parameter_Acce
                0x0000000020000918       0x18 ./code/filter.o
                0x0000000020000918                Butter_30HZ_Parameter_Acce
 .bss.Butter_20HZ_Parameter_Acce
                0x0000000020000930       0x18 ./code/filter.o
                0x0000000020000930                Butter_20HZ_Parameter_Acce
 .bss.Butter_15HZ_Parameter_Acce
                0x0000000020000948       0x18 ./code/filter.o
                0x0000000020000948                Butter_15HZ_Parameter_Acce
 .bss.Butter_10HZ_Parameter_Acce
                0x0000000020000960       0x18 ./code/filter.o
                0x0000000020000960                Butter_10HZ_Parameter_Acce
 .bss.Butter_5HZ_Parameter_Acce
                0x0000000020000978       0x18 ./code/filter.o
                0x0000000020000978                Butter_5HZ_Parameter_Acce
 .bss.Butter_2HZ_Parameter_Acce
                0x0000000020000990       0x18 ./code/filter.o
                0x0000000020000990                Butter_2HZ_Parameter_Acce