<!doctype html public "-//w3c//dtd html 4.0 transitional//en">
<html><head>
<title>Static Call Graph - [.\Objects\mm32f527x_e9p.axf]</title></head>
<body><HR>
<H1>Static Call Graph for image .\Objects\mm32f527x_e9p.axf</H1><HR>
<BR><P>#&#060CALLGRAPH&#062# ARM Linker, 6190004: Last Updated: Thu Jan 26 15:10:19 2023
<BR><P>
<H3>Maximum Stack Usage =        712 bytes + Unknown(Functions without stacksize, Cycles, Untraceable Function Pointers)</H3><H3>
Call chain for Maximum Stack Depth:</H3>
main &rArr; EasyUIInit &rArr; ips114_init &rArr; spi_init &rArr; afio_init &rArr; debug_assert_handler &rArr;  gpio_init (Cycle)
<P>
<H3>
Functions with no stack information
</H3><UL>
 <LI><a href="#[0]">Reset_Handler</a>
 <LI><a href="#[2]">HardFault_Handler</a>
 <LI><a href="#[1d]">ADC1_2_IRQHandler</a>
 <LI><a href="#[d]">BKP_TAMPER_IRQHandler</a>
 <LI><a href="#[4]">BusFault_Handler</a>
 <LI><a href="#[43]">COMP_IRQHandler</a>
 <LI><a href="#[8]">DebugMon_Handler</a>
 <LI><a href="#[156]">Default_Handler</a>
 <LI><a href="#[41]">ENET_IRQHandler</a>
 <LI><a href="#[42]">ENET_WKUP_IRQHandler</a>
 <LI><a href="#[f]">FLASH_IRQHandler</a>
 <LI><a href="#[1f]">FlexCAN1_IRQHandler</a>
 <LI><a href="#[44]">FlexCAN2_IRQHandler</a>
 <LI><a href="#[28]">I2C1_IRQHandler</a>
 <LI><a href="#[29]">I2C2_IRQHandler</a>
 <LI><a href="#[4c]">LPTIM_IRQHandler</a>
 <LI><a href="#[4d]">LPUART_IRQHandler</a>
 <LI><a href="#[3]">MemManage_Handler</a>
 <LI><a href="#[1]">NMI_Handler</a>
 <LI><a href="#[c]">PVD_IRQHandler</a>
 <LI><a href="#[9]">PendSV_Handler</a>
 <LI><a href="#[4b]">QSPI_IRQHandler</a>
 <LI><a href="#[10]">RCC_CRS_IRQHandler</a>
 <LI><a href="#[30]">RTC_ALR_IRQHandler</a>
 <LI><a href="#[e]">RTC_IRQHandler</a>
 <LI><a href="#[2a]">SPI1_IRQHandler</a>
 <LI><a href="#[2b]">SPI2_IRQHandler</a>
 <LI><a href="#[37]">SPI3_IRQHandler</a>
 <LI><a href="#[7]">SVC_Handler</a>
 <LI><a href="#[6]">SecureFault_Handler</a>
 <LI><a href="#[a]">SysTick_Handler</a>
 <LI><a href="#[21]">TIM1_BRK_IRQHandler</a>
 <LI><a href="#[24]">TIM1_CC_IRQHandler</a>
 <LI><a href="#[23]">TIM1_TRG_COM_IRQHandler</a>
 <LI><a href="#[32]">TIM8_BRK_IRQHandler</a>
 <LI><a href="#[35]">TIM8_CC_IRQHandler</a>
 <LI><a href="#[34]">TIM8_TRG_COM_IRQHandler</a>
 <LI><a href="#[45]">USB_FS_IRQHandler</a>
 <LI><a href="#[31]">USB_WKUP_IRQHandler</a>
 <LI><a href="#[5]">UsageFault_Handler</a>
 <LI><a href="#[b]">WWDG_IWDG_IRQHandler</a>
</UL>
</UL>
<P>
<H3>
Mutually Recursive functions
</H3> <LI><a href="#[109]">func_get_greatest_common_divisor</a>&nbsp;&nbsp;&nbsp;&rArr;&nbsp;&nbsp;&nbsp;<a href="#[109]">func_get_greatest_common_divisor</a><BR>
 <LI><a href="#[2]">HardFault_Handler</a>&nbsp;&nbsp;&nbsp;&rArr;&nbsp;&nbsp;&nbsp;<a href="#[2]">HardFault_Handler</a><BR>
 <LI><a href="#[1d]">ADC1_2_IRQHandler</a>&nbsp;&nbsp;&nbsp;&rArr;&nbsp;&nbsp;&nbsp;<a href="#[1d]">ADC1_2_IRQHandler</a><BR>
 <LI><a href="#[53]">debug_assert_handler</a>&nbsp;&nbsp;&nbsp;&rArr;&nbsp;&nbsp;&nbsp;<a href="#[5c]">gpio_init</a><BR>
</UL>
<P>
<H3>
Function Pointers
</H3><UL>
 <LI><a href="#[1d]">ADC1_2_IRQHandler</a> from startup_mm32f5277e.o(.text) referenced from startup_mm32f5277e.o(RESET)
 <LI><a href="#[d]">BKP_TAMPER_IRQHandler</a> from startup_mm32f5277e.o(.text) referenced from startup_mm32f5277e.o(RESET)
 <LI><a href="#[4]">BusFault_Handler</a> from startup_mm32f5277e.o(.text) referenced from startup_mm32f5277e.o(RESET)
 <LI><a href="#[43]">COMP_IRQHandler</a> from startup_mm32f5277e.o(.text) referenced from startup_mm32f5277e.o(RESET)
 <LI><a href="#[16]">DMA1_CH1_IRQHandler</a> from isr.o(.text.DMA1_CH1_IRQHandler) referenced from startup_mm32f5277e.o(RESET)
 <LI><a href="#[17]">DMA1_CH2_IRQHandler</a> from isr.o(.text.DMA1_CH2_IRQHandler) referenced from startup_mm32f5277e.o(RESET)
 <LI><a href="#[18]">DMA1_CH3_IRQHandler</a> from isr.o(.text.DMA1_CH3_IRQHandler) referenced from startup_mm32f5277e.o(RESET)
 <LI><a href="#[19]">DMA1_CH4_IRQHandler</a> from isr.o(.text.DMA1_CH4_IRQHandler) referenced from startup_mm32f5277e.o(RESET)
 <LI><a href="#[1a]">DMA1_CH5_IRQHandler</a> from isr.o(.text.DMA1_CH5_IRQHandler) referenced from startup_mm32f5277e.o(RESET)
 <LI><a href="#[1b]">DMA1_CH6_IRQHandler</a> from isr.o(.text.DMA1_CH6_IRQHandler) referenced from startup_mm32f5277e.o(RESET)
 <LI><a href="#[1c]">DMA1_CH7_IRQHandler</a> from isr.o(.text.DMA1_CH7_IRQHandler) referenced from startup_mm32f5277e.o(RESET)
 <LI><a href="#[1e]">DMA1_CH8_IRQHandler</a> from isr.o(.text.DMA1_CH8_IRQHandler) referenced from startup_mm32f5277e.o(RESET)
 <LI><a href="#[3c]">DMA2_CH1_IRQHandler</a> from isr.o(.text.DMA2_CH1_IRQHandler) referenced from startup_mm32f5277e.o(RESET)
 <LI><a href="#[3d]">DMA2_CH2_IRQHandler</a> from isr.o(.text.DMA2_CH2_IRQHandler) referenced from startup_mm32f5277e.o(RESET)
 <LI><a href="#[3e]">DMA2_CH3_IRQHandler</a> from isr.o(.text.DMA2_CH3_IRQHandler) referenced from startup_mm32f5277e.o(RESET)
 <LI><a href="#[3f]">DMA2_CH4_IRQHandler</a> from isr.o(.text.DMA2_CH4_IRQHandler) referenced from startup_mm32f5277e.o(RESET)
 <LI><a href="#[40]">DMA2_CH5_IRQHandler</a> from isr.o(.text.DMA2_CH5_IRQHandler) referenced from startup_mm32f5277e.o(RESET)
 <LI><a href="#[46]">DMA2_CH6_IRQHandler</a> from isr.o(.text.DMA2_CH6_IRQHandler) referenced from startup_mm32f5277e.o(RESET)
 <LI><a href="#[47]">DMA2_CH7_IRQHandler</a> from isr.o(.text.DMA2_CH7_IRQHandler) referenced from startup_mm32f5277e.o(RESET)
 <LI><a href="#[48]">DMA2_CH8_IRQHandler</a> from isr.o(.text.DMA2_CH8_IRQHandler) referenced from startup_mm32f5277e.o(RESET)
 <LI><a href="#[8]">DebugMon_Handler</a> from startup_mm32f5277e.o(.text) referenced from startup_mm32f5277e.o(RESET)
 <LI><a href="#[41]">ENET_IRQHandler</a> from startup_mm32f5277e.o(.text) referenced from startup_mm32f5277e.o(RESET)
 <LI><a href="#[42]">ENET_WKUP_IRQHandler</a> from startup_mm32f5277e.o(.text) referenced from startup_mm32f5277e.o(RESET)
 <LI><a href="#[11]">EXTI0_IRQHandler</a> from isr.o(.text.EXTI0_IRQHandler) referenced from startup_mm32f5277e.o(RESET)
 <LI><a href="#[2f]">EXTI15_10_IRQHandler</a> from isr.o(.text.EXTI15_10_IRQHandler) referenced from startup_mm32f5277e.o(RESET)
 <LI><a href="#[12]">EXTI1_IRQHandler</a> from isr.o(.text.EXTI1_IRQHandler) referenced from startup_mm32f5277e.o(RESET)
 <LI><a href="#[13]">EXTI2_IRQHandler</a> from isr.o(.text.EXTI2_IRQHandler) referenced from startup_mm32f5277e.o(RESET)
 <LI><a href="#[14]">EXTI3_IRQHandler</a> from isr.o(.text.EXTI3_IRQHandler) referenced from startup_mm32f5277e.o(RESET)
 <LI><a href="#[15]">EXTI4_IRQHandler</a> from isr.o(.text.EXTI4_IRQHandler) referenced from startup_mm32f5277e.o(RESET)
 <LI><a href="#[20]">EXTI9_5_IRQHandler</a> from isr.o(.text.EXTI9_5_IRQHandler) referenced from startup_mm32f5277e.o(RESET)
 <LI><a href="#[50]">EasyKeyInit</a> from easy_key.o(.text.EasyKeyInit) referenced from easy_ui.o(.text.EasyUIInit)
 <LI><a href="#[56]">EasyUIAddItem</a> from easy_ui.o(.text.EasyUIAddItem) referenced from easy_ui_user_app.o(.text.MenuInit)
 <LI><a href="#[54]">EasyUIAddPage</a> from easy_ui.o(.text.EasyUIAddPage) referenced from easy_ui_user_app.o(.text.MenuInit)
 <LI><a href="#[57]">EasyUIEventChangeFloat</a> from easy_ui.o(.text.EasyUIEventChangeFloat) referenced from easy_ui_user_app.o(.text.MenuInit)
 <LI><a href="#[58]">EasyUIEventChangeUint</a> from easy_ui.o(.text.EasyUIEventChangeUint) referenced from easy_ui_user_app.o(.text.MenuInit)
 <LI><a href="#[5a]">EasyUIEventResetSettings</a> from easy_ui.o(.text.EasyUIEventResetSettings) referenced from easy_ui_user_app.o(.text.MenuInit)
 <LI><a href="#[59]">EasyUIEventSaveSettings</a> from easy_ui.o(.text.EasyUIEventSaveSettings) referenced from easy_ui_user_app.o(.text.MenuInit)
 <LI><a href="#[f]">FLASH_IRQHandler</a> from startup_mm32f5277e.o(.text) referenced from startup_mm32f5277e.o(RESET)
 <LI><a href="#[1f]">FlexCAN1_IRQHandler</a> from startup_mm32f5277e.o(.text) referenced from startup_mm32f5277e.o(RESET)
 <LI><a href="#[44]">FlexCAN2_IRQHandler</a> from startup_mm32f5277e.o(.text) referenced from startup_mm32f5277e.o(RESET)
 <LI><a href="#[2]">HardFault_Handler</a> from startup_mm32f5277e.o(.text) referenced from startup_mm32f5277e.o(RESET)
 <LI><a href="#[28]">I2C1_IRQHandler</a> from startup_mm32f5277e.o(.text) referenced from startup_mm32f5277e.o(RESET)
 <LI><a href="#[29]">I2C2_IRQHandler</a> from startup_mm32f5277e.o(.text) referenced from startup_mm32f5277e.o(RESET)
 <LI><a href="#[4f]">IPS114_ShowStr</a> from user_ips114.o(.text.IPS114_ShowStr) referenced from easy_ui.o(.text.EasyUIEventChangeFloat)
 <LI><a href="#[4f]">IPS114_ShowStr</a> from user_ips114.o(.text.IPS114_ShowStr) referenced from easy_ui.o(.text.EasyUIEventChangeUint)
 <LI><a href="#[4f]">IPS114_ShowStr</a> from user_ips114.o(.text.IPS114_ShowStr) referenced from easy_ui_user_app.o(.text.PageAbout)
 <LI><a href="#[4c]">LPTIM_IRQHandler</a> from startup_mm32f5277e.o(.text) referenced from startup_mm32f5277e.o(RESET)
 <LI><a href="#[4d]">LPUART_IRQHandler</a> from startup_mm32f5277e.o(.text) referenced from startup_mm32f5277e.o(RESET)
 <LI><a href="#[3]">MemManage_Handler</a> from startup_mm32f5277e.o(.text) referenced from startup_mm32f5277e.o(RESET)
 <LI><a href="#[1]">NMI_Handler</a> from startup_mm32f5277e.o(.text) referenced from startup_mm32f5277e.o(RESET)
 <LI><a href="#[c]">PVD_IRQHandler</a> from startup_mm32f5277e.o(.text) referenced from startup_mm32f5277e.o(RESET)
 <LI><a href="#[55]">PageAbout</a> from easy_ui_user_app.o(.text.PageAbout) referenced from easy_ui_user_app.o(.text.MenuInit)
 <LI><a href="#[9]">PendSV_Handler</a> from startup_mm32f5277e.o(.text) referenced from startup_mm32f5277e.o(RESET)
 <LI><a href="#[4b]">QSPI_IRQHandler</a> from startup_mm32f5277e.o(.text) referenced from startup_mm32f5277e.o(RESET)
 <LI><a href="#[10]">RCC_CRS_IRQHandler</a> from startup_mm32f5277e.o(.text) referenced from startup_mm32f5277e.o(RESET)
 <LI><a href="#[30]">RTC_ALR_IRQHandler</a> from startup_mm32f5277e.o(.text) referenced from startup_mm32f5277e.o(RESET)
 <LI><a href="#[e]">RTC_IRQHandler</a> from startup_mm32f5277e.o(.text) referenced from startup_mm32f5277e.o(RESET)
 <LI><a href="#[0]">Reset_Handler</a> from startup_mm32f5277e.o(.text) referenced from startup_mm32f5277e.o(RESET)
 <LI><a href="#[2a]">SPI1_IRQHandler</a> from startup_mm32f5277e.o(.text) referenced from startup_mm32f5277e.o(RESET)
 <LI><a href="#[2b]">SPI2_IRQHandler</a> from startup_mm32f5277e.o(.text) referenced from startup_mm32f5277e.o(RESET)
 <LI><a href="#[37]">SPI3_IRQHandler</a> from startup_mm32f5277e.o(.text) referenced from startup_mm32f5277e.o(RESET)
 <LI><a href="#[7]">SVC_Handler</a> from startup_mm32f5277e.o(.text) referenced from startup_mm32f5277e.o(RESET)
 <LI><a href="#[6]">SecureFault_Handler</a> from startup_mm32f5277e.o(.text) referenced from startup_mm32f5277e.o(RESET)
 <LI><a href="#[a]">SysTick_Handler</a> from startup_mm32f5277e.o(.text) referenced from startup_mm32f5277e.o(RESET)
 <LI><a href="#[21]">TIM1_BRK_IRQHandler</a> from startup_mm32f5277e.o(.text) referenced from startup_mm32f5277e.o(RESET)
 <LI><a href="#[24]">TIM1_CC_IRQHandler</a> from startup_mm32f5277e.o(.text) referenced from startup_mm32f5277e.o(RESET)
 <LI><a href="#[23]">TIM1_TRG_COM_IRQHandler</a> from startup_mm32f5277e.o(.text) referenced from startup_mm32f5277e.o(RESET)
 <LI><a href="#[22]">TIM1_UP_IRQHandler</a> from isr.o(.text.TIM1_UP_IRQHandler) referenced from startup_mm32f5277e.o(RESET)
 <LI><a href="#[25]">TIM2_IRQHandler</a> from isr.o(.text.TIM2_IRQHandler) referenced from startup_mm32f5277e.o(RESET)
 <LI><a href="#[26]">TIM3_IRQHandler</a> from isr.o(.text.TIM3_IRQHandler) referenced from startup_mm32f5277e.o(RESET)
 <LI><a href="#[27]">TIM4_IRQHandler</a> from isr.o(.text.TIM4_IRQHandler) referenced from startup_mm32f5277e.o(RESET)
 <LI><a href="#[36]">TIM5_IRQHandler</a> from isr.o(.text.TIM5_IRQHandler) referenced from startup_mm32f5277e.o(RESET)
 <LI><a href="#[3a]">TIM6_IRQHandler</a> from isr.o(.text.TIM6_IRQHandler) referenced from startup_mm32f5277e.o(RESET)
 <LI><a href="#[3b]">TIM7_IRQHandler</a> from isr.o(.text.TIM7_IRQHandler) referenced from startup_mm32f5277e.o(RESET)
 <LI><a href="#[32]">TIM8_BRK_IRQHandler</a> from startup_mm32f5277e.o(.text) referenced from startup_mm32f5277e.o(RESET)
 <LI><a href="#[35]">TIM8_CC_IRQHandler</a> from startup_mm32f5277e.o(.text) referenced from startup_mm32f5277e.o(RESET)
 <LI><a href="#[34]">TIM8_TRG_COM_IRQHandler</a> from startup_mm32f5277e.o(.text) referenced from startup_mm32f5277e.o(RESET)
 <LI><a href="#[33]">TIM8_UP_IRQHandler</a> from isr.o(.text.TIM8_UP_IRQHandler) referenced from startup_mm32f5277e.o(RESET)
 <LI><a href="#[2c]">UART1_IRQHandler</a> from isr.o(.text.UART1_IRQHandler) referenced from startup_mm32f5277e.o(RESET)
 <LI><a href="#[2d]">UART2_IRQHandler</a> from isr.o(.text.UART2_IRQHandler) referenced from startup_mm32f5277e.o(RESET)
 <LI><a href="#[2e]">UART3_IRQHandler</a> from isr.o(.text.UART3_IRQHandler) referenced from startup_mm32f5277e.o(RESET)
 <LI><a href="#[38]">UART4_IRQHandler</a> from isr.o(.text.UART4_IRQHandler) referenced from startup_mm32f5277e.o(RESET)
 <LI><a href="#[39]">UART5_IRQHandler</a> from isr.o(.text.UART5_IRQHandler) referenced from startup_mm32f5277e.o(RESET)
 <LI><a href="#[49]">UART6_IRQHandler</a> from isr.o(.text.UART6_IRQHandler) referenced from startup_mm32f5277e.o(RESET)
 <LI><a href="#[4a]">UART7_IRQHandler</a> from isr.o(.text.UART7_IRQHandler) referenced from startup_mm32f5277e.o(RESET)
 <LI><a href="#[45]">USB_FS_IRQHandler</a> from startup_mm32f5277e.o(.text) referenced from startup_mm32f5277e.o(RESET)
 <LI><a href="#[31]">USB_WKUP_IRQHandler</a> from startup_mm32f5277e.o(.text) referenced from startup_mm32f5277e.o(RESET)
 <LI><a href="#[5]">UsageFault_Handler</a> from startup_mm32f5277e.o(.text) referenced from startup_mm32f5277e.o(RESET)
 <LI><a href="#[b]">WWDG_IWDG_IRQHandler</a> from startup_mm32f5277e.o(.text) referenced from startup_mm32f5277e.o(RESET)
 <LI><a href="#[64]">_sputc</a> from printf3.o(i._sputc) referenced from printf3.o(i.__0sprintf$3)
 <LI><a href="#[53]">debug_assert_handler</a> from zf_common_debug.o(.text.debug_assert_handler) referenced from user_ips114.o(.text.IPS114_ShowFloat)
 <LI><a href="#[53]">debug_assert_handler</a> from zf_common_debug.o(.text.debug_assert_handler) referenced from zf_device_ips114.o(.text.ips114_set_region)
 <LI><a href="#[53]">debug_assert_handler</a> from zf_common_debug.o(.text.debug_assert_handler) referenced from zf_driver_spi.o(.text.spi_init)
 <LI><a href="#[5b]">debug_uart_str_output</a> from zf_common_debug.o(.text.debug_uart_str_output) referenced from zf_common_debug.o(.text.debug_init)
 <LI><a href="#[5c]">gpio_init</a> from zf_driver_gpio.o(.text.gpio_init) referenced from zf_device_ips114.o(.text.ips114_init)
 <LI><a href="#[5f]">ips114_clear</a> from zf_device_ips114.o(.text.ips114_clear) referenced from zf_device_ips114.o(.text.ips114_init)
 <LI><a href="#[60]">ips114_show_string</a> from zf_device_ips114.o(.text.ips114_show_string) referenced from zf_device_ips114.o(.text.ips114_init)
 <LI><a href="#[51]">ips114_write_index</a> from user_ips114.o(.text.ips114_write_index) referenced from user_ips114.o(.text.IPS114_SendBuffer)
 <LI><a href="#[61]">ips114_write_index</a> from zf_device_ips114.o(.text.ips114_write_index) referenced from zf_device_ips114.o(.text.ips114_set_region)
 <LI><a href="#[4e]">main</a> from main.o(.text.main) referenced from entry9a.o(.ARM.Collect$$$$0000000B)
 <LI><a href="#[63]">soft_iic_send_data</a> from zf_driver_soft_iic.o(.text.soft_iic_send_data) referenced from zf_driver_soft_iic.o(.text.soft_iic_write_8bit_register)
 <LI><a href="#[62]">soft_iic_write_8bit_register</a> from zf_driver_soft_iic.o(.text.soft_iic_write_8bit_register) referenced from zf_device_mpu6050.o(.text.mpu6050_init)
 <LI><a href="#[52]">spi_write_16bit</a> from zf_driver_spi.o(.text.spi_write_16bit) referenced from user_ips114.o(.text.IPS114_SendBuffer)
 <LI><a href="#[52]">spi_write_16bit</a> from zf_driver_spi.o(.text.spi_write_16bit) referenced from zf_device_ips114.o(.text.ips114_set_region)
 <LI><a href="#[5e]">spi_write_8bit</a> from zf_driver_spi.o(.text.spi_write_8bit) referenced from zf_device_ips114.o(.text.ips114_init)
 <LI><a href="#[5d]">system_delay_ms</a> from zf_driver_delay.o(.text.system_delay_ms) referenced from zf_device_ips114.o(.text.ips114_init)
 <LI><a href="#[65]">type_default_callback</a> from zf_device_type.o(.text.type_default_callback) referenced 3 times from zf_device_type.o(.data..L_MergedGlobals)
 <LI><a href="#[65]">type_default_callback</a> from zf_device_type.o(.text.type_default_callback) referenced from zf_device_type.o(.data.wireless_module_uart_handler)
</UL>
<P>
<H3>
Global Symbols
</H3>
<P><STRONG><a name="[66]"></a>__main</STRONG> (Thumb, 0 bytes, Stack size unknown bytes, entry.o(.ARM.Collect$$$$00000000))
<BR><BR>[Called By]<UL><LI><a href="#[0]">&gt;&gt;</a>&nbsp;&nbsp;&nbsp;Reset_Handler
</UL>

<P><STRONG><a name="[150]"></a>_main_stk</STRONG> (Thumb, 0 bytes, Stack size unknown bytes, entry4.o(.ARM.Collect$$$$00000003))

<P><STRONG><a name="[67]"></a>_main_scatterload</STRONG> (Thumb, 0 bytes, Stack size unknown bytes, entry5.o(.ARM.Collect$$$$00000004))
<BR><BR>[Calls]<UL><LI><a href="#[68]">&gt;&gt;</a>&nbsp;&nbsp;&nbsp;__scatterload
</UL>

<P><STRONG><a name="[78]"></a>__main_after_scatterload</STRONG> (Thumb, 0 bytes, Stack size unknown bytes, entry5.o(.ARM.Collect$$$$00000004))
<BR><BR>[Called By]<UL><LI><a href="#[68]">&gt;&gt;</a>&nbsp;&nbsp;&nbsp;__scatterload
</UL>

<P><STRONG><a name="[151]"></a>_main_clock</STRONG> (Thumb, 0 bytes, Stack size unknown bytes, entry7b.o(.ARM.Collect$$$$00000008))

<P><STRONG><a name="[152]"></a>_main_cpp_init</STRONG> (Thumb, 0 bytes, Stack size unknown bytes, entry8b.o(.ARM.Collect$$$$0000000A))

<P><STRONG><a name="[153]"></a>_main_init</STRONG> (Thumb, 0 bytes, Stack size unknown bytes, entry9a.o(.ARM.Collect$$$$0000000B))

<P><STRONG><a name="[154]"></a>__rt_final_cpp</STRONG> (Thumb, 0 bytes, Stack size unknown bytes, entry10a.o(.ARM.Collect$$$$0000000D))

<P><STRONG><a name="[155]"></a>__rt_final_exit</STRONG> (Thumb, 0 bytes, Stack size unknown bytes, entry11a.o(.ARM.Collect$$$$0000000F))

<P><STRONG><a name="[0]"></a>Reset_Handler</STRONG> (Thumb, 24 bytes, Stack size unknown bytes, startup_mm32f5277e.o(.text))
<BR><BR>[Stack]<UL><LI>Max Depth = 56 + Unknown Stack Size
<LI>Call Chain = Reset_Handler &rArr; SystemInit &rArr; clock_init
</UL>
<BR>[Calls]<UL><LI><a href="#[69]">&gt;&gt;</a>&nbsp;&nbsp;&nbsp;SystemInit
<LI><a href="#[66]">&gt;&gt;</a>&nbsp;&nbsp;&nbsp;__main
</UL>
<BR>[Address Reference Count : 1]<UL><LI> startup_mm32f5277e.o(RESET)
</UL>
<P><STRONG><a name="[2]"></a>HardFault_Handler</STRONG> (Thumb, 2 bytes, Stack size unknown bytes, startup_mm32f5277e.o(.text))
<BR><BR>[Calls]<UL><LI><a href="#[2]">&gt;&gt;</a>&nbsp;&nbsp;&nbsp;HardFault_Handler
</UL>
<BR>[Called By]<UL><LI><a href="#[2]">&gt;&gt;</a>&nbsp;&nbsp;&nbsp;HardFault_Handler
</UL>
<BR>[Address Reference Count : 1]<UL><LI> startup_mm32f5277e.o(RESET)
</UL>
<P><STRONG><a name="[1d]"></a>ADC1_2_IRQHandler</STRONG> (Thumb, 2 bytes, Stack size unknown bytes, startup_mm32f5277e.o(.text))
<BR><BR>[Calls]<UL><LI><a href="#[1d]">&gt;&gt;</a>&nbsp;&nbsp;&nbsp;ADC1_2_IRQHandler
</UL>
<BR>[Called By]<UL><LI><a href="#[1d]">&gt;&gt;</a>&nbsp;&nbsp;&nbsp;ADC1_2_IRQHandler
</UL>
<BR>[Address Reference Count : 1]<UL><LI> startup_mm32f5277e.o(RESET)
</UL>
<P><STRONG><a name="[d]"></a>BKP_TAMPER_IRQHandler</STRONG> (Thumb, 2 bytes, Stack size unknown bytes, startup_mm32f5277e.o(.text))
<BR>[Address Reference Count : 1]<UL><LI> startup_mm32f5277e.o(RESET)
</UL>
<P><STRONG><a name="[4]"></a>BusFault_Handler</STRONG> (Thumb, 2 bytes, Stack size unknown bytes, startup_mm32f5277e.o(.text))
<BR>[Address Reference Count : 1]<UL><LI> startup_mm32f5277e.o(RESET)
</UL>
<P><STRONG><a name="[43]"></a>COMP_IRQHandler</STRONG> (Thumb, 2 bytes, Stack size unknown bytes, startup_mm32f5277e.o(.text))
<BR>[Address Reference Count : 1]<UL><LI> startup_mm32f5277e.o(RESET)
</UL>
<P><STRONG><a name="[8]"></a>DebugMon_Handler</STRONG> (Thumb, 2 bytes, Stack size unknown bytes, startup_mm32f5277e.o(.text))
<BR>[Address Reference Count : 1]<UL><LI> startup_mm32f5277e.o(RESET)
</UL>
<P><STRONG><a name="[156]"></a>Default_Handler</STRONG> (Thumb, 2 bytes, Stack size unknown bytes, startup_mm32f5277e.o(.text), UNUSED)

<P><STRONG><a name="[41]"></a>ENET_IRQHandler</STRONG> (Thumb, 2 bytes, Stack size unknown bytes, startup_mm32f5277e.o(.text))
<BR>[Address Reference Count : 1]<UL><LI> startup_mm32f5277e.o(RESET)
</UL>
<P><STRONG><a name="[42]"></a>ENET_WKUP_IRQHandler</STRONG> (Thumb, 2 bytes, Stack size unknown bytes, startup_mm32f5277e.o(.text))
<BR>[Address Reference Count : 1]<UL><LI> startup_mm32f5277e.o(RESET)
</UL>
<P><STRONG><a name="[f]"></a>FLASH_IRQHandler</STRONG> (Thumb, 2 bytes, Stack size unknown bytes, startup_mm32f5277e.o(.text))
<BR>[Address Reference Count : 1]<UL><LI> startup_mm32f5277e.o(RESET)
</UL>
<P><STRONG><a name="[1f]"></a>FlexCAN1_IRQHandler</STRONG> (Thumb, 2 bytes, Stack size unknown bytes, startup_mm32f5277e.o(.text))
<BR>[Address Reference Count : 1]<UL><LI> startup_mm32f5277e.o(RESET)
</UL>
<P><STRONG><a name="[44]"></a>FlexCAN2_IRQHandler</STRONG> (Thumb, 2 bytes, Stack size unknown bytes, startup_mm32f5277e.o(.text))
<BR>[Address Reference Count : 1]<UL><LI> startup_mm32f5277e.o(RESET)
</UL>
<P><STRONG><a name="[28]"></a>I2C1_IRQHandler</STRONG> (Thumb, 2 bytes, Stack size unknown bytes, startup_mm32f5277e.o(.text))
<BR>[Address Reference Count : 1]<UL><LI> startup_mm32f5277e.o(RESET)
</UL>
<P><STRONG><a name="[29]"></a>I2C2_IRQHandler</STRONG> (Thumb, 2 bytes, Stack size unknown bytes, startup_mm32f5277e.o(.text))
<BR>[Address Reference Count : 1]<UL><LI> startup_mm32f5277e.o(RESET)
</UL>
<P><STRONG><a name="[4c]"></a>LPTIM_IRQHandler</STRONG> (Thumb, 2 bytes, Stack size unknown bytes, startup_mm32f5277e.o(.text))
<BR>[Address Reference Count : 1]<UL><LI> startup_mm32f5277e.o(RESET)
</UL>
<P><STRONG><a name="[4d]"></a>LPUART_IRQHandler</STRONG> (Thumb, 2 bytes, Stack size unknown bytes, startup_mm32f5277e.o(.text))
<BR>[Address Reference Count : 1]<UL><LI> startup_mm32f5277e.o(RESET)
</UL>
<P><STRONG><a name="[3]"></a>MemManage_Handler</STRONG> (Thumb, 2 bytes, Stack size unknown bytes, startup_mm32f5277e.o(.text))
<BR>[Address Reference Count : 1]<UL><LI> startup_mm32f5277e.o(RESET)
</UL>
<P><STRONG><a name="[1]"></a>NMI_Handler</STRONG> (Thumb, 2 bytes, Stack size unknown bytes, startup_mm32f5277e.o(.text))
<BR>[Address Reference Count : 1]<UL><LI> startup_mm32f5277e.o(RESET)
</UL>
<P><STRONG><a name="[c]"></a>PVD_IRQHandler</STRONG> (Thumb, 2 bytes, Stack size unknown bytes, startup_mm32f5277e.o(.text))
<BR>[Address Reference Count : 1]<UL><LI> startup_mm32f5277e.o(RESET)
</UL>
<P><STRONG><a name="[9]"></a>PendSV_Handler</STRONG> (Thumb, 2 bytes, Stack size unknown bytes, startup_mm32f5277e.o(.text))
<BR>[Address Reference Count : 1]<UL><LI> startup_mm32f5277e.o(RESET)
</UL>
<P><STRONG><a name="[4b]"></a>QSPI_IRQHandler</STRONG> (Thumb, 2 bytes, Stack size unknown bytes, startup_mm32f5277e.o(.text))
<BR>[Address Reference Count : 1]<UL><LI> startup_mm32f5277e.o(RESET)
</UL>
<P><STRONG><a name="[10]"></a>RCC_CRS_IRQHandler</STRONG> (Thumb, 2 bytes, Stack size unknown bytes, startup_mm32f5277e.o(.text))
<BR>[Address Reference Count : 1]<UL><LI> startup_mm32f5277e.o(RESET)
</UL>
<P><STRONG><a name="[30]"></a>RTC_ALR_IRQHandler</STRONG> (Thumb, 2 bytes, Stack size unknown bytes, startup_mm32f5277e.o(.text))
<BR>[Address Reference Count : 1]<UL><LI> startup_mm32f5277e.o(RESET)
</UL>
<P><STRONG><a name="[e]"></a>RTC_IRQHandler</STRONG> (Thumb, 2 bytes, Stack size unknown bytes, startup_mm32f5277e.o(.text))
<BR>[Address Reference Count : 1]<UL><LI> startup_mm32f5277e.o(RESET)
</UL>
<P><STRONG><a name="[2a]"></a>SPI1_IRQHandler</STRONG> (Thumb, 2 bytes, Stack size unknown bytes, startup_mm32f5277e.o(.text))
<BR>[Address Reference Count : 1]<UL><LI> startup_mm32f5277e.o(RESET)
</UL>
<P><STRONG><a name="[2b]"></a>SPI2_IRQHandler</STRONG> (Thumb, 2 bytes, Stack size unknown bytes, startup_mm32f5277e.o(.text))
<BR>[Address Reference Count : 1]<UL><LI> startup_mm32f5277e.o(RESET)
</UL>
<P><STRONG><a name="[37]"></a>SPI3_IRQHandler</STRONG> (Thumb, 2 bytes, Stack size unknown bytes, startup_mm32f5277e.o(.text))
<BR>[Address Reference Count : 1]<UL><LI> startup_mm32f5277e.o(RESET)
</UL>
<P><STRONG><a name="[7]"></a>SVC_Handler</STRONG> (Thumb, 2 bytes, Stack size unknown bytes, startup_mm32f5277e.o(.text))
<BR>[Address Reference Count : 1]<UL><LI> startup_mm32f5277e.o(RESET)
</UL>
<P><STRONG><a name="[6]"></a>SecureFault_Handler</STRONG> (Thumb, 2 bytes, Stack size unknown bytes, startup_mm32f5277e.o(.text))
<BR>[Address Reference Count : 1]<UL><LI> startup_mm32f5277e.o(RESET)
</UL>
<P><STRONG><a name="[a]"></a>SysTick_Handler</STRONG> (Thumb, 2 bytes, Stack size unknown bytes, startup_mm32f5277e.o(.text))
<BR>[Address Reference Count : 1]<UL><LI> startup_mm32f5277e.o(RESET)
</UL>
<P><STRONG><a name="[21]"></a>TIM1_BRK_IRQHandler</STRONG> (Thumb, 2 bytes, Stack size unknown bytes, startup_mm32f5277e.o(.text))
<BR>[Address Reference Count : 1]<UL><LI> startup_mm32f5277e.o(RESET)
</UL>
<P><STRONG><a name="[24]"></a>TIM1_CC_IRQHandler</STRONG> (Thumb, 2 bytes, Stack size unknown bytes, startup_mm32f5277e.o(.text))
<BR>[Address Reference Count : 1]<UL><LI> startup_mm32f5277e.o(RESET)
</UL>
<P><STRONG><a name="[23]"></a>TIM1_TRG_COM_IRQHandler</STRONG> (Thumb, 2 bytes, Stack size unknown bytes, startup_mm32f5277e.o(.text))
<BR>[Address Reference Count : 1]<UL><LI> startup_mm32f5277e.o(RESET)
</UL>
<P><STRONG><a name="[32]"></a>TIM8_BRK_IRQHandler</STRONG> (Thumb, 2 bytes, Stack size unknown bytes, startup_mm32f5277e.o(.text))
<BR>[Address Reference Count : 1]<UL><LI> startup_mm32f5277e.o(RESET)
</UL>
<P><STRONG><a name="[35]"></a>TIM8_CC_IRQHandler</STRONG> (Thumb, 2 bytes, Stack size unknown bytes, startup_mm32f5277e.o(.text))
<BR>[Address Reference Count : 1]<UL><LI> startup_mm32f5277e.o(RESET)
</UL>
<P><STRONG><a name="[34]"></a>TIM8_TRG_COM_IRQHandler</STRONG> (Thumb, 2 bytes, Stack size unknown bytes, startup_mm32f5277e.o(.text))
<BR>[Address Reference Count : 1]<UL><LI> startup_mm32f5277e.o(RESET)
</UL>
<P><STRONG><a name="[45]"></a>USB_FS_IRQHandler</STRONG> (Thumb, 2 bytes, Stack size unknown bytes, startup_mm32f5277e.o(.text))
<BR>[Address Reference Count : 1]<UL><LI> startup_mm32f5277e.o(RESET)
</UL>
<P><STRONG><a name="[31]"></a>USB_WKUP_IRQHandler</STRONG> (Thumb, 2 bytes, Stack size unknown bytes, startup_mm32f5277e.o(.text))
<BR>[Address Reference Count : 1]<UL><LI> startup_mm32f5277e.o(RESET)
</UL>
<P><STRONG><a name="[5]"></a>UsageFault_Handler</STRONG> (Thumb, 2 bytes, Stack size unknown bytes, startup_mm32f5277e.o(.text))
<BR>[Address Reference Count : 1]<UL><LI> startup_mm32f5277e.o(RESET)
</UL>
<P><STRONG><a name="[b]"></a>WWDG_IWDG_IRQHandler</STRONG> (Thumb, 2 bytes, Stack size unknown bytes, startup_mm32f5277e.o(.text))
<BR>[Address Reference Count : 1]<UL><LI> startup_mm32f5277e.o(RESET)
</UL>
<P><STRONG><a name="[f4]"></a>__aeabi_memcpy</STRONG> (Thumb, 36 bytes, Stack size 0 bytes, memcpya.o(.text))
<BR><BR>[Called By]<UL><LI><a href="#[11b]">&gt;&gt;</a>&nbsp;&nbsp;&nbsp;fifo_read_buffer
<LI><a href="#[11f]">&gt;&gt;</a>&nbsp;&nbsp;&nbsp;fifo_write_buffer
<LI><a href="#[f3]">&gt;&gt;</a>&nbsp;&nbsp;&nbsp;OUTLINED_FUNCTION_3
</UL>

<P><STRONG><a name="[121]"></a>__aeabi_memcpy4</STRONG> (Thumb, 0 bytes, Stack size 0 bytes, memcpya.o(.text))
<BR><BR>[Called By]<UL><LI><a href="#[11f]">&gt;&gt;</a>&nbsp;&nbsp;&nbsp;fifo_write_buffer
</UL>

<P><STRONG><a name="[157]"></a>__aeabi_memcpy8</STRONG> (Thumb, 0 bytes, Stack size 0 bytes, memcpya.o(.text), UNUSED)

<P><STRONG><a name="[6b]"></a>__aeabi_memset</STRONG> (Thumb, 14 bytes, Stack size 0 bytes, memseta.o(.text))
<BR><BR>[Called By]<UL><LI><a href="#[6c]">&gt;&gt;</a>&nbsp;&nbsp;&nbsp;_memset$wrapper
<LI><a href="#[6a]">&gt;&gt;</a>&nbsp;&nbsp;&nbsp;__aeabi_memclr
</UL>

<P><STRONG><a name="[ce]"></a>__aeabi_memset4</STRONG> (Thumb, 0 bytes, Stack size 0 bytes, memseta.o(.text))
<BR><BR>[Called By]<UL><LI><a href="#[c5]">&gt;&gt;</a>&nbsp;&nbsp;&nbsp;flash_buffer_clear
<LI><a href="#[9d]">&gt;&gt;</a>&nbsp;&nbsp;&nbsp;IPS114_ShowFloat
</UL>

<P><STRONG><a name="[158]"></a>__aeabi_memset8</STRONG> (Thumb, 0 bytes, Stack size 0 bytes, memseta.o(.text), UNUSED)

<P><STRONG><a name="[6a]"></a>__aeabi_memclr</STRONG> (Thumb, 4 bytes, Stack size 0 bytes, memseta.o(.text))
<BR><BR>[Calls]<UL><LI><a href="#[6b]">&gt;&gt;</a>&nbsp;&nbsp;&nbsp;__aeabi_memset
</UL>
<BR>[Called By]<UL><LI><a href="#[11a]">&gt;&gt;</a>&nbsp;&nbsp;&nbsp;fifo_clear
</UL>

<P><STRONG><a name="[cd]"></a>__aeabi_memclr4</STRONG> (Thumb, 0 bytes, Stack size 0 bytes, memseta.o(.text))
<BR><BR>[Called By]<UL><LI><a href="#[10e]">&gt;&gt;</a>&nbsp;&nbsp;&nbsp;debug_output
<LI><a href="#[9d]">&gt;&gt;</a>&nbsp;&nbsp;&nbsp;IPS114_ShowFloat
<LI><a href="#[92]">&gt;&gt;</a>&nbsp;&nbsp;&nbsp;IPS114_ClearBuffer
</UL>

<P><STRONG><a name="[a1]"></a>__aeabi_memclr8</STRONG> (Thumb, 0 bytes, Stack size 0 bytes, memseta.o(.text))
<BR><BR>[Called By]<UL><LI><a href="#[56]">&gt;&gt;</a>&nbsp;&nbsp;&nbsp;EasyUIAddItem
</UL>

<P><STRONG><a name="[6c]"></a>_memset$wrapper</STRONG> (Thumb, 18 bytes, Stack size 8 bytes, memseta.o(.text), UNUSED)
<BR><BR>[Calls]<UL><LI><a href="#[6b]">&gt;&gt;</a>&nbsp;&nbsp;&nbsp;__aeabi_memset
</UL>

<P><STRONG><a name="[a4]"></a>strlen</STRONG> (Thumb, 14 bytes, Stack size 0 bytes, strlen.o(.text))
<BR><BR>[Called By]<UL><LI><a href="#[10e]">&gt;&gt;</a>&nbsp;&nbsp;&nbsp;debug_output
<LI><a href="#[57]">&gt;&gt;</a>&nbsp;&nbsp;&nbsp;EasyUIEventChangeFloat
<LI><a href="#[58]">&gt;&gt;</a>&nbsp;&nbsp;&nbsp;EasyUIEventChangeUint
<LI><a href="#[93]">&gt;&gt;</a>&nbsp;&nbsp;&nbsp;EasyUIDrawIndicator
<LI><a href="#[9f]">&gt;&gt;</a>&nbsp;&nbsp;&nbsp;EasyUIDrawMsgBox
<LI><a href="#[bb]">&gt;&gt;</a>&nbsp;&nbsp;&nbsp;OUTLINED_FUNCTION_26
</UL>

<P><STRONG><a name="[126]"></a>memcmp</STRONG> (Thumb, 26 bytes, Stack size 12 bytes, memcmp.o(.text))
<BR><BR>[Stack]<UL><LI>Max Depth = 12<LI>Call Chain = memcmp
</UL>
<BR>[Called By]<UL><LI><a href="#[103]">&gt;&gt;</a>&nbsp;&nbsp;&nbsp;gps_uart_callback
</UL>

<P><STRONG><a name="[6d]"></a>__aeabi_dadd</STRONG> (Thumb, 322 bytes, Stack size 48 bytes, dadd.o(.text))
<BR><BR>[Stack]<UL><LI>Max Depth = 88<LI>Call Chain = __aeabi_dadd &rArr; _double_epilogue &rArr; _double_round
</UL>
<BR>[Calls]<UL><LI><a href="#[6f]">&gt;&gt;</a>&nbsp;&nbsp;&nbsp;__aeabi_lasr
<LI><a href="#[6e]">&gt;&gt;</a>&nbsp;&nbsp;&nbsp;__aeabi_llsl
<LI><a href="#[71]">&gt;&gt;</a>&nbsp;&nbsp;&nbsp;_double_round
<LI><a href="#[70]">&gt;&gt;</a>&nbsp;&nbsp;&nbsp;_double_epilogue
</UL>
<BR>[Called By]<UL><LI><a href="#[72]">&gt;&gt;</a>&nbsp;&nbsp;&nbsp;__aeabi_dsub
<LI><a href="#[73]">&gt;&gt;</a>&nbsp;&nbsp;&nbsp;__aeabi_drsub
<LI><a href="#[57]">&gt;&gt;</a>&nbsp;&nbsp;&nbsp;EasyUIEventChangeFloat
<LI><a href="#[be]">&gt;&gt;</a>&nbsp;&nbsp;&nbsp;OUTLINED_FUNCTION_13
</UL>

<P><STRONG><a name="[72]"></a>__aeabi_dsub</STRONG> (Thumb, 6 bytes, Stack size 0 bytes, dadd.o(.text))
<BR><BR>[Stack]<UL><LI>Max Depth = 88<LI>Call Chain = __aeabi_dsub &rArr; __aeabi_dadd &rArr; _double_epilogue &rArr; _double_round
</UL>
<BR>[Calls]<UL><LI><a href="#[6d]">&gt;&gt;</a>&nbsp;&nbsp;&nbsp;__aeabi_dadd
</UL>
<BR>[Called By]<UL><LI><a href="#[ae]">&gt;&gt;</a>&nbsp;&nbsp;&nbsp;OUTLINED_FUNCTION_28
</UL>

<P><STRONG><a name="[73]"></a>__aeabi_drsub</STRONG> (Thumb, 6 bytes, Stack size 0 bytes, dadd.o(.text), UNUSED)
<BR><BR>[Calls]<UL><LI><a href="#[6d]">&gt;&gt;</a>&nbsp;&nbsp;&nbsp;__aeabi_dadd
</UL>

<P><STRONG><a name="[f0]"></a>__aeabi_dcmple</STRONG> (Thumb, 54 bytes, Stack size 12 bytes, dcmple.o(.text))
<BR><BR>[Stack]<UL><LI>Max Depth = 12<LI>Call Chain = __aeabi_dcmple
</UL>
<BR>[Called By]<UL><LI><a href="#[9b]">&gt;&gt;</a>&nbsp;&nbsp;&nbsp;OUTLINED_FUNCTION_22
</UL>

<P><STRONG><a name="[99]"></a>__aeabi_dcmplt</STRONG> (Thumb, 54 bytes, Stack size 12 bytes, dcmplt.o(.text))
<BR><BR>[Stack]<UL><LI>Max Depth = 12<LI>Call Chain = __aeabi_dcmplt
</UL>
<BR>[Called By]<UL><LI><a href="#[8d]">&gt;&gt;</a>&nbsp;&nbsp;&nbsp;EasyUI
<LI><a href="#[58]">&gt;&gt;</a>&nbsp;&nbsp;&nbsp;EasyUIEventChangeUint
</UL>

<P><STRONG><a name="[98]"></a>__aeabi_dcmpge</STRONG> (Thumb, 54 bytes, Stack size 12 bytes, dcmpge.o(.text))
<BR><BR>[Stack]<UL><LI>Max Depth = 12<LI>Call Chain = __aeabi_dcmpge
</UL>
<BR>[Called By]<UL><LI><a href="#[8d]">&gt;&gt;</a>&nbsp;&nbsp;&nbsp;EasyUI
<LI><a href="#[9a]">&gt;&gt;</a>&nbsp;&nbsp;&nbsp;OUTLINED_FUNCTION_21
</UL>

<P><STRONG><a name="[b0]"></a>__aeabi_dcmpeq</STRONG> (Thumb, 56 bytes, Stack size 12 bytes, dcmpeq.o(.text))
<BR><BR>[Stack]<UL><LI>Max Depth = 12<LI>Call Chain = __aeabi_dcmpeq
</UL>
<BR>[Called By]<UL><LI><a href="#[57]">&gt;&gt;</a>&nbsp;&nbsp;&nbsp;EasyUIEventChangeFloat
<LI><a href="#[b2]">&gt;&gt;</a>&nbsp;&nbsp;&nbsp;OUTLINED_FUNCTION_25
<LI><a href="#[b1]">&gt;&gt;</a>&nbsp;&nbsp;&nbsp;OUTLINED_FUNCTION_7
</UL>

<P><STRONG><a name="[74]"></a>__aeabi_ui2d</STRONG> (Thumb, 26 bytes, Stack size 16 bytes, dfltui.o(.text))
<BR><BR>[Stack]<UL><LI>Max Depth = 56<LI>Call Chain = __aeabi_ui2d &rArr; _double_epilogue &rArr; _double_round
</UL>
<BR>[Calls]<UL><LI><a href="#[70]">&gt;&gt;</a>&nbsp;&nbsp;&nbsp;_double_epilogue
</UL>
<BR>[Called By]<UL><LI><a href="#[58]">&gt;&gt;</a>&nbsp;&nbsp;&nbsp;EasyUIEventChangeUint
</UL>

<P><STRONG><a name="[75]"></a>__aeabi_d2f</STRONG> (Thumb, 56 bytes, Stack size 8 bytes, d2f.o(.text))
<BR><BR>[Stack]<UL><LI>Max Depth = 8<LI>Call Chain = __aeabi_d2f
</UL>
<BR>[Calls]<UL><LI><a href="#[76]">&gt;&gt;</a>&nbsp;&nbsp;&nbsp;_float_round
</UL>
<BR>[Called By]<UL><LI><a href="#[9c]">&gt;&gt;</a>&nbsp;&nbsp;&nbsp;OUTLINED_FUNCTION_15
<LI><a href="#[b3]">&gt;&gt;</a>&nbsp;&nbsp;&nbsp;OUTLINED_FUNCTION_11
</UL>

<P><STRONG><a name="[159]"></a>__aeabi_uidiv</STRONG> (Thumb, 0 bytes, Stack size 12 bytes, uidiv.o(.text), UNUSED)

<P><STRONG><a name="[14f]"></a>__aeabi_uidivmod</STRONG> (Thumb, 44 bytes, Stack size 12 bytes, uidiv.o(.text), UNUSED)
<BR><BR>[Called By]<UL><LI><a href="#[14e]">&gt;&gt;</a>&nbsp;&nbsp;&nbsp;_printf_core
</UL>

<P><STRONG><a name="[6e]"></a>__aeabi_llsl</STRONG> (Thumb, 30 bytes, Stack size 0 bytes, llshl.o(.text))
<BR><BR>[Called By]<UL><LI><a href="#[6d]">&gt;&gt;</a>&nbsp;&nbsp;&nbsp;__aeabi_dadd
<LI><a href="#[70]">&gt;&gt;</a>&nbsp;&nbsp;&nbsp;_double_epilogue
</UL>

<P><STRONG><a name="[15a]"></a>_ll_shift_l</STRONG> (Thumb, 0 bytes, Stack size 0 bytes, llshl.o(.text), UNUSED)

<P><STRONG><a name="[77]"></a>__aeabi_llsr</STRONG> (Thumb, 32 bytes, Stack size 0 bytes, llushr.o(.text))
<BR><BR>[Called By]<UL><LI><a href="#[70]">&gt;&gt;</a>&nbsp;&nbsp;&nbsp;_double_epilogue
</UL>

<P><STRONG><a name="[15b]"></a>_ll_ushift_r</STRONG> (Thumb, 0 bytes, Stack size 0 bytes, llushr.o(.text), UNUSED)

<P><STRONG><a name="[6f]"></a>__aeabi_lasr</STRONG> (Thumb, 36 bytes, Stack size 0 bytes, llsshr.o(.text))
<BR><BR>[Called By]<UL><LI><a href="#[6d]">&gt;&gt;</a>&nbsp;&nbsp;&nbsp;__aeabi_dadd
</UL>

<P><STRONG><a name="[15c]"></a>_ll_sshift_r</STRONG> (Thumb, 0 bytes, Stack size 0 bytes, llsshr.o(.text), UNUSED)

<P><STRONG><a name="[15d]"></a>__I$use$fp</STRONG> (Thumb, 0 bytes, Stack size 0 bytes, iusefp.o(.text), UNUSED)

<P><STRONG><a name="[76]"></a>_float_round</STRONG> (Thumb, 18 bytes, Stack size 0 bytes, fepilogue.o(.text))
<BR><BR>[Called By]<UL><LI><a href="#[75]">&gt;&gt;</a>&nbsp;&nbsp;&nbsp;__aeabi_d2f
</UL>

<P><STRONG><a name="[15e]"></a>_float_epilogue</STRONG> (Thumb, 92 bytes, Stack size 4 bytes, fepilogue.o(.text), UNUSED)

<P><STRONG><a name="[71]"></a>_double_round</STRONG> (Thumb, 30 bytes, Stack size 8 bytes, depilogue.o(.text))
<BR><BR>[Stack]<UL><LI>Max Depth = 8<LI>Call Chain = _double_round
</UL>
<BR>[Called By]<UL><LI><a href="#[6d]">&gt;&gt;</a>&nbsp;&nbsp;&nbsp;__aeabi_dadd
<LI><a href="#[70]">&gt;&gt;</a>&nbsp;&nbsp;&nbsp;_double_epilogue
</UL>

<P><STRONG><a name="[70]"></a>_double_epilogue</STRONG> (Thumb, 156 bytes, Stack size 32 bytes, depilogue.o(.text))
<BR><BR>[Stack]<UL><LI>Max Depth = 40<LI>Call Chain = _double_epilogue &rArr; _double_round
</UL>
<BR>[Calls]<UL><LI><a href="#[77]">&gt;&gt;</a>&nbsp;&nbsp;&nbsp;__aeabi_llsr
<LI><a href="#[6e]">&gt;&gt;</a>&nbsp;&nbsp;&nbsp;__aeabi_llsl
<LI><a href="#[71]">&gt;&gt;</a>&nbsp;&nbsp;&nbsp;_double_round
</UL>
<BR>[Called By]<UL><LI><a href="#[6d]">&gt;&gt;</a>&nbsp;&nbsp;&nbsp;__aeabi_dadd
<LI><a href="#[74]">&gt;&gt;</a>&nbsp;&nbsp;&nbsp;__aeabi_ui2d
</UL>

<P><STRONG><a name="[68]"></a>__scatterload</STRONG> (Thumb, 28 bytes, Stack size 0 bytes, init.o(.text))
<BR><BR>[Calls]<UL><LI><a href="#[78]">&gt;&gt;</a>&nbsp;&nbsp;&nbsp;__main_after_scatterload
</UL>
<BR>[Called By]<UL><LI><a href="#[67]">&gt;&gt;</a>&nbsp;&nbsp;&nbsp;_main_scatterload
</UL>

<P><STRONG><a name="[15f]"></a>__scatterload_rt2</STRONG> (Thumb, 0 bytes, Stack size 0 bytes, init.o(.text), UNUSED)

<P><STRONG><a name="[16]"></a>DMA1_CH1_IRQHandler</STRONG> (Thumb, 64 bytes, Stack size 8 bytes, isr.o(.text.DMA1_CH1_IRQHandler))
<BR><BR>[Stack]<UL><LI>Max Depth = 8<LI>Call Chain = DMA1_CH1_IRQHandler
</UL>
<BR>[Calls]<UL><LI><a href="#[7d]">&gt;&gt;</a>&nbsp;&nbsp;&nbsp;DMA_ClearChannelInterruptStatus
<LI><a href="#[7c]">&gt;&gt;</a>&nbsp;&nbsp;&nbsp;OUTLINED_FUNCTION_0
<LI><a href="#[7b]">&gt;&gt;</a>&nbsp;&nbsp;&nbsp;OUTLINED_FUNCTION_10
<LI><a href="#[7a]">&gt;&gt;</a>&nbsp;&nbsp;&nbsp;OUTLINED_FUNCTION_1
<LI><a href="#[79]">&gt;&gt;</a>&nbsp;&nbsp;&nbsp;OUTLINED_FUNCTION_2
</UL>
<BR>[Address Reference Count : 1]<UL><LI> startup_mm32f5277e.o(RESET)
</UL>
<P><STRONG><a name="[17]"></a>DMA1_CH2_IRQHandler</STRONG> (Thumb, 64 bytes, Stack size 8 bytes, isr.o(.text.DMA1_CH2_IRQHandler))
<BR><BR>[Stack]<UL><LI>Max Depth = 8<LI>Call Chain = DMA1_CH2_IRQHandler
</UL>
<BR>[Calls]<UL><LI><a href="#[7d]">&gt;&gt;</a>&nbsp;&nbsp;&nbsp;DMA_ClearChannelInterruptStatus
<LI><a href="#[7e]">&gt;&gt;</a>&nbsp;&nbsp;&nbsp;OUTLINED_FUNCTION_9
<LI><a href="#[7c]">&gt;&gt;</a>&nbsp;&nbsp;&nbsp;OUTLINED_FUNCTION_0
<LI><a href="#[7a]">&gt;&gt;</a>&nbsp;&nbsp;&nbsp;OUTLINED_FUNCTION_1
<LI><a href="#[79]">&gt;&gt;</a>&nbsp;&nbsp;&nbsp;OUTLINED_FUNCTION_2
</UL>
<BR>[Address Reference Count : 1]<UL><LI> startup_mm32f5277e.o(RESET)
</UL>
<P><STRONG><a name="[18]"></a>DMA1_CH3_IRQHandler</STRONG> (Thumb, 64 bytes, Stack size 8 bytes, isr.o(.text.DMA1_CH3_IRQHandler))
<BR><BR>[Stack]<UL><LI>Max Depth = 8<LI>Call Chain = DMA1_CH3_IRQHandler
</UL>
<BR>[Calls]<UL><LI><a href="#[7d]">&gt;&gt;</a>&nbsp;&nbsp;&nbsp;DMA_ClearChannelInterruptStatus
<LI><a href="#[7f]">&gt;&gt;</a>&nbsp;&nbsp;&nbsp;OUTLINED_FUNCTION_13
<LI><a href="#[7c]">&gt;&gt;</a>&nbsp;&nbsp;&nbsp;OUTLINED_FUNCTION_0
<LI><a href="#[7a]">&gt;&gt;</a>&nbsp;&nbsp;&nbsp;OUTLINED_FUNCTION_1
<LI><a href="#[79]">&gt;&gt;</a>&nbsp;&nbsp;&nbsp;OUTLINED_FUNCTION_2
</UL>
<BR>[Address Reference Count : 1]<UL><LI> startup_mm32f5277e.o(RESET)
</UL>
<P><STRONG><a name="[19]"></a>DMA1_CH4_IRQHandler</STRONG> (Thumb, 68 bytes, Stack size 8 bytes, isr.o(.text.DMA1_CH4_IRQHandler))
<BR><BR>[Stack]<UL><LI>Max Depth = 8<LI>Call Chain = DMA1_CH4_IRQHandler
</UL>
<BR>[Calls]<UL><LI><a href="#[7d]">&gt;&gt;</a>&nbsp;&nbsp;&nbsp;DMA_ClearChannelInterruptStatus
<LI><a href="#[80]">&gt;&gt;</a>&nbsp;&nbsp;&nbsp;OUTLINED_FUNCTION_8
<LI><a href="#[7c]">&gt;&gt;</a>&nbsp;&nbsp;&nbsp;OUTLINED_FUNCTION_0
<LI><a href="#[7a]">&gt;&gt;</a>&nbsp;&nbsp;&nbsp;OUTLINED_FUNCTION_1
<LI><a href="#[79]">&gt;&gt;</a>&nbsp;&nbsp;&nbsp;OUTLINED_FUNCTION_2
</UL>
<BR>[Address Reference Count : 1]<UL><LI> startup_mm32f5277e.o(RESET)
</UL>
<P><STRONG><a name="[1a]"></a>DMA1_CH5_IRQHandler</STRONG> (Thumb, 64 bytes, Stack size 8 bytes, isr.o(.text.DMA1_CH5_IRQHandler))
<BR><BR>[Stack]<UL><LI>Max Depth = 8<LI>Call Chain = DMA1_CH5_IRQHandler
</UL>
<BR>[Calls]<UL><LI><a href="#[7d]">&gt;&gt;</a>&nbsp;&nbsp;&nbsp;DMA_ClearChannelInterruptStatus
<LI><a href="#[81]">&gt;&gt;</a>&nbsp;&nbsp;&nbsp;OUTLINED_FUNCTION_6
<LI><a href="#[7c]">&gt;&gt;</a>&nbsp;&nbsp;&nbsp;OUTLINED_FUNCTION_0
<LI><a href="#[7a]">&gt;&gt;</a>&nbsp;&nbsp;&nbsp;OUTLINED_FUNCTION_1
<LI><a href="#[79]">&gt;&gt;</a>&nbsp;&nbsp;&nbsp;OUTLINED_FUNCTION_2
</UL>
<BR>[Address Reference Count : 1]<UL><LI> startup_mm32f5277e.o(RESET)
</UL>
<P><STRONG><a name="[1b]"></a>DMA1_CH6_IRQHandler</STRONG> (Thumb, 64 bytes, Stack size 8 bytes, isr.o(.text.DMA1_CH6_IRQHandler))
<BR><BR>[Stack]<UL><LI>Max Depth = 8<LI>Call Chain = DMA1_CH6_IRQHandler
</UL>
<BR>[Calls]<UL><LI><a href="#[7d]">&gt;&gt;</a>&nbsp;&nbsp;&nbsp;DMA_ClearChannelInterruptStatus
<LI><a href="#[82]">&gt;&gt;</a>&nbsp;&nbsp;&nbsp;OUTLINED_FUNCTION_14
<LI><a href="#[7c]">&gt;&gt;</a>&nbsp;&nbsp;&nbsp;OUTLINED_FUNCTION_0
<LI><a href="#[7a]">&gt;&gt;</a>&nbsp;&nbsp;&nbsp;OUTLINED_FUNCTION_1
<LI><a href="#[79]">&gt;&gt;</a>&nbsp;&nbsp;&nbsp;OUTLINED_FUNCTION_2
</UL>
<BR>[Address Reference Count : 1]<UL><LI> startup_mm32f5277e.o(RESET)
</UL>
<P><STRONG><a name="[1c]"></a>DMA1_CH7_IRQHandler</STRONG> (Thumb, 64 bytes, Stack size 8 bytes, isr.o(.text.DMA1_CH7_IRQHandler))
<BR><BR>[Stack]<UL><LI>Max Depth = 8<LI>Call Chain = DMA1_CH7_IRQHandler
</UL>
<BR>[Calls]<UL><LI><a href="#[7d]">&gt;&gt;</a>&nbsp;&nbsp;&nbsp;DMA_ClearChannelInterruptStatus
<LI><a href="#[83]">&gt;&gt;</a>&nbsp;&nbsp;&nbsp;OUTLINED_FUNCTION_7
<LI><a href="#[7c]">&gt;&gt;</a>&nbsp;&nbsp;&nbsp;OUTLINED_FUNCTION_0
<LI><a href="#[7a]">&gt;&gt;</a>&nbsp;&nbsp;&nbsp;OUTLINED_FUNCTION_1
<LI><a href="#[79]">&gt;&gt;</a>&nbsp;&nbsp;&nbsp;OUTLINED_FUNCTION_2
</UL>
<BR>[Address Reference Count : 1]<UL><LI> startup_mm32f5277e.o(RESET)
</UL>
<P><STRONG><a name="[1e]"></a>DMA1_CH8_IRQHandler</STRONG> (Thumb, 64 bytes, Stack size 8 bytes, isr.o(.text.DMA1_CH8_IRQHandler))
<BR><BR>[Stack]<UL><LI>Max Depth = 8<LI>Call Chain = DMA1_CH8_IRQHandler
</UL>
<BR>[Calls]<UL><LI><a href="#[7d]">&gt;&gt;</a>&nbsp;&nbsp;&nbsp;DMA_ClearChannelInterruptStatus
<LI><a href="#[84]">&gt;&gt;</a>&nbsp;&nbsp;&nbsp;OUTLINED_FUNCTION_12
<LI><a href="#[7c]">&gt;&gt;</a>&nbsp;&nbsp;&nbsp;OUTLINED_FUNCTION_0
<LI><a href="#[7a]">&gt;&gt;</a>&nbsp;&nbsp;&nbsp;OUTLINED_FUNCTION_1
<LI><a href="#[79]">&gt;&gt;</a>&nbsp;&nbsp;&nbsp;OUTLINED_FUNCTION_2
</UL>
<BR>[Address Reference Count : 1]<UL><LI> startup_mm32f5277e.o(RESET)
</UL>
<P><STRONG><a name="[3c]"></a>DMA2_CH1_IRQHandler</STRONG> (Thumb, 64 bytes, Stack size 8 bytes, isr.o(.text.DMA2_CH1_IRQHandler))
<BR><BR>[Stack]<UL><LI>Max Depth = 8<LI>Call Chain = DMA2_CH1_IRQHandler
</UL>
<BR>[Calls]<UL><LI><a href="#[7d]">&gt;&gt;</a>&nbsp;&nbsp;&nbsp;DMA_ClearChannelInterruptStatus
<LI><a href="#[7c]">&gt;&gt;</a>&nbsp;&nbsp;&nbsp;OUTLINED_FUNCTION_0
<LI><a href="#[7b]">&gt;&gt;</a>&nbsp;&nbsp;&nbsp;OUTLINED_FUNCTION_10
<LI><a href="#[7a]">&gt;&gt;</a>&nbsp;&nbsp;&nbsp;OUTLINED_FUNCTION_1
<LI><a href="#[79]">&gt;&gt;</a>&nbsp;&nbsp;&nbsp;OUTLINED_FUNCTION_2
</UL>
<BR>[Address Reference Count : 1]<UL><LI> startup_mm32f5277e.o(RESET)
</UL>
<P><STRONG><a name="[3d]"></a>DMA2_CH2_IRQHandler</STRONG> (Thumb, 64 bytes, Stack size 8 bytes, isr.o(.text.DMA2_CH2_IRQHandler))
<BR><BR>[Stack]<UL><LI>Max Depth = 8<LI>Call Chain = DMA2_CH2_IRQHandler
</UL>
<BR>[Calls]<UL><LI><a href="#[7d]">&gt;&gt;</a>&nbsp;&nbsp;&nbsp;DMA_ClearChannelInterruptStatus
<LI><a href="#[7e]">&gt;&gt;</a>&nbsp;&nbsp;&nbsp;OUTLINED_FUNCTION_9
<LI><a href="#[7c]">&gt;&gt;</a>&nbsp;&nbsp;&nbsp;OUTLINED_FUNCTION_0
<LI><a href="#[7a]">&gt;&gt;</a>&nbsp;&nbsp;&nbsp;OUTLINED_FUNCTION_1
<LI><a href="#[79]">&gt;&gt;</a>&nbsp;&nbsp;&nbsp;OUTLINED_FUNCTION_2
</UL>
<BR>[Address Reference Count : 1]<UL><LI> startup_mm32f5277e.o(RESET)
</UL>
<P><STRONG><a name="[3e]"></a>DMA2_CH3_IRQHandler</STRONG> (Thumb, 64 bytes, Stack size 8 bytes, isr.o(.text.DMA2_CH3_IRQHandler))
<BR><BR>[Stack]<UL><LI>Max Depth = 8<LI>Call Chain = DMA2_CH3_IRQHandler
</UL>
<BR>[Calls]<UL><LI><a href="#[7d]">&gt;&gt;</a>&nbsp;&nbsp;&nbsp;DMA_ClearChannelInterruptStatus
<LI><a href="#[7f]">&gt;&gt;</a>&nbsp;&nbsp;&nbsp;OUTLINED_FUNCTION_13
<LI><a href="#[7c]">&gt;&gt;</a>&nbsp;&nbsp;&nbsp;OUTLINED_FUNCTION_0
<LI><a href="#[7a]">&gt;&gt;</a>&nbsp;&nbsp;&nbsp;OUTLINED_FUNCTION_1
<LI><a href="#[79]">&gt;&gt;</a>&nbsp;&nbsp;&nbsp;OUTLINED_FUNCTION_2
</UL>
<BR>[Address Reference Count : 1]<UL><LI> startup_mm32f5277e.o(RESET)
</UL>
<P><STRONG><a name="[3f]"></a>DMA2_CH4_IRQHandler</STRONG> (Thumb, 64 bytes, Stack size 8 bytes, isr.o(.text.DMA2_CH4_IRQHandler))
<BR><BR>[Stack]<UL><LI>Max Depth = 8<LI>Call Chain = DMA2_CH4_IRQHandler
</UL>
<BR>[Calls]<UL><LI><a href="#[7d]">&gt;&gt;</a>&nbsp;&nbsp;&nbsp;DMA_ClearChannelInterruptStatus
<LI><a href="#[80]">&gt;&gt;</a>&nbsp;&nbsp;&nbsp;OUTLINED_FUNCTION_8
<LI><a href="#[7c]">&gt;&gt;</a>&nbsp;&nbsp;&nbsp;OUTLINED_FUNCTION_0
<LI><a href="#[7a]">&gt;&gt;</a>&nbsp;&nbsp;&nbsp;OUTLINED_FUNCTION_1
<LI><a href="#[79]">&gt;&gt;</a>&nbsp;&nbsp;&nbsp;OUTLINED_FUNCTION_2
</UL>
<BR>[Address Reference Count : 1]<UL><LI> startup_mm32f5277e.o(RESET)
</UL>
<P><STRONG><a name="[40]"></a>DMA2_CH5_IRQHandler</STRONG> (Thumb, 64 bytes, Stack size 8 bytes, isr.o(.text.DMA2_CH5_IRQHandler))
<BR><BR>[Stack]<UL><LI>Max Depth = 8<LI>Call Chain = DMA2_CH5_IRQHandler
</UL>
<BR>[Calls]<UL><LI><a href="#[7d]">&gt;&gt;</a>&nbsp;&nbsp;&nbsp;DMA_ClearChannelInterruptStatus
<LI><a href="#[81]">&gt;&gt;</a>&nbsp;&nbsp;&nbsp;OUTLINED_FUNCTION_6
<LI><a href="#[7c]">&gt;&gt;</a>&nbsp;&nbsp;&nbsp;OUTLINED_FUNCTION_0
<LI><a href="#[7a]">&gt;&gt;</a>&nbsp;&nbsp;&nbsp;OUTLINED_FUNCTION_1
<LI><a href="#[79]">&gt;&gt;</a>&nbsp;&nbsp;&nbsp;OUTLINED_FUNCTION_2
</UL>
<BR>[Address Reference Count : 1]<UL><LI> startup_mm32f5277e.o(RESET)
</UL>
<P><STRONG><a name="[46]"></a>DMA2_CH6_IRQHandler</STRONG> (Thumb, 64 bytes, Stack size 8 bytes, isr.o(.text.DMA2_CH6_IRQHandler))
<BR><BR>[Stack]<UL><LI>Max Depth = 8<LI>Call Chain = DMA2_CH6_IRQHandler
</UL>
<BR>[Calls]<UL><LI><a href="#[7d]">&gt;&gt;</a>&nbsp;&nbsp;&nbsp;DMA_ClearChannelInterruptStatus
<LI><a href="#[82]">&gt;&gt;</a>&nbsp;&nbsp;&nbsp;OUTLINED_FUNCTION_14
<LI><a href="#[7c]">&gt;&gt;</a>&nbsp;&nbsp;&nbsp;OUTLINED_FUNCTION_0
<LI><a href="#[7a]">&gt;&gt;</a>&nbsp;&nbsp;&nbsp;OUTLINED_FUNCTION_1
<LI><a href="#[79]">&gt;&gt;</a>&nbsp;&nbsp;&nbsp;OUTLINED_FUNCTION_2
</UL>
<BR>[Address Reference Count : 1]<UL><LI> startup_mm32f5277e.o(RESET)
</UL>
<P><STRONG><a name="[47]"></a>DMA2_CH7_IRQHandler</STRONG> (Thumb, 64 bytes, Stack size 8 bytes, isr.o(.text.DMA2_CH7_IRQHandler))
<BR><BR>[Stack]<UL><LI>Max Depth = 8<LI>Call Chain = DMA2_CH7_IRQHandler
</UL>
<BR>[Calls]<UL><LI><a href="#[7d]">&gt;&gt;</a>&nbsp;&nbsp;&nbsp;DMA_ClearChannelInterruptStatus
<LI><a href="#[83]">&gt;&gt;</a>&nbsp;&nbsp;&nbsp;OUTLINED_FUNCTION_7
<LI><a href="#[7c]">&gt;&gt;</a>&nbsp;&nbsp;&nbsp;OUTLINED_FUNCTION_0
<LI><a href="#[7a]">&gt;&gt;</a>&nbsp;&nbsp;&nbsp;OUTLINED_FUNCTION_1
<LI><a href="#[79]">&gt;&gt;</a>&nbsp;&nbsp;&nbsp;OUTLINED_FUNCTION_2
</UL>
<BR>[Address Reference Count : 1]<UL><LI> startup_mm32f5277e.o(RESET)
</UL>
<P><STRONG><a name="[48]"></a>DMA2_CH8_IRQHandler</STRONG> (Thumb, 64 bytes, Stack size 8 bytes, isr.o(.text.DMA2_CH8_IRQHandler))
<BR><BR>[Stack]<UL><LI>Max Depth = 8<LI>Call Chain = DMA2_CH8_IRQHandler
</UL>
<BR>[Calls]<UL><LI><a href="#[7d]">&gt;&gt;</a>&nbsp;&nbsp;&nbsp;DMA_ClearChannelInterruptStatus
<LI><a href="#[84]">&gt;&gt;</a>&nbsp;&nbsp;&nbsp;OUTLINED_FUNCTION_12
<LI><a href="#[7c]">&gt;&gt;</a>&nbsp;&nbsp;&nbsp;OUTLINED_FUNCTION_0
<LI><a href="#[7a]">&gt;&gt;</a>&nbsp;&nbsp;&nbsp;OUTLINED_FUNCTION_1
<LI><a href="#[79]">&gt;&gt;</a>&nbsp;&nbsp;&nbsp;OUTLINED_FUNCTION_2
</UL>
<BR>[Address Reference Count : 1]<UL><LI> startup_mm32f5277e.o(RESET)
</UL>
<P><STRONG><a name="[7d]"></a>DMA_ClearChannelInterruptStatus</STRONG> (Thumb, 14 bytes, Stack size 0 bytes, hal_dma.o(.text.DMA_ClearChannelInterruptStatus))
<BR><BR>[Called By]<UL><LI><a href="#[48]">&gt;&gt;</a>&nbsp;&nbsp;&nbsp;DMA2_CH8_IRQHandler
<LI><a href="#[47]">&gt;&gt;</a>&nbsp;&nbsp;&nbsp;DMA2_CH7_IRQHandler
<LI><a href="#[46]">&gt;&gt;</a>&nbsp;&nbsp;&nbsp;DMA2_CH6_IRQHandler
<LI><a href="#[40]">&gt;&gt;</a>&nbsp;&nbsp;&nbsp;DMA2_CH5_IRQHandler
<LI><a href="#[3f]">&gt;&gt;</a>&nbsp;&nbsp;&nbsp;DMA2_CH4_IRQHandler
<LI><a href="#[3e]">&gt;&gt;</a>&nbsp;&nbsp;&nbsp;DMA2_CH3_IRQHandler
<LI><a href="#[3d]">&gt;&gt;</a>&nbsp;&nbsp;&nbsp;DMA2_CH2_IRQHandler
<LI><a href="#[3c]">&gt;&gt;</a>&nbsp;&nbsp;&nbsp;DMA2_CH1_IRQHandler
<LI><a href="#[1e]">&gt;&gt;</a>&nbsp;&nbsp;&nbsp;DMA1_CH8_IRQHandler
<LI><a href="#[1c]">&gt;&gt;</a>&nbsp;&nbsp;&nbsp;DMA1_CH7_IRQHandler
<LI><a href="#[1b]">&gt;&gt;</a>&nbsp;&nbsp;&nbsp;DMA1_CH6_IRQHandler
<LI><a href="#[1a]">&gt;&gt;</a>&nbsp;&nbsp;&nbsp;DMA1_CH5_IRQHandler
<LI><a href="#[19]">&gt;&gt;</a>&nbsp;&nbsp;&nbsp;DMA1_CH4_IRQHandler
<LI><a href="#[18]">&gt;&gt;</a>&nbsp;&nbsp;&nbsp;DMA1_CH3_IRQHandler
<LI><a href="#[17]">&gt;&gt;</a>&nbsp;&nbsp;&nbsp;DMA1_CH2_IRQHandler
<LI><a href="#[16]">&gt;&gt;</a>&nbsp;&nbsp;&nbsp;DMA1_CH1_IRQHandler
<LI><a href="#[7c]">&gt;&gt;</a>&nbsp;&nbsp;&nbsp;OUTLINED_FUNCTION_0
<LI><a href="#[7a]">&gt;&gt;</a>&nbsp;&nbsp;&nbsp;OUTLINED_FUNCTION_1
</UL>

<P><STRONG><a name="[e4]"></a>DMA_GetChannelInterruptStatus</STRONG> (Thumb, 12 bytes, Stack size 0 bytes, hal_dma.o(.text.DMA_GetChannelInterruptStatus))
<BR><BR>[Called By]<UL><LI><a href="#[84]">&gt;&gt;</a>&nbsp;&nbsp;&nbsp;OUTLINED_FUNCTION_12
<LI><a href="#[83]">&gt;&gt;</a>&nbsp;&nbsp;&nbsp;OUTLINED_FUNCTION_7
<LI><a href="#[82]">&gt;&gt;</a>&nbsp;&nbsp;&nbsp;OUTLINED_FUNCTION_14
<LI><a href="#[81]">&gt;&gt;</a>&nbsp;&nbsp;&nbsp;OUTLINED_FUNCTION_6
<LI><a href="#[80]">&gt;&gt;</a>&nbsp;&nbsp;&nbsp;OUTLINED_FUNCTION_8
<LI><a href="#[7f]">&gt;&gt;</a>&nbsp;&nbsp;&nbsp;OUTLINED_FUNCTION_13
<LI><a href="#[7e]">&gt;&gt;</a>&nbsp;&nbsp;&nbsp;OUTLINED_FUNCTION_9
<LI><a href="#[7b]">&gt;&gt;</a>&nbsp;&nbsp;&nbsp;OUTLINED_FUNCTION_10
<LI><a href="#[79]">&gt;&gt;</a>&nbsp;&nbsp;&nbsp;OUTLINED_FUNCTION_2
</UL>

<P><STRONG><a name="[c3]"></a>DoubleToInt</STRONG> (Thumb, 18 bytes, Stack size 8 bytes, user_flash.o(.text.DoubleToInt))
<BR><BR>[Stack]<UL><LI>Max Depth = 8<LI>Call Chain = DoubleToInt
</UL>
<BR>[Called By]<UL><LI><a href="#[59]">&gt;&gt;</a>&nbsp;&nbsp;&nbsp;EasyUIEventSaveSettings
</UL>

<P><STRONG><a name="[11]"></a>EXTI0_IRQHandler</STRONG> (Thumb, 8 bytes, Stack size 0 bytes, isr.o(.text.EXTI0_IRQHandler))
<BR><BR>[Calls]<UL><LI><a href="#[85]">&gt;&gt;</a>&nbsp;&nbsp;&nbsp;EXTI_ClearLineStatus
</UL>
<BR>[Address Reference Count : 1]<UL><LI> startup_mm32f5277e.o(RESET)
</UL>
<P><STRONG><a name="[2f]"></a>EXTI15_10_IRQHandler</STRONG> (Thumb, 120 bytes, Stack size 8 bytes, isr.o(.text.EXTI15_10_IRQHandler))
<BR><BR>[Stack]<UL><LI>Max Depth = 8<LI>Call Chain = EXTI15_10_IRQHandler
</UL>
<BR>[Calls]<UL><LI><a href="#[85]">&gt;&gt;</a>&nbsp;&nbsp;&nbsp;EXTI_ClearLineStatus
<LI><a href="#[86]">&gt;&gt;</a>&nbsp;&nbsp;&nbsp;OUTLINED_FUNCTION_5
</UL>
<BR>[Address Reference Count : 1]<UL><LI> startup_mm32f5277e.o(RESET)
</UL>
<P><STRONG><a name="[12]"></a>EXTI1_IRQHandler</STRONG> (Thumb, 8 bytes, Stack size 0 bytes, isr.o(.text.EXTI1_IRQHandler))
<BR><BR>[Calls]<UL><LI><a href="#[85]">&gt;&gt;</a>&nbsp;&nbsp;&nbsp;EXTI_ClearLineStatus
</UL>
<BR>[Address Reference Count : 1]<UL><LI> startup_mm32f5277e.o(RESET)
</UL>
<P><STRONG><a name="[13]"></a>EXTI2_IRQHandler</STRONG> (Thumb, 8 bytes, Stack size 0 bytes, isr.o(.text.EXTI2_IRQHandler))
<BR><BR>[Calls]<UL><LI><a href="#[85]">&gt;&gt;</a>&nbsp;&nbsp;&nbsp;EXTI_ClearLineStatus
</UL>
<BR>[Address Reference Count : 1]<UL><LI> startup_mm32f5277e.o(RESET)
</UL>
<P><STRONG><a name="[14]"></a>EXTI3_IRQHandler</STRONG> (Thumb, 8 bytes, Stack size 0 bytes, isr.o(.text.EXTI3_IRQHandler))
<BR><BR>[Calls]<UL><LI><a href="#[85]">&gt;&gt;</a>&nbsp;&nbsp;&nbsp;EXTI_ClearLineStatus
</UL>
<BR>[Address Reference Count : 1]<UL><LI> startup_mm32f5277e.o(RESET)
</UL>
<P><STRONG><a name="[15]"></a>EXTI4_IRQHandler</STRONG> (Thumb, 8 bytes, Stack size 0 bytes, isr.o(.text.EXTI4_IRQHandler))
<BR><BR>[Calls]<UL><LI><a href="#[85]">&gt;&gt;</a>&nbsp;&nbsp;&nbsp;EXTI_ClearLineStatus
</UL>
<BR>[Address Reference Count : 1]<UL><LI> startup_mm32f5277e.o(RESET)
</UL>
<P><STRONG><a name="[20]"></a>EXTI9_5_IRQHandler</STRONG> (Thumb, 100 bytes, Stack size 8 bytes, isr.o(.text.EXTI9_5_IRQHandler))
<BR><BR>[Stack]<UL><LI>Max Depth = 8<LI>Call Chain = EXTI9_5_IRQHandler
</UL>
<BR>[Calls]<UL><LI><a href="#[85]">&gt;&gt;</a>&nbsp;&nbsp;&nbsp;EXTI_ClearLineStatus
<LI><a href="#[86]">&gt;&gt;</a>&nbsp;&nbsp;&nbsp;OUTLINED_FUNCTION_5
</UL>
<BR>[Address Reference Count : 1]<UL><LI> startup_mm32f5277e.o(RESET)
</UL>
<P><STRONG><a name="[85]"></a>EXTI_ClearLineStatus</STRONG> (Thumb, 8 bytes, Stack size 0 bytes, hal_exti.o(.text.EXTI_ClearLineStatus))
<BR><BR>[Called By]<UL><LI><a href="#[2f]">&gt;&gt;</a>&nbsp;&nbsp;&nbsp;EXTI15_10_IRQHandler
<LI><a href="#[20]">&gt;&gt;</a>&nbsp;&nbsp;&nbsp;EXTI9_5_IRQHandler
<LI><a href="#[15]">&gt;&gt;</a>&nbsp;&nbsp;&nbsp;EXTI4_IRQHandler
<LI><a href="#[14]">&gt;&gt;</a>&nbsp;&nbsp;&nbsp;EXTI3_IRQHandler
<LI><a href="#[13]">&gt;&gt;</a>&nbsp;&nbsp;&nbsp;EXTI2_IRQHandler
<LI><a href="#[12]">&gt;&gt;</a>&nbsp;&nbsp;&nbsp;EXTI1_IRQHandler
<LI><a href="#[11]">&gt;&gt;</a>&nbsp;&nbsp;&nbsp;EXTI0_IRQHandler
</UL>

<P><STRONG><a name="[f8]"></a>EXTI_GetLineStatus</STRONG> (Thumb, 4 bytes, Stack size 0 bytes, hal_exti.o(.text.EXTI_GetLineStatus))
<BR><BR>[Called By]<UL><LI><a href="#[86]">&gt;&gt;</a>&nbsp;&nbsp;&nbsp;OUTLINED_FUNCTION_5
</UL>

<P><STRONG><a name="[87]"></a>EasyKeyHandler</STRONG> (Thumb, 232 bytes, Stack size 40 bytes, easy_key.o(.text.EasyKeyHandler))
<BR><BR>[Stack]<UL><LI>Max Depth = 48<LI>Call Chain = EasyKeyHandler &rArr; SyncValue
</UL>
<BR>[Calls]<UL><LI><a href="#[89]">&gt;&gt;</a>&nbsp;&nbsp;&nbsp;ReleaseCallback
<LI><a href="#[8c]">&gt;&gt;</a>&nbsp;&nbsp;&nbsp;MultiClickCallback
<LI><a href="#[8b]">&gt;&gt;</a>&nbsp;&nbsp;&nbsp;HoldCallback
<LI><a href="#[8a]">&gt;&gt;</a>&nbsp;&nbsp;&nbsp;PressCallback
<LI><a href="#[88]">&gt;&gt;</a>&nbsp;&nbsp;&nbsp;SyncValue
</UL>
<BR>[Called By]<UL><LI><a href="#[3a]">&gt;&gt;</a>&nbsp;&nbsp;&nbsp;TIM6_IRQHandler
</UL>

<P><STRONG><a name="[50]"></a>EasyKeyInit</STRONG> (Thumb, 52 bytes, Stack size 8 bytes, easy_key.o(.text.EasyKeyInit))
<BR><BR>[Stack]<UL><LI>Max Depth = 472<LI>Call Chain = EasyKeyInit &rArr; gpio_init &rArr; debug_assert_handler &rArr;  gpio_init (Cycle)
</UL>
<BR>[Calls]<UL><LI><a href="#[5c]">&gt;&gt;</a>&nbsp;&nbsp;&nbsp;gpio_init
</UL>
<BR>[Address Reference Count : 1]<UL><LI> easy_ui.o(.text.EasyUIInit)
</UL>
<P><STRONG><a name="[8d]"></a>EasyUI</STRONG> (Thumb, 888 bytes, Stack size 112 bytes, easy_ui.o(.text.EasyUI))
<BR><BR>[Stack]<UL><LI>Max Depth = 696<LI>Call Chain = EasyUI &rArr; IPS114_ShowFloat &rArr; func_float_to_str &rArr; debug_assert_handler &rArr;  gpio_init (Cycle)
</UL>
<BR>[Calls]<UL><LI><a href="#[98]">&gt;&gt;</a>&nbsp;&nbsp;&nbsp;__aeabi_dcmpge
<LI><a href="#[91]">&gt;&gt;</a>&nbsp;&nbsp;&nbsp;EasyUITransitionAnim
<LI><a href="#[9d]">&gt;&gt;</a>&nbsp;&nbsp;&nbsp;IPS114_ShowFloat
<LI><a href="#[97]">&gt;&gt;</a>&nbsp;&nbsp;&nbsp;IPS114_DrawCheckbox
<LI><a href="#[8e]">&gt;&gt;</a>&nbsp;&nbsp;&nbsp;EasyUISyncOpnValue
<LI><a href="#[92]">&gt;&gt;</a>&nbsp;&nbsp;&nbsp;IPS114_ClearBuffer
<LI><a href="#[8f]">&gt;&gt;</a>&nbsp;&nbsp;&nbsp;IPS114_ModifyColor
<LI><a href="#[99]">&gt;&gt;</a>&nbsp;&nbsp;&nbsp;__aeabi_dcmplt
<LI><a href="#[93]">&gt;&gt;</a>&nbsp;&nbsp;&nbsp;EasyUIDrawIndicator
<LI><a href="#[94]">&gt;&gt;</a>&nbsp;&nbsp;&nbsp;EasyUIGetItemPos
<LI><a href="#[4f]">&gt;&gt;</a>&nbsp;&nbsp;&nbsp;IPS114_ShowStr
<LI><a href="#[9f]">&gt;&gt;</a>&nbsp;&nbsp;&nbsp;EasyUIDrawMsgBox
<LI><a href="#[9e]">&gt;&gt;</a>&nbsp;&nbsp;&nbsp;EasyUIBackgroundBlur
<LI><a href="#[a0]">&gt;&gt;</a>&nbsp;&nbsp;&nbsp;IPS114_SendBuffer
<LI><a href="#[9c]">&gt;&gt;</a>&nbsp;&nbsp;&nbsp;OUTLINED_FUNCTION_15
<LI><a href="#[9b]">&gt;&gt;</a>&nbsp;&nbsp;&nbsp;OUTLINED_FUNCTION_22
<LI><a href="#[9a]">&gt;&gt;</a>&nbsp;&nbsp;&nbsp;OUTLINED_FUNCTION_21
<LI><a href="#[96]">&gt;&gt;</a>&nbsp;&nbsp;&nbsp;OUTLINED_FUNCTION_0
<LI><a href="#[95]">&gt;&gt;</a>&nbsp;&nbsp;&nbsp;OUTLINED_FUNCTION_8
<LI><a href="#[90]">&gt;&gt;</a>&nbsp;&nbsp;&nbsp;OUTLINED_FUNCTION_10
</UL>
<BR>[Called By]<UL><LI><a href="#[3a]">&gt;&gt;</a>&nbsp;&nbsp;&nbsp;TIM6_IRQHandler
</UL>

<P><STRONG><a name="[56]"></a>EasyUIAddItem</STRONG> (Thumb, 196 bytes, Stack size 32 bytes, easy_ui.o(.text.EasyUIAddItem))
<BR><BR>[Stack]<UL><LI>Max Depth = 32<LI>Call Chain = EasyUIAddItem
</UL>
<BR>[Calls]<UL><LI><a href="#[a1]">&gt;&gt;</a>&nbsp;&nbsp;&nbsp;__aeabi_memclr8
<LI><a href="#[a2]">&gt;&gt;</a>&nbsp;&nbsp;&nbsp;OUTLINED_FUNCTION_30
</UL>
<BR>[Address Reference Count : 1]<UL><LI> easy_ui_user_app.o(.text.MenuInit)
</UL>
<P><STRONG><a name="[54]"></a>EasyUIAddPage</STRONG> (Thumb, 72 bytes, Stack size 12 bytes, easy_ui.o(.text.EasyUIAddPage))
<BR><BR>[Stack]<UL><LI>Max Depth = 12<LI>Call Chain = EasyUIAddPage
</UL>
<BR>[Address Reference Count : 1]<UL><LI> easy_ui_user_app.o(.text.MenuInit)
</UL>
<P><STRONG><a name="[9e]"></a>EasyUIBackgroundBlur</STRONG> (Thumb, 92 bytes, Stack size 16 bytes, easy_ui.o(.text.EasyUIBackgroundBlur))
<BR><BR>[Stack]<UL><LI>Max Depth = 40<LI>Call Chain = EasyUIBackgroundBlur &rArr; IPS114_SendBuffer
</UL>
<BR>[Calls]<UL><LI><a href="#[a0]">&gt;&gt;</a>&nbsp;&nbsp;&nbsp;IPS114_SendBuffer
<LI><a href="#[a3]">&gt;&gt;</a>&nbsp;&nbsp;&nbsp;OUTLINED_FUNCTION_1
</UL>
<BR>[Called By]<UL><LI><a href="#[8d]">&gt;&gt;</a>&nbsp;&nbsp;&nbsp;EasyUI
<LI><a href="#[5a]">&gt;&gt;</a>&nbsp;&nbsp;&nbsp;EasyUIEventResetSettings
<LI><a href="#[59]">&gt;&gt;</a>&nbsp;&nbsp;&nbsp;EasyUIEventSaveSettings
<LI><a href="#[57]">&gt;&gt;</a>&nbsp;&nbsp;&nbsp;EasyUIEventChangeFloat
<LI><a href="#[58]">&gt;&gt;</a>&nbsp;&nbsp;&nbsp;EasyUIEventChangeUint
<LI><a href="#[9f]">&gt;&gt;</a>&nbsp;&nbsp;&nbsp;EasyUIDrawMsgBox
</UL>

<P><STRONG><a name="[93]"></a>EasyUIDrawIndicator</STRONG> (Thumb, 400 bytes, Stack size 48 bytes, easy_ui.o(.text.EasyUIDrawIndicator))
<BR><BR>[Stack]<UL><LI>Max Depth = 120<LI>Call Chain = EasyUIDrawIndicator &rArr; IPS114_DrawRBox &rArr; IPS114_DrawRFrame
</UL>
<BR>[Calls]<UL><LI><a href="#[a4]">&gt;&gt;</a>&nbsp;&nbsp;&nbsp;strlen
<LI><a href="#[a5]">&gt;&gt;</a>&nbsp;&nbsp;&nbsp;IPS114_SetDrawColor
<LI><a href="#[a6]">&gt;&gt;</a>&nbsp;&nbsp;&nbsp;IPS114_DrawRBox
<LI><a href="#[90]">&gt;&gt;</a>&nbsp;&nbsp;&nbsp;OUTLINED_FUNCTION_10
</UL>
<BR>[Called By]<UL><LI><a href="#[8d]">&gt;&gt;</a>&nbsp;&nbsp;&nbsp;EasyUI
</UL>

<P><STRONG><a name="[9f]"></a>EasyUIDrawMsgBox</STRONG> (Thumb, 100 bytes, Stack size 24 bytes, easy_ui.o(.text.EasyUIDrawMsgBox))
<BR><BR>[Stack]<UL><LI>Max Depth = 96<LI>Call Chain = EasyUIDrawMsgBox &rArr; IPS114_DrawRBox &rArr; IPS114_DrawRFrame
</UL>
<BR>[Calls]<UL><LI><a href="#[a4]">&gt;&gt;</a>&nbsp;&nbsp;&nbsp;strlen
<LI><a href="#[a5]">&gt;&gt;</a>&nbsp;&nbsp;&nbsp;IPS114_SetDrawColor
<LI><a href="#[4f]">&gt;&gt;</a>&nbsp;&nbsp;&nbsp;IPS114_ShowStr
<LI><a href="#[a6]">&gt;&gt;</a>&nbsp;&nbsp;&nbsp;IPS114_DrawRBox
<LI><a href="#[a7]">&gt;&gt;</a>&nbsp;&nbsp;&nbsp;IPS114_DrawRFrame
<LI><a href="#[9e]">&gt;&gt;</a>&nbsp;&nbsp;&nbsp;EasyUIBackgroundBlur
<LI><a href="#[a8]">&gt;&gt;</a>&nbsp;&nbsp;&nbsp;OUTLINED_FUNCTION_16
</UL>
<BR>[Called By]<UL><LI><a href="#[8d]">&gt;&gt;</a>&nbsp;&nbsp;&nbsp;EasyUI
</UL>

<P><STRONG><a name="[57]"></a>EasyUIEventChangeFloat</STRONG> (Thumb, 752 bytes, Stack size 56 bytes, easy_ui.o(.text.EasyUIEventChangeFloat))
<BR><BR>[Stack]<UL><LI>Max Depth = 640<LI>Call Chain = EasyUIEventChangeFloat &rArr; OUTLINED_FUNCTION_2 &rArr; IPS114_ShowFloat &rArr; func_float_to_str &rArr; debug_assert_handler &rArr;  gpio_init (Cycle)
</UL>
<BR>[Calls]<UL><LI><a href="#[b0]">&gt;&gt;</a>&nbsp;&nbsp;&nbsp;__aeabi_dcmpeq
<LI><a href="#[6d]">&gt;&gt;</a>&nbsp;&nbsp;&nbsp;__aeabi_dadd
<LI><a href="#[a4]">&gt;&gt;</a>&nbsp;&nbsp;&nbsp;strlen
<LI><a href="#[ad]">&gt;&gt;</a>&nbsp;&nbsp;&nbsp;IPS114_DrawBox
<LI><a href="#[4f]">&gt;&gt;</a>&nbsp;&nbsp;&nbsp;IPS114_ShowStr
<LI><a href="#[a7]">&gt;&gt;</a>&nbsp;&nbsp;&nbsp;IPS114_DrawRFrame
<LI><a href="#[9e]">&gt;&gt;</a>&nbsp;&nbsp;&nbsp;EasyUIBackgroundBlur
<LI><a href="#[a0]">&gt;&gt;</a>&nbsp;&nbsp;&nbsp;IPS114_SendBuffer
<LI><a href="#[b2]">&gt;&gt;</a>&nbsp;&nbsp;&nbsp;OUTLINED_FUNCTION_25
<LI><a href="#[b1]">&gt;&gt;</a>&nbsp;&nbsp;&nbsp;OUTLINED_FUNCTION_7
<LI><a href="#[ac]">&gt;&gt;</a>&nbsp;&nbsp;&nbsp;OUTLINED_FUNCTION_33
<LI><a href="#[b8]">&gt;&gt;</a>&nbsp;&nbsp;&nbsp;OUTLINED_FUNCTION_20
<LI><a href="#[b7]">&gt;&gt;</a>&nbsp;&nbsp;&nbsp;OUTLINED_FUNCTION_19
<LI><a href="#[b6]">&gt;&gt;</a>&nbsp;&nbsp;&nbsp;OUTLINED_FUNCTION_17
<LI><a href="#[b5]">&gt;&gt;</a>&nbsp;&nbsp;&nbsp;OUTLINED_FUNCTION_18
<LI><a href="#[b4]">&gt;&gt;</a>&nbsp;&nbsp;&nbsp;OUTLINED_FUNCTION_2
<LI><a href="#[b3]">&gt;&gt;</a>&nbsp;&nbsp;&nbsp;OUTLINED_FUNCTION_11
<LI><a href="#[af]">&gt;&gt;</a>&nbsp;&nbsp;&nbsp;OUTLINED_FUNCTION_4
<LI><a href="#[ae]">&gt;&gt;</a>&nbsp;&nbsp;&nbsp;OUTLINED_FUNCTION_28
<LI><a href="#[ab]">&gt;&gt;</a>&nbsp;&nbsp;&nbsp;OUTLINED_FUNCTION_12
<LI><a href="#[aa]">&gt;&gt;</a>&nbsp;&nbsp;&nbsp;OUTLINED_FUNCTION_5
<LI><a href="#[a9]">&gt;&gt;</a>&nbsp;&nbsp;&nbsp;OUTLINED_FUNCTION_6
<LI><a href="#[90]">&gt;&gt;</a>&nbsp;&nbsp;&nbsp;OUTLINED_FUNCTION_10
<LI><a href="#[a8]">&gt;&gt;</a>&nbsp;&nbsp;&nbsp;OUTLINED_FUNCTION_16
</UL>
<BR>[Address Reference Count : 1]<UL><LI> easy_ui_user_app.o(.text.MenuInit)
</UL>
<P><STRONG><a name="[58]"></a>EasyUIEventChangeUint</STRONG> (Thumb, 552 bytes, Stack size 40 bytes, easy_ui.o(.text.EasyUIEventChangeUint))
<BR><BR>[Stack]<UL><LI>Max Depth = 624<LI>Call Chain = EasyUIEventChangeUint &rArr; OUTLINED_FUNCTION_2 &rArr; IPS114_ShowFloat &rArr; func_float_to_str &rArr; debug_assert_handler &rArr;  gpio_init (Cycle)
</UL>
<BR>[Calls]<UL><LI><a href="#[74]">&gt;&gt;</a>&nbsp;&nbsp;&nbsp;__aeabi_ui2d
<LI><a href="#[a4]">&gt;&gt;</a>&nbsp;&nbsp;&nbsp;strlen
<LI><a href="#[99]">&gt;&gt;</a>&nbsp;&nbsp;&nbsp;__aeabi_dcmplt
<LI><a href="#[a5]">&gt;&gt;</a>&nbsp;&nbsp;&nbsp;IPS114_SetDrawColor
<LI><a href="#[a7]">&gt;&gt;</a>&nbsp;&nbsp;&nbsp;IPS114_DrawRFrame
<LI><a href="#[9e]">&gt;&gt;</a>&nbsp;&nbsp;&nbsp;EasyUIBackgroundBlur
<LI><a href="#[a0]">&gt;&gt;</a>&nbsp;&nbsp;&nbsp;IPS114_SendBuffer
<LI><a href="#[c2]">&gt;&gt;</a>&nbsp;&nbsp;&nbsp;OUTLINED_FUNCTION_24
<LI><a href="#[b8]">&gt;&gt;</a>&nbsp;&nbsp;&nbsp;OUTLINED_FUNCTION_20
<LI><a href="#[b7]">&gt;&gt;</a>&nbsp;&nbsp;&nbsp;OUTLINED_FUNCTION_19
<LI><a href="#[b6]">&gt;&gt;</a>&nbsp;&nbsp;&nbsp;OUTLINED_FUNCTION_17
<LI><a href="#[b5]">&gt;&gt;</a>&nbsp;&nbsp;&nbsp;OUTLINED_FUNCTION_18
<LI><a href="#[c1]">&gt;&gt;</a>&nbsp;&nbsp;&nbsp;OUTLINED_FUNCTION_9
<LI><a href="#[c0]">&gt;&gt;</a>&nbsp;&nbsp;&nbsp;OUTLINED_FUNCTION_31
<LI><a href="#[b4]">&gt;&gt;</a>&nbsp;&nbsp;&nbsp;OUTLINED_FUNCTION_2
<LI><a href="#[b3]">&gt;&gt;</a>&nbsp;&nbsp;&nbsp;OUTLINED_FUNCTION_11
<LI><a href="#[af]">&gt;&gt;</a>&nbsp;&nbsp;&nbsp;OUTLINED_FUNCTION_4
<LI><a href="#[ae]">&gt;&gt;</a>&nbsp;&nbsp;&nbsp;OUTLINED_FUNCTION_28
<LI><a href="#[bf]">&gt;&gt;</a>&nbsp;&nbsp;&nbsp;OUTLINED_FUNCTION_29
<LI><a href="#[be]">&gt;&gt;</a>&nbsp;&nbsp;&nbsp;OUTLINED_FUNCTION_13
<LI><a href="#[bd]">&gt;&gt;</a>&nbsp;&nbsp;&nbsp;OUTLINED_FUNCTION_3
<LI><a href="#[bc]">&gt;&gt;</a>&nbsp;&nbsp;&nbsp;OUTLINED_FUNCTION_32
<LI><a href="#[bb]">&gt;&gt;</a>&nbsp;&nbsp;&nbsp;OUTLINED_FUNCTION_26
<LI><a href="#[ba]">&gt;&gt;</a>&nbsp;&nbsp;&nbsp;OUTLINED_FUNCTION_14
<LI><a href="#[ab]">&gt;&gt;</a>&nbsp;&nbsp;&nbsp;OUTLINED_FUNCTION_12
<LI><a href="#[aa]">&gt;&gt;</a>&nbsp;&nbsp;&nbsp;OUTLINED_FUNCTION_5
<LI><a href="#[b9]">&gt;&gt;</a>&nbsp;&nbsp;&nbsp;OUTLINED_FUNCTION_23
<LI><a href="#[a9]">&gt;&gt;</a>&nbsp;&nbsp;&nbsp;OUTLINED_FUNCTION_6
<LI><a href="#[90]">&gt;&gt;</a>&nbsp;&nbsp;&nbsp;OUTLINED_FUNCTION_10
<LI><a href="#[a8]">&gt;&gt;</a>&nbsp;&nbsp;&nbsp;OUTLINED_FUNCTION_16
</UL>
<BR>[Address Reference Count : 1]<UL><LI> easy_ui_user_app.o(.text.MenuInit)
</UL>
<P><STRONG><a name="[5a]"></a>EasyUIEventResetSettings</STRONG> (Thumb, 72 bytes, Stack size 8 bytes, easy_ui.o(.text.EasyUIEventResetSettings))
<BR><BR>[Stack]<UL><LI>Max Depth = 48<LI>Call Chain = EasyUIEventResetSettings &rArr; EasyUIBackgroundBlur &rArr; IPS114_SendBuffer
</UL>
<BR>[Calls]<UL><LI><a href="#[9e]">&gt;&gt;</a>&nbsp;&nbsp;&nbsp;EasyUIBackgroundBlur
</UL>
<BR>[Address Reference Count : 1]<UL><LI> easy_ui_user_app.o(.text.MenuInit)
</UL>
<P><STRONG><a name="[59]"></a>EasyUIEventSaveSettings</STRONG> (Thumb, 196 bytes, Stack size 48 bytes, easy_ui.o(.text.EasyUIEventSaveSettings))
<BR><BR>[Stack]<UL><LI>Max Depth = 528<LI>Call Chain = EasyUIEventSaveSettings &rArr; flash_write_page_from_buffer &rArr; flash_erase_page &rArr; debug_assert_handler &rArr;  gpio_init (Cycle)
</UL>
<BR>[Calls]<UL><LI><a href="#[c5]">&gt;&gt;</a>&nbsp;&nbsp;&nbsp;flash_buffer_clear
<LI><a href="#[c4]">&gt;&gt;</a>&nbsp;&nbsp;&nbsp;flash_write_page_from_buffer
<LI><a href="#[c3]">&gt;&gt;</a>&nbsp;&nbsp;&nbsp;DoubleToInt
<LI><a href="#[9e]">&gt;&gt;</a>&nbsp;&nbsp;&nbsp;EasyUIBackgroundBlur
</UL>
<BR>[Address Reference Count : 1]<UL><LI> easy_ui_user_app.o(.text.MenuInit)
</UL>
<P><STRONG><a name="[94]"></a>EasyUIGetItemPos</STRONG> (Thumb, 188 bytes, Stack size 20 bytes, easy_ui.o(.text.EasyUIGetItemPos))
<BR><BR>[Stack]<UL><LI>Max Depth = 20<LI>Call Chain = EasyUIGetItemPos
</UL>
<BR>[Called By]<UL><LI><a href="#[8d]">&gt;&gt;</a>&nbsp;&nbsp;&nbsp;EasyUI
</UL>

<P><STRONG><a name="[c6]"></a>EasyUIInit</STRONG> (Thumb, 292 bytes, Stack size 56 bytes, easy_ui.o(.text.EasyUIInit))
<BR><BR>[Stack]<UL><LI>Max Depth = 712<LI>Call Chain = EasyUIInit &rArr; ips114_init &rArr; spi_init &rArr; afio_init &rArr; debug_assert_handler &rArr;  gpio_init (Cycle)
</UL>
<BR>[Calls]<UL><LI><a href="#[c9]">&gt;&gt;</a>&nbsp;&nbsp;&nbsp;flash_read_page_to_buffer
<LI><a href="#[c8]">&gt;&gt;</a>&nbsp;&nbsp;&nbsp;flash_check
<LI><a href="#[c7]">&gt;&gt;</a>&nbsp;&nbsp;&nbsp;ips114_init
<LI><a href="#[cb]">&gt;&gt;</a>&nbsp;&nbsp;&nbsp;IPS114_ShowBMP
<LI><a href="#[92]">&gt;&gt;</a>&nbsp;&nbsp;&nbsp;IPS114_ClearBuffer
<LI><a href="#[8f]">&gt;&gt;</a>&nbsp;&nbsp;&nbsp;IPS114_ModifyColor
<LI><a href="#[ca]">&gt;&gt;</a>&nbsp;&nbsp;&nbsp;IntToDouble
<LI><a href="#[4f]">&gt;&gt;</a>&nbsp;&nbsp;&nbsp;IPS114_ShowStr
<LI><a href="#[a0]">&gt;&gt;</a>&nbsp;&nbsp;&nbsp;IPS114_SendBuffer
</UL>
<BR>[Called By]<UL><LI><a href="#[4e]">&gt;&gt;</a>&nbsp;&nbsp;&nbsp;main
</UL>

<P><STRONG><a name="[8e]"></a>EasyUISyncOpnValue</STRONG> (Thumb, 44 bytes, Stack size 16 bytes, easy_ui.o(.text.EasyUISyncOpnValue))
<BR><BR>[Stack]<UL><LI>Max Depth = 16<LI>Call Chain = EasyUISyncOpnValue
</UL>
<BR>[Called By]<UL><LI><a href="#[8d]">&gt;&gt;</a>&nbsp;&nbsp;&nbsp;EasyUI
</UL>

<P><STRONG><a name="[91]"></a>EasyUITransitionAnim</STRONG> (Thumb, 132 bytes, Stack size 24 bytes, easy_ui.o(.text.EasyUITransitionAnim))
<BR><BR>[Stack]<UL><LI>Max Depth = 48<LI>Call Chain = EasyUITransitionAnim &rArr; IPS114_SendBuffer
</UL>
<BR>[Calls]<UL><LI><a href="#[cc]">&gt;&gt;</a>&nbsp;&nbsp;&nbsp;IPS114_DrawPoint
<LI><a href="#[a0]">&gt;&gt;</a>&nbsp;&nbsp;&nbsp;IPS114_SendBuffer
<LI><a href="#[a3]">&gt;&gt;</a>&nbsp;&nbsp;&nbsp;OUTLINED_FUNCTION_1
</UL>
<BR>[Called By]<UL><LI><a href="#[4e]">&gt;&gt;</a>&nbsp;&nbsp;&nbsp;main
<LI><a href="#[8d]">&gt;&gt;</a>&nbsp;&nbsp;&nbsp;EasyUI
</UL>

<P><STRONG><a name="[104]"></a>GPIO_Init</STRONG> (Thumb, 146 bytes, Stack size 24 bytes, hal_gpio.o(.text.GPIO_Init))
<BR><BR>[Stack]<UL><LI>Max Depth = 24<LI>Call Chain = GPIO_Init
</UL>
<BR>[Called By]<UL><LI><a href="#[fb]">&gt;&gt;</a>&nbsp;&nbsp;&nbsp;afio_init
<LI><a href="#[5c]">&gt;&gt;</a>&nbsp;&nbsp;&nbsp;gpio_init
</UL>

<P><STRONG><a name="[105]"></a>GPIO_PinAFConf</STRONG> (Thumb, 88 bytes, Stack size 20 bytes, hal_gpio.o(.text.GPIO_PinAFConf))
<BR><BR>[Stack]<UL><LI>Max Depth = 20<LI>Call Chain = GPIO_PinAFConf
</UL>
<BR>[Called By]<UL><LI><a href="#[fb]">&gt;&gt;</a>&nbsp;&nbsp;&nbsp;afio_init
<LI><a href="#[5c]">&gt;&gt;</a>&nbsp;&nbsp;&nbsp;gpio_init
</UL>

<P><STRONG><a name="[8b]"></a>HoldCallback</STRONG> (Thumb, 6 bytes, Stack size 0 bytes, easy_key.o(.text.HoldCallback))
<BR><BR>[Called By]<UL><LI><a href="#[87]">&gt;&gt;</a>&nbsp;&nbsp;&nbsp;EasyKeyHandler
</UL>

<P><STRONG><a name="[92]"></a>IPS114_ClearBuffer</STRONG> (Thumb, 52 bytes, Stack size 8 bytes, user_ips114.o(.text.IPS114_ClearBuffer))
<BR><BR>[Stack]<UL><LI>Max Depth = 8<LI>Call Chain = IPS114_ClearBuffer
</UL>
<BR>[Calls]<UL><LI><a href="#[cd]">&gt;&gt;</a>&nbsp;&nbsp;&nbsp;__aeabi_memclr4
</UL>
<BR>[Called By]<UL><LI><a href="#[c6]">&gt;&gt;</a>&nbsp;&nbsp;&nbsp;EasyUIInit
<LI><a href="#[8d]">&gt;&gt;</a>&nbsp;&nbsp;&nbsp;EasyUI
<LI><a href="#[55]">&gt;&gt;</a>&nbsp;&nbsp;&nbsp;PageAbout
</UL>

<P><STRONG><a name="[ad]"></a>IPS114_DrawBox</STRONG> (Thumb, 48 bytes, Stack size 32 bytes, user_ips114.o(.text.IPS114_DrawBox))
<BR><BR>[Stack]<UL><LI>Max Depth = 32<LI>Call Chain = IPS114_DrawBox
</UL>
<BR>[Calls]<UL><LI><a href="#[cc]">&gt;&gt;</a>&nbsp;&nbsp;&nbsp;IPS114_DrawPoint
</UL>
<BR>[Called By]<UL><LI><a href="#[55]">&gt;&gt;</a>&nbsp;&nbsp;&nbsp;PageAbout
<LI><a href="#[57]">&gt;&gt;</a>&nbsp;&nbsp;&nbsp;EasyUIEventChangeFloat
<LI><a href="#[a6]">&gt;&gt;</a>&nbsp;&nbsp;&nbsp;IPS114_DrawRBox
<LI><a href="#[af]">&gt;&gt;</a>&nbsp;&nbsp;&nbsp;OUTLINED_FUNCTION_4
<LI><a href="#[bd]">&gt;&gt;</a>&nbsp;&nbsp;&nbsp;OUTLINED_FUNCTION_3
<LI><a href="#[ab]">&gt;&gt;</a>&nbsp;&nbsp;&nbsp;OUTLINED_FUNCTION_12
</UL>

<P><STRONG><a name="[97]"></a>IPS114_DrawCheckbox</STRONG> (Thumb, 68 bytes, Stack size 32 bytes, user_ips114.o(.text.IPS114_DrawCheckbox))
<BR><BR>[Stack]<UL><LI>Max Depth = 104<LI>Call Chain = IPS114_DrawCheckbox &rArr; IPS114_DrawRBox &rArr; IPS114_DrawRFrame
</UL>
<BR>[Calls]<UL><LI><a href="#[a6]">&gt;&gt;</a>&nbsp;&nbsp;&nbsp;IPS114_DrawRBox
<LI><a href="#[a7]">&gt;&gt;</a>&nbsp;&nbsp;&nbsp;IPS114_DrawRFrame
</UL>
<BR>[Called By]<UL><LI><a href="#[8d]">&gt;&gt;</a>&nbsp;&nbsp;&nbsp;EasyUI
</UL>

<P><STRONG><a name="[cc]"></a>IPS114_DrawPoint</STRONG> (Thumb, 48 bytes, Stack size 0 bytes, user_ips114.o(.text.IPS114_DrawPoint))
<BR><BR>[Called By]<UL><LI><a href="#[91]">&gt;&gt;</a>&nbsp;&nbsp;&nbsp;EasyUITransitionAnim
<LI><a href="#[cb]">&gt;&gt;</a>&nbsp;&nbsp;&nbsp;IPS114_ShowBMP
<LI><a href="#[ad]">&gt;&gt;</a>&nbsp;&nbsp;&nbsp;IPS114_DrawBox
<LI><a href="#[a7]">&gt;&gt;</a>&nbsp;&nbsp;&nbsp;IPS114_DrawRFrame
<LI><a href="#[a3]">&gt;&gt;</a>&nbsp;&nbsp;&nbsp;OUTLINED_FUNCTION_1
</UL>

<P><STRONG><a name="[a6]"></a>IPS114_DrawRBox</STRONG> (Thumb, 52 bytes, Stack size 32 bytes, user_ips114.o(.text.IPS114_DrawRBox))
<BR><BR>[Stack]<UL><LI>Max Depth = 72<LI>Call Chain = IPS114_DrawRBox &rArr; IPS114_DrawRFrame
</UL>
<BR>[Calls]<UL><LI><a href="#[ad]">&gt;&gt;</a>&nbsp;&nbsp;&nbsp;IPS114_DrawBox
<LI><a href="#[a7]">&gt;&gt;</a>&nbsp;&nbsp;&nbsp;IPS114_DrawRFrame
</UL>
<BR>[Called By]<UL><LI><a href="#[55]">&gt;&gt;</a>&nbsp;&nbsp;&nbsp;PageAbout
<LI><a href="#[97]">&gt;&gt;</a>&nbsp;&nbsp;&nbsp;IPS114_DrawCheckbox
<LI><a href="#[93]">&gt;&gt;</a>&nbsp;&nbsp;&nbsp;EasyUIDrawIndicator
<LI><a href="#[9f]">&gt;&gt;</a>&nbsp;&nbsp;&nbsp;EasyUIDrawMsgBox
</UL>

<P><STRONG><a name="[a7]"></a>IPS114_DrawRFrame</STRONG> (Thumb, 104 bytes, Stack size 40 bytes, user_ips114.o(.text.IPS114_DrawRFrame))
<BR><BR>[Stack]<UL><LI>Max Depth = 40<LI>Call Chain = IPS114_DrawRFrame
</UL>
<BR>[Calls]<UL><LI><a href="#[cc]">&gt;&gt;</a>&nbsp;&nbsp;&nbsp;IPS114_DrawPoint
</UL>
<BR>[Called By]<UL><LI><a href="#[97]">&gt;&gt;</a>&nbsp;&nbsp;&nbsp;IPS114_DrawCheckbox
<LI><a href="#[57]">&gt;&gt;</a>&nbsp;&nbsp;&nbsp;EasyUIEventChangeFloat
<LI><a href="#[58]">&gt;&gt;</a>&nbsp;&nbsp;&nbsp;EasyUIEventChangeUint
<LI><a href="#[a6]">&gt;&gt;</a>&nbsp;&nbsp;&nbsp;IPS114_DrawRBox
<LI><a href="#[9f]">&gt;&gt;</a>&nbsp;&nbsp;&nbsp;EasyUIDrawMsgBox
<LI><a href="#[aa]">&gt;&gt;</a>&nbsp;&nbsp;&nbsp;OUTLINED_FUNCTION_5
</UL>

<P><STRONG><a name="[8f]"></a>IPS114_ModifyColor</STRONG> (Thumb, 28 bytes, Stack size 0 bytes, user_ips114.o(.text.IPS114_ModifyColor))
<BR><BR>[Called By]<UL><LI><a href="#[c6]">&gt;&gt;</a>&nbsp;&nbsp;&nbsp;EasyUIInit
<LI><a href="#[8d]">&gt;&gt;</a>&nbsp;&nbsp;&nbsp;EasyUI
</UL>

<P><STRONG><a name="[a0]"></a>IPS114_SendBuffer</STRONG> (Thumb, 104 bytes, Stack size 24 bytes, user_ips114.o(.text.IPS114_SendBuffer))
<BR><BR>[Stack]<UL><LI>Max Depth = 24<LI>Call Chain = IPS114_SendBuffer
</UL>
<BR>[Calls]<UL><LI><a href="#[52]">&gt;&gt;</a>&nbsp;&nbsp;&nbsp;spi_write_16bit
</UL>
<BR>[Called By]<UL><LI><a href="#[91]">&gt;&gt;</a>&nbsp;&nbsp;&nbsp;EasyUITransitionAnim
<LI><a href="#[c6]">&gt;&gt;</a>&nbsp;&nbsp;&nbsp;EasyUIInit
<LI><a href="#[8d]">&gt;&gt;</a>&nbsp;&nbsp;&nbsp;EasyUI
<LI><a href="#[57]">&gt;&gt;</a>&nbsp;&nbsp;&nbsp;EasyUIEventChangeFloat
<LI><a href="#[58]">&gt;&gt;</a>&nbsp;&nbsp;&nbsp;EasyUIEventChangeUint
<LI><a href="#[9e]">&gt;&gt;</a>&nbsp;&nbsp;&nbsp;EasyUIBackgroundBlur
</UL>

<P><STRONG><a name="[a5]"></a>IPS114_SetDrawColor</STRONG> (Thumb, 8 bytes, Stack size 0 bytes, user_ips114.o(.text.IPS114_SetDrawColor))
<BR><BR>[Called By]<UL><LI><a href="#[55]">&gt;&gt;</a>&nbsp;&nbsp;&nbsp;PageAbout
<LI><a href="#[58]">&gt;&gt;</a>&nbsp;&nbsp;&nbsp;EasyUIEventChangeUint
<LI><a href="#[93]">&gt;&gt;</a>&nbsp;&nbsp;&nbsp;EasyUIDrawIndicator
<LI><a href="#[9f]">&gt;&gt;</a>&nbsp;&nbsp;&nbsp;EasyUIDrawMsgBox
<LI><a href="#[90]">&gt;&gt;</a>&nbsp;&nbsp;&nbsp;OUTLINED_FUNCTION_10
<LI><a href="#[a8]">&gt;&gt;</a>&nbsp;&nbsp;&nbsp;OUTLINED_FUNCTION_16
</UL>

<P><STRONG><a name="[cb]"></a>IPS114_ShowBMP</STRONG> (Thumb, 116 bytes, Stack size 40 bytes, user_ips114.o(.text.IPS114_ShowBMP))
<BR><BR>[Stack]<UL><LI>Max Depth = 40<LI>Call Chain = IPS114_ShowBMP
</UL>
<BR>[Calls]<UL><LI><a href="#[cc]">&gt;&gt;</a>&nbsp;&nbsp;&nbsp;IPS114_DrawPoint
</UL>
<BR>[Called By]<UL><LI><a href="#[c6]">&gt;&gt;</a>&nbsp;&nbsp;&nbsp;EasyUIInit
<LI><a href="#[55]">&gt;&gt;</a>&nbsp;&nbsp;&nbsp;PageAbout
</UL>

<P><STRONG><a name="[d1]"></a>IPS114_ShowChar</STRONG> (Thumb, 140 bytes, Stack size 32 bytes, user_ips114.o(.text.IPS114_ShowChar))
<BR><BR>[Stack]<UL><LI>Max Depth = 32<LI>Call Chain = IPS114_ShowChar
</UL>
<BR>[Called By]<UL><LI><a href="#[4f]">&gt;&gt;</a>&nbsp;&nbsp;&nbsp;IPS114_ShowStr
</UL>

<P><STRONG><a name="[9d]"></a>IPS114_ShowFloat</STRONG> (Thumb, 196 bytes, Stack size 64 bytes, user_ips114.o(.text.IPS114_ShowFloat))
<BR><BR>[Stack]<UL><LI>Max Depth = 584<LI>Call Chain = IPS114_ShowFloat &rArr; func_float_to_str &rArr; debug_assert_handler &rArr;  gpio_init (Cycle)
</UL>
<BR>[Calls]<UL><LI><a href="#[cf]">&gt;&gt;</a>&nbsp;&nbsp;&nbsp;func_float_to_str
<LI><a href="#[cd]">&gt;&gt;</a>&nbsp;&nbsp;&nbsp;__aeabi_memclr4
<LI><a href="#[ce]">&gt;&gt;</a>&nbsp;&nbsp;&nbsp;__aeabi_memset4
<LI><a href="#[d0]">&gt;&gt;</a>&nbsp;&nbsp;&nbsp;OUTLINED_FUNCTION_0
</UL>
<BR>[Called By]<UL><LI><a href="#[8d]">&gt;&gt;</a>&nbsp;&nbsp;&nbsp;EasyUI
<LI><a href="#[b4]">&gt;&gt;</a>&nbsp;&nbsp;&nbsp;OUTLINED_FUNCTION_2
</UL>

<P><STRONG><a name="[4f]"></a>IPS114_ShowStr</STRONG> (Thumb, 40 bytes, Stack size 24 bytes, user_ips114.o(.text.IPS114_ShowStr))
<BR><BR>[Stack]<UL><LI>Max Depth = 56<LI>Call Chain = IPS114_ShowStr &rArr; IPS114_ShowChar
</UL>
<BR>[Calls]<UL><LI><a href="#[d1]">&gt;&gt;</a>&nbsp;&nbsp;&nbsp;IPS114_ShowChar
</UL>
<BR>[Called By]<UL><LI><a href="#[c6]">&gt;&gt;</a>&nbsp;&nbsp;&nbsp;EasyUIInit
<LI><a href="#[8d]">&gt;&gt;</a>&nbsp;&nbsp;&nbsp;EasyUI
<LI><a href="#[55]">&gt;&gt;</a>&nbsp;&nbsp;&nbsp;PageAbout
<LI><a href="#[d0]">&gt;&gt;</a>&nbsp;&nbsp;&nbsp;OUTLINED_FUNCTION_0
<LI><a href="#[57]">&gt;&gt;</a>&nbsp;&nbsp;&nbsp;EasyUIEventChangeFloat
<LI><a href="#[9f]">&gt;&gt;</a>&nbsp;&nbsp;&nbsp;EasyUIDrawMsgBox
<LI><a href="#[96]">&gt;&gt;</a>&nbsp;&nbsp;&nbsp;OUTLINED_FUNCTION_0
<LI><a href="#[95]">&gt;&gt;</a>&nbsp;&nbsp;&nbsp;OUTLINED_FUNCTION_8
<LI><a href="#[c0]">&gt;&gt;</a>&nbsp;&nbsp;&nbsp;OUTLINED_FUNCTION_31
</UL>
<BR>[Address Reference Count : 3]<UL><LI> easy_ui.o(.text.EasyUIEventChangeFloat)
<LI> easy_ui_user_app.o(.text.PageAbout)
<LI> easy_ui.o(.text.EasyUIEventChangeUint)
</UL>
<P><STRONG><a name="[ca]"></a>IntToDouble</STRONG> (Thumb, 10 bytes, Stack size 0 bytes, user_flash.o(.text.IntToDouble))
<BR><BR>[Called By]<UL><LI><a href="#[c6]">&gt;&gt;</a>&nbsp;&nbsp;&nbsp;EasyUIInit
</UL>

<P><STRONG><a name="[146]"></a>LPTIM_Init</STRONG> (Thumb, 42 bytes, Stack size 16 bytes, hal_lptim.o(.text.LPTIM_Init))
<BR><BR>[Stack]<UL><LI>Max Depth = 16<LI>Call Chain = LPTIM_Init
</UL>
<BR>[Called By]<UL><LI><a href="#[5d]">&gt;&gt;</a>&nbsp;&nbsp;&nbsp;system_delay_ms
</UL>

<P><STRONG><a name="[d2]"></a>MenuInit</STRONG> (Thumb, 424 bytes, Stack size 48 bytes, easy_ui_user_app.o(.text.MenuInit))
<BR><BR>[Stack]<UL><LI>Max Depth = 48<LI>Call Chain = MenuInit
</UL>
<BR>[Calls]<UL><LI><a href="#[d9]">&gt;&gt;</a>&nbsp;&nbsp;&nbsp;OUTLINED_FUNCTION_6
<LI><a href="#[d8]">&gt;&gt;</a>&nbsp;&nbsp;&nbsp;OUTLINED_FUNCTION_0
<LI><a href="#[d7]">&gt;&gt;</a>&nbsp;&nbsp;&nbsp;OUTLINED_FUNCTION_5
<LI><a href="#[d6]">&gt;&gt;</a>&nbsp;&nbsp;&nbsp;OUTLINED_FUNCTION_3
<LI><a href="#[d5]">&gt;&gt;</a>&nbsp;&nbsp;&nbsp;OUTLINED_FUNCTION_1
<LI><a href="#[d4]">&gt;&gt;</a>&nbsp;&nbsp;&nbsp;OUTLINED_FUNCTION_4
<LI><a href="#[d3]">&gt;&gt;</a>&nbsp;&nbsp;&nbsp;OUTLINED_FUNCTION_2
</UL>
<BR>[Called By]<UL><LI><a href="#[4e]">&gt;&gt;</a>&nbsp;&nbsp;&nbsp;main
</UL>

<P><STRONG><a name="[8c]"></a>MultiClickCallback</STRONG> (Thumb, 6 bytes, Stack size 0 bytes, easy_key.o(.text.MultiClickCallback))
<BR><BR>[Called By]<UL><LI><a href="#[87]">&gt;&gt;</a>&nbsp;&nbsp;&nbsp;EasyKeyHandler
</UL>

<P><STRONG><a name="[55]"></a>PageAbout</STRONG> (Thumb, 280 bytes, Stack size 56 bytes, easy_ui_user_app.o(.text.PageAbout))
<BR><BR>[Stack]<UL><LI>Max Depth = 128<LI>Call Chain = PageAbout &rArr; IPS114_DrawRBox &rArr; IPS114_DrawRFrame
</UL>
<BR>[Calls]<UL><LI><a href="#[cb]">&gt;&gt;</a>&nbsp;&nbsp;&nbsp;IPS114_ShowBMP
<LI><a href="#[92]">&gt;&gt;</a>&nbsp;&nbsp;&nbsp;IPS114_ClearBuffer
<LI><a href="#[ad]">&gt;&gt;</a>&nbsp;&nbsp;&nbsp;IPS114_DrawBox
<LI><a href="#[a5]">&gt;&gt;</a>&nbsp;&nbsp;&nbsp;IPS114_SetDrawColor
<LI><a href="#[4f]">&gt;&gt;</a>&nbsp;&nbsp;&nbsp;IPS114_ShowStr
<LI><a href="#[a6]">&gt;&gt;</a>&nbsp;&nbsp;&nbsp;IPS114_DrawRBox
</UL>
<BR>[Address Reference Count : 1]<UL><LI> easy_ui_user_app.o(.text.MenuInit)
</UL>
<P><STRONG><a name="[8a]"></a>PressCallback</STRONG> (Thumb, 6 bytes, Stack size 0 bytes, easy_key.o(.text.PressCallback))
<BR><BR>[Called By]<UL><LI><a href="#[87]">&gt;&gt;</a>&nbsp;&nbsp;&nbsp;EasyKeyHandler
</UL>

<P><STRONG><a name="[df]"></a>RCC_EnableAHB1Periphs</STRONG> (Thumb, 20 bytes, Stack size 0 bytes, hal_rcc.o(.text.RCC_EnableAHB1Periphs))
<BR><BR>[Called By]<UL><LI><a href="#[de]">&gt;&gt;</a>&nbsp;&nbsp;&nbsp;OUTLINED_FUNCTION_0
</UL>

<P><STRONG><a name="[143]"></a>RCC_EnableAPB1Periphs</STRONG> (Thumb, 20 bytes, Stack size 0 bytes, hal_rcc.o(.text.RCC_EnableAPB1Periphs))
<BR><BR>[Called By]<UL><LI><a href="#[138]">&gt;&gt;</a>&nbsp;&nbsp;&nbsp;timer_clock_enable
<LI><a href="#[111]">&gt;&gt;</a>&nbsp;&nbsp;&nbsp;uart_init
<LI><a href="#[12a]">&gt;&gt;</a>&nbsp;&nbsp;&nbsp;spi_init
</UL>

<P><STRONG><a name="[dd]"></a>RCC_EnableAPB2Periphs</STRONG> (Thumb, 20 bytes, Stack size 0 bytes, hal_rcc.o(.text.RCC_EnableAPB2Periphs))
<BR><BR>[Called By]<UL><LI><a href="#[138]">&gt;&gt;</a>&nbsp;&nbsp;&nbsp;timer_clock_enable
<LI><a href="#[dc]">&gt;&gt;</a>&nbsp;&nbsp;&nbsp;OUTLINED_FUNCTION_0
<LI><a href="#[111]">&gt;&gt;</a>&nbsp;&nbsp;&nbsp;uart_init
<LI><a href="#[12a]">&gt;&gt;</a>&nbsp;&nbsp;&nbsp;spi_init
</UL>

[...]
<BR><BR>[Called By]<UL><LI><a href="#[12a]">&gt;&gt;</a>&nbsp;&nbsp;&nbsp;spi_init
</UL>

<P><STRONG><a name="[fa]"></a>OUTLINED_FUNCTION_8</STRONG> (Thumb, 10 bytes, Stack size 0 bytes, zf_driver_spi.o(.text.OUTLINED_FUNCTION_8))
<BR><BR>[Stack]<UL><LI>Max Depth = 528<LI>Call Chain = OUTLINED_FUNCTION_8 &rArr; afio_init &rArr; debug_assert_handler &rArr;  gpio_init (Cycle)
</UL>
<BR>[Calls]<UL><LI><a href="#[fb]">&gt;&gt;</a>&nbsp;&nbsp;&nbsp;afio_init
</UL>
<BR>[Called By]<UL><LI><a href="#[12a]">&gt;&gt;</a>&nbsp;&nbsp;&nbsp;spi_init
</UL>

<P><STRONG><a name="[127]"></a>OUTLINED_FUNCTION_0</STRONG> (Thumb, 10 bytes, Stack size 0 bytes, zf_device_ips114.o(.text.OUTLINED_FUNCTION_0))
<BR><BR>[Called By]<UL><LI><a href="#[c7]">&gt;&gt;</a>&nbsp;&nbsp;&nbsp;ips114_init
<LI><a href="#[12e]">&gt;&gt;</a>&nbsp;&nbsp;&nbsp;ips114_show_char
<LI><a href="#[5f]">&gt;&gt;</a>&nbsp;&nbsp;&nbsp;ips114_clear
</UL>

<P><STRONG><a name="[128]"></a>ips114_set_region</STRONG> (Thumb, 228 bytes, Stack size 48 bytes, zf_device_ips114.o(.text.ips114_set_region))
<BR><BR>[Stack]<UL><LI>Max Depth = 48<LI>Call Chain = ips114_set_region
</UL>
<BR>[Calls]<UL><LI><a href="#[12d]">&gt;&gt;</a>&nbsp;&nbsp;&nbsp;OUTLINED_FUNCTION_9
</UL>
<BR>[Called By]<UL><LI><a href="#[12e]">&gt;&gt;</a>&nbsp;&nbsp;&nbsp;ips114_show_char
<LI><a href="#[5f]">&gt;&gt;</a>&nbsp;&nbsp;&nbsp;ips114_clear
</UL>

<P><STRONG><a name="[ef]"></a>OUTLINED_FUNCTION_2</STRONG> (Thumb, 6 bytes, Stack size 0 bytes, zf_device_ips114.o(.text.OUTLINED_FUNCTION_2))
<BR><BR>[Calls]<UL><LI><a href="#[52]">&gt;&gt;</a>&nbsp;&nbsp;&nbsp;spi_write_16bit
</UL>
<BR>[Called By]<UL><LI><a href="#[12e]">&gt;&gt;</a>&nbsp;&nbsp;&nbsp;ips114_show_char
<LI><a href="#[5f]">&gt;&gt;</a>&nbsp;&nbsp;&nbsp;ips114_clear
</UL>

<P><STRONG><a name="[129]"></a>OUTLINED_FUNCTION_7</STRONG> (Thumb, 10 bytes, Stack size 0 bytes, zf_device_ips114.o(.text.OUTLINED_FUNCTION_7))
<BR><BR>[Called By]<UL><LI><a href="#[5f]">&gt;&gt;</a>&nbsp;&nbsp;&nbsp;ips114_clear
</UL>

<P><STRONG><a name="[12d]"></a>OUTLINED_FUNCTION_9</STRONG> (Thumb, 6 bytes, Stack size 0 bytes, zf_device_ips114.o(.text.OUTLINED_FUNCTION_9))
<BR><BR>[Called By]<UL><LI><a href="#[128]">&gt;&gt;</a>&nbsp;&nbsp;&nbsp;ips114_set_region
</UL>

<P><STRONG><a name="[61]"></a>ips114_write_index</STRONG> (Thumb, 36 bytes, Stack size 8 bytes, zf_device_ips114.o(.text.ips114_write_index))
<BR><BR>[Stack]<UL><LI>Max Depth = 8<LI>Call Chain = ips114_write_index
</UL>
<BR>[Calls]<UL><LI><a href="#[5e]">&gt;&gt;</a>&nbsp;&nbsp;&nbsp;spi_write_8bit
</UL>
<BR>[Address Reference Count : 1]<UL><LI> zf_device_ips114.o(.text.ips114_set_region)
</UL>
<P><STRONG><a name="[12b]"></a>OUTLINED_FUNCTION_3</STRONG> (Thumb, 10 bytes, Stack size 0 bytes, zf_device_ips114.o(.text.OUTLINED_FUNCTION_3))
<BR><BR>[Called By]<UL><LI><a href="#[c7]">&gt;&gt;</a>&nbsp;&nbsp;&nbsp;ips114_init
<LI><a href="#[12e]">&gt;&gt;</a>&nbsp;&nbsp;&nbsp;ips114_show_char
</UL>

<P><STRONG><a name="[e0]"></a>OUTLINED_FUNCTION_0</STRONG> (Thumb, 10 bytes, Stack size 0 bytes, zf_device_mpu6050.o(.text.OUTLINED_FUNCTION_0))
<BR><BR>[Stack]<UL><LI>Max Depth = 560<LI>Call Chain = OUTLINED_FUNCTION_0 &rArr; soft_iic_read_8bit_registers &rArr; OUTLINED_FUNCTION_17 &rArr; soft_iic_read_data &rArr; debug_assert_handler &rArr;  gpio_init (Cycle)
</UL>
<BR>[Calls]<UL><LI><a href="#[e1]">&gt;&gt;</a>&nbsp;&nbsp;&nbsp;soft_iic_read_8bit_registers
</UL>
<BR>[Called By]<UL><LI><a href="#[131]">&gt;&gt;</a>&nbsp;&nbsp;&nbsp;mpu6050_get_acc
</UL>

<P><STRONG><a name="[65]"></a>type_default_callback</STRONG> (Thumb, 2 bytes, Stack size 0 bytes, zf_device_type.o(.text.type_default_callback))
<BR>[Address Reference Count : 2]<UL><LI> zf_device_type.o(.data.wireless_module_uart_handler)
<LI> zf_device_type.o(.data..L_MergedGlobals)
</UL>
<P><STRONG><a name="[fd]"></a>OUTLINED_FUNCTION_0</STRONG> (Thumb, 16 bytes, Stack size 0 bytes, hal_rcc.o(.text.OUTLINED_FUNCTION_0))
<BR><BR>[Called By]<UL><LI><a href="#[fc]">&gt;&gt;</a>&nbsp;&nbsp;&nbsp;RCC_ResetAPB2Periphs
</UL>

<P><STRONG><a name="[ff]"></a>OUTLINED_FUNCTION_0</STRONG> (Thumb, 14 bytes, Stack size 0 bytes, hal_spi.o(.text.OUTLINED_FUNCTION_0))
<BR><BR>[Called By]<UL><LI><a href="#[fe]">&gt;&gt;</a>&nbsp;&nbsp;&nbsp;SPI_InitMaster
</UL>

<P><STRONG><a name="[a2]"></a>OUTLINED_FUNCTION_30</STRONG> (Thumb, 10 bytes, Stack size 0 bytes, easy_ui.o(.text.OUTLINED_FUNCTION_30))
<BR><BR>[Called By]<UL><LI><a href="#[56]">&gt;&gt;</a>&nbsp;&nbsp;&nbsp;EasyUIAddItem
</UL>

<P><STRONG><a name="[a3]"></a>OUTLINED_FUNCTION_1</STRONG> (Thumb, 10 bytes, Stack size 0 bytes, easy_ui.o(.text.OUTLINED_FUNCTION_1))
<BR><BR>[Calls]<UL><LI><a href="#[cc]">&gt;&gt;</a>&nbsp;&nbsp;&nbsp;IPS114_DrawPoint
</UL>
<BR>[Called By]<UL><LI><a href="#[91]">&gt;&gt;</a>&nbsp;&nbsp;&nbsp;EasyUITransitionAnim
<LI><a href="#[9e]">&gt;&gt;</a>&nbsp;&nbsp;&nbsp;EasyUIBackgroundBlur
</UL>

<P><STRONG><a name="[a8]"></a>OUTLINED_FUNCTION_16</STRONG> (Thumb, 6 bytes, Stack size 0 bytes, easy_ui.o(.text.OUTLINED_FUNCTION_16))
<BR><BR>[Calls]<UL><LI><a href="#[a5]">&gt;&gt;</a>&nbsp;&nbsp;&nbsp;IPS114_SetDrawColor
</UL>
<BR>[Called By]<UL><LI><a href="#[57]">&gt;&gt;</a>&nbsp;&nbsp;&nbsp;EasyUIEventChangeFloat
<LI><a href="#[58]">&gt;&gt;</a>&nbsp;&nbsp;&nbsp;EasyUIEventChangeUint
<LI><a href="#[9f]">&gt;&gt;</a>&nbsp;&nbsp;&nbsp;EasyUIDrawMsgBox
</UL>

<P><STRONG><a name="[90]"></a>OUTLINED_FUNCTION_10</STRONG> (Thumb, 6 bytes, Stack size 0 bytes, easy_ui.o(.text.OUTLINED_FUNCTION_10))
<BR><BR>[Calls]<UL><LI><a href="#[a5]">&gt;&gt;</a>&nbsp;&nbsp;&nbsp;IPS114_SetDrawColor
</UL>
<BR>[Called By]<UL><LI><a href="#[8d]">&gt;&gt;</a>&nbsp;&nbsp;&nbsp;EasyUI
<LI><a href="#[57]">&gt;&gt;</a>&nbsp;&nbsp;&nbsp;EasyUIEventChangeFloat
<LI><a href="#[58]">&gt;&gt;</a>&nbsp;&nbsp;&nbsp;EasyUIEventChangeUint
<LI><a href="#[93]">&gt;&gt;</a>&nbsp;&nbsp;&nbsp;EasyUIDrawIndicator
</UL>

<P><STRONG><a name="[a9]"></a>OUTLINED_FUNCTION_6</STRONG> (Thumb, 16 bytes, Stack size 0 bytes, easy_ui.o(.text.OUTLINED_FUNCTION_6))
<BR><BR>[Called By]<UL><LI><a href="#[57]">&gt;&gt;</a>&nbsp;&nbsp;&nbsp;EasyUIEventChangeFloat
<LI><a href="#[58]">&gt;&gt;</a>&nbsp;&nbsp;&nbsp;EasyUIEventChangeUint
</UL>

<P><STRONG><a name="[b9]"></a>OUTLINED_FUNCTION_23</STRONG> (Thumb, 16 bytes, Stack size 0 bytes, easy_ui.o(.text.OUTLINED_FUNCTION_23))
<BR><BR>[Called By]<UL><LI><a href="#[58]">&gt;&gt;</a>&nbsp;&nbsp;&nbsp;EasyUIEventChangeUint
</UL>

<P><STRONG><a name="[aa]"></a>OUTLINED_FUNCTION_5</STRONG> (Thumb, 14 bytes, Stack size 0 bytes, easy_ui.o(.text.OUTLINED_FUNCTION_5))
<BR><BR>[Stack]<UL><LI>Max Depth = 40<LI>Call Chain = OUTLINED_FUNCTION_5 &rArr; IPS114_DrawRFrame
</UL>
<BR>[Calls]<UL><LI><a href="#[a7]">&gt;&gt;</a>&nbsp;&nbsp;&nbsp;IPS114_DrawRFrame
</UL>
<BR>[Called By]<UL><LI><a href="#[57]">&gt;&gt;</a>&nbsp;&nbsp;&nbsp;EasyUIEventChangeFloat
<LI><a href="#[58]">&gt;&gt;</a>&nbsp;&nbsp;&nbsp;EasyUIEventChangeUint
</UL>

<P><STRONG><a name="[ab]"></a>OUTLINED_FUNCTION_12</STRONG> (Thumb, 12 bytes, Stack size 0 bytes, easy_ui.o(.text.OUTLINED_FUNCTION_12))
<BR><BR>[Stack]<UL><LI>Max Depth = 32<LI>Call Chain = OUTLINED_FUNCTION_12 &rArr; IPS114_DrawBox
</UL>
<BR>[Calls]<UL><LI><a href="#[ad]">&gt;&gt;</a>&nbsp;&nbsp;&nbsp;IPS114_DrawBox
</UL>
<BR>[Called By]<UL><LI><a href="#[57]">&gt;&gt;</a>&nbsp;&nbsp;&nbsp;EasyUIEventChangeFloat
<LI><a href="#[58]">&gt;&gt;</a>&nbsp;&nbsp;&nbsp;EasyUIEventChangeUint
</UL>

<P><STRONG><a name="[ba]"></a>OUTLINED_FUNCTION_14</STRONG> (Thumb, 6 bytes, Stack size 0 bytes, easy_ui.o(.text.OUTLINED_FUNCTION_14))
<BR><BR>[Called By]<UL><LI><a href="#[58]">&gt;&gt;</a>&nbsp;&nbsp;&nbsp;EasyUIEventChangeUint
</UL>

<P><STRONG><a name="[bb]"></a>OUTLINED_FUNCTION_26</STRONG> (Thumb, 8 bytes, Stack size 0 bytes, easy_ui.o(.text.OUTLINED_FUNCTION_26))
<BR><BR>[Calls]<UL><LI><a href="#[a4]">&gt;&gt;</a>&nbsp;&nbsp;&nbsp;strlen
</UL>
<BR>[Called By]<UL><LI><a href="#[58]">&gt;&gt;</a>&nbsp;&nbsp;&nbsp;EasyUIEventChangeUint
</UL>

<P><STRONG><a name="[bc]"></a>OUTLINED_FUNCTION_32</STRONG> (Thumb, 10 bytes, Stack size 0 bytes, easy_ui.o(.text.OUTLINED_FUNCTION_32))
<BR><BR>[Called By]<UL><LI><a href="#[58]">&gt;&gt;</a>&nbsp;&nbsp;&nbsp;EasyUIEventChangeUint
</UL>

<P><STRONG><a name="[bd]"></a>OUTLINED_FUNCTION_3</STRONG> (Thumb, 30 bytes, Stack size 0 bytes, easy_ui.o(.text.OUTLINED_FUNCTION_3))
<BR><BR>[Stack]<UL><LI>Max Depth = 32<LI>Call Chain = OUTLINED_FUNCTION_3 &rArr; IPS114_DrawBox
</UL>
<BR>[Calls]<UL><LI><a href="#[ad]">&gt;&gt;</a>&nbsp;&nbsp;&nbsp;IPS114_DrawBox
</UL>
<BR>[Called By]<UL><LI><a href="#[58]">&gt;&gt;</a>&nbsp;&nbsp;&nbsp;EasyUIEventChangeUint
</UL>

<P><STRONG><a name="[be]"></a>OUTLINED_FUNCTION_13</STRONG> (Thumb, 18 bytes, Stack size 0 bytes, easy_ui.o(.text.OUTLINED_FUNCTION_13))
<BR><BR>[Stack]<UL><LI>Max Depth = 88<LI>Call Chain = OUTLINED_FUNCTION_13 &rArr; __aeabi_dadd &rArr; _double_epilogue &rArr; _double_round
</UL>
<BR>[Calls]<UL><LI><a href="#[6d]">&gt;&gt;</a>&nbsp;&nbsp;&nbsp;__aeabi_dadd
</UL>
<BR>[Called By]<UL><LI><a href="#[58]">&gt;&gt;</a>&nbsp;&nbsp;&nbsp;EasyUIEventChangeUint
</UL>

<P><STRONG><a name="[bf]"></a>OUTLINED_FUNCTION_29</STRONG> (Thumb, 10 bytes, Stack size 0 bytes, easy_ui.o(.text.OUTLINED_FUNCTION_29))
<BR><BR>[Called By]<UL><LI><a href="#[58]">&gt;&gt;</a>&nbsp;&nbsp;&nbsp;EasyUIEventChangeUint
</UL>

<P><STRONG><a name="[ae]"></a>OUTLINED_FUNCTION_28</STRONG> (Thumb, 8 bytes, Stack size 0 bytes, easy_ui.o(.text.OUTLINED_FUNCTION_28))
<BR><BR>[Stack]<UL><LI>Max Depth = 88<LI>Call Chain = OUTLINED_FUNCTION_28 &rArr; __aeabi_dsub &rArr; __aeabi_dadd &rArr; _double_epilogue &rArr; _double_round
</UL>
<BR>[Calls]<UL><LI><a href="#[72]">&gt;&gt;</a>&nbsp;&nbsp;&nbsp;__aeabi_dsub
</UL>
<BR>[Called By]<UL><LI><a href="#[57]">&gt;&gt;</a>&nbsp;&nbsp;&nbsp;EasyUIEventChangeFloat
<LI><a href="#[58]">&gt;&gt;</a>&nbsp;&nbsp;&nbsp;EasyUIEventChangeUint
</UL>

<P><STRONG><a name="[af]"></a>OUTLINED_FUNCTION_4</STRONG> (Thumb, 16 bytes, Stack size 0 bytes, easy_ui.o(.text.OUTLINED_FUNCTION_4))
<BR><BR>[Stack]<UL><LI>Max Depth = 32<LI>Call Chain = OUTLINED_FUNCTION_4 &rArr; IPS114_DrawBox
</UL>
<BR>[Calls]<UL><LI><a href="#[ad]">&gt;&gt;</a>&nbsp;&nbsp;&nbsp;IPS114_DrawBox
</UL>
<BR>[Called By]<UL><LI><a href="#[57]">&gt;&gt;</a>&nbsp;&nbsp;&nbsp;EasyUIEventChangeFloat
<LI><a href="#[58]">&gt;&gt;</a>&nbsp;&nbsp;&nbsp;EasyUIEventChangeUint
</UL>

<P><STRONG><a name="[b3]"></a>OUTLINED_FUNCTION_11</STRONG> (Thumb, 12 bytes, Stack size 0 bytes, easy_ui.o(.text.OUTLINED_FUNCTION_11))
<BR><BR>[Stack]<UL><LI>Max Depth = 8<LI>Call Chain = OUTLINED_FUNCTION_11 &rArr; __aeabi_d2f
</UL>
<BR>[Calls]<UL><LI><a href="#[75]">&gt;&gt;</a>&nbsp;&nbsp;&nbsp;__aeabi_d2f
</UL>
<BR>[Called By]<UL><LI><a href="#[57]">&gt;&gt;</a>&nbsp;&nbsp;&nbsp;EasyUIEventChangeFloat
<LI><a href="#[58]">&gt;&gt;</a>&nbsp;&nbsp;&nbsp;EasyUIEventChangeUint
</UL>

<P><STRONG><a name="[b4]"></a>OUTLINED_FUNCTION_2</STRONG> (Thumb, 18 bytes, Stack size 0 bytes, easy_ui.o(.text.OUTLINED_FUNCTION_2))
<BR><BR>[Stack]<UL><LI>Max Depth = 584<LI>Call Chain = OUTLINED_FUNCTION_2 &rArr; IPS114_ShowFloat &rArr; func_float_to_str &rArr; debug_assert_handler &rArr;  gpio_init (Cycle)
</UL>
<BR>[Calls]<UL><LI><a href="#[9d]">&gt;&gt;</a>&nbsp;&nbsp;&nbsp;IPS114_ShowFloat
</UL>
<BR>[Called By]<UL><LI><a href="#[57]">&gt;&gt;</a>&nbsp;&nbsp;&nbsp;EasyUIEventChangeFloat
<LI><a href="#[58]">&gt;&gt;</a>&nbsp;&nbsp;&nbsp;EasyUIEventChangeUint
</UL>

<P><STRONG><a name="[c0]"></a>OUTLINED_FUNCTION_31</STRONG> (Thumb, 10 bytes, Stack size 0 bytes, easy_ui.o(.text.OUTLINED_FUNCTION_31))
<BR><BR>[Stack]<UL><LI>Max Depth = 56<LI>Call Chain = OUTLINED_FUNCTION_31 &rArr; IPS114_ShowStr &rArr; IPS114_ShowChar
</UL>
<BR>[Calls]<UL><LI><a href="#[4f]">&gt;&gt;</a>&nbsp;&nbsp;&nbsp;IPS114_ShowStr
</UL>
<BR>[Called By]<UL><LI><a href="#[58]">&gt;&gt;</a>&nbsp;&nbsp;&nbsp;EasyUIEventChangeUint
</UL>

<P><STRONG><a name="[c1]"></a>OUTLINED_FUNCTION_9</STRONG> (Thumb, 24 bytes, Stack size 0 bytes, easy_ui.o(.text.OUTLINED_FUNCTION_9))
<BR><BR>[Called By]<UL><LI><a href="#[58]">&gt;&gt;</a>&nbsp;&nbsp;&nbsp;EasyUIEventChangeUint
</UL>

<P><STRONG><a name="[b5]"></a>OUTLINED_FUNCTION_18</STRONG> (Thumb, 12 bytes, Stack size 0 bytes, easy_ui.o(.text.OUTLINED_FUNCTION_18))
<BR><BR>[Called By]<UL><LI><a href="#[57]">&gt;&gt;</a>&nbsp;&nbsp;&nbsp;EasyUIEventChangeFloat
<LI><a href="#[58]">&gt;&gt;</a>&nbsp;&nbsp;&nbsp;EasyUIEventChangeUint
</UL>

<P><STRONG><a name="[b6]"></a>OUTLINED_FUNCTION_17</STRONG> (Thumb, 12 bytes, Stack size 0 bytes, easy_ui.o(.text.OUTLINED_FUNCTION_17))
<BR><BR>[Called By]<UL><LI><a href="#[57]">&gt;&gt;</a>&nbsp;&nbsp;&nbsp;EasyUIEventChangeFloat
<LI><a href="#[58]">&gt;&gt;</a>&nbsp;&nbsp;&nbsp;EasyUIEventChangeUint
</UL>

<P><STRONG><a name="[b7]"></a>OUTLINED_FUNCTION_19</STRONG> (Thumb, 12 bytes, Stack size 0 bytes, easy_ui.o(.text.OUTLINED_FUNCTION_19))
<BR><BR>[Called By]<UL><LI><a href="#[57]">&gt;&gt;</a>&nbsp;&nbsp;&nbsp;EasyUIEventChangeFloat
<LI><a href="#[58]">&gt;&gt;</a>&nbsp;&nbsp;&nbsp;EasyUIEventChangeUint
</UL>

<P><STRONG><a name="[b8]"></a>OUTLINED_FUNCTION_20</STRONG> (Thumb, 12 bytes, Stack size 0 bytes, easy_ui.o(.text.OUTLINED_FUNCTION_20))
<BR><BR>[Called By]<UL><LI><a href="#[57]">&gt;&gt;</a>&nbsp;&nbsp;&nbsp;EasyUIEventChangeFloat
<LI><a href="#[58]">&gt;&gt;</a>&nbsp;&nbsp;&nbsp;EasyUIEventChangeUint
</UL>

<P><STRONG><a name="[c2]"></a>OUTLINED_FUNCTION_24</STRONG> (Thumb, 16 bytes, Stack size 0 bytes, easy_ui.o(.text.OUTLINED_FUNCTION_24))
<BR><BR>[Called By]<UL><LI><a href="#[58]">&gt;&gt;</a>&nbsp;&nbsp;&nbsp;EasyUIEventChangeUint
</UL>

<P><STRONG><a name="[ac]"></a>OUTLINED_FUNCTION_33</STRONG> (Thumb, 6 bytes, Stack size 0 bytes, easy_ui.o(.text.OUTLINED_FUNCTION_33))
<BR><BR>[Called By]<UL><LI><a href="#[57]">&gt;&gt;</a>&nbsp;&nbsp;&nbsp;EasyUIEventChangeFloat
</UL>

<P><STRONG><a name="[b1]"></a>OUTLINED_FUNCTION_7</STRONG> (Thumb, 20 bytes, Stack size 0 bytes, easy_ui.o(.text.OUTLINED_FUNCTION_7))
<BR><BR>[Stack]<UL><LI>Max Depth = 12<LI>Call Chain = OUTLINED_FUNCTION_7 &rArr; __aeabi_dcmpeq
</UL>
<BR>[Calls]<UL><LI><a href="#[b0]">&gt;&gt;</a>&nbsp;&nbsp;&nbsp;__aeabi_dcmpeq
</UL>
<BR>[Called By]<UL><LI><a href="#[57]">&gt;&gt;</a>&nbsp;&nbsp;&nbsp;EasyUIEventChangeFloat
</UL>

<P><STRONG><a name="[b2]"></a>OUTLINED_FUNCTION_25</STRONG> (Thumb, 12 bytes, Stack size 0 bytes, easy_ui.o(.text.OUTLINED_FUNCTION_25))
<BR><BR>[Stack]<UL><LI>Max Depth = 12<LI>Call Chain = OUTLINED_FUNCTION_25 &rArr; __aeabi_dcmpeq
</UL>
<BR>[Calls]<UL><LI><a href="#[b0]">&gt;&gt;</a>&nbsp;&nbsp;&nbsp;__aeabi_dcmpeq
</UL>
<BR>[Called By]<UL><LI><a href="#[57]">&gt;&gt;</a>&nbsp;&nbsp;&nbsp;EasyUIEventChangeFloat
</UL>

<P><STRONG><a name="[95]"></a>OUTLINED_FUNCTION_8</STRONG> (Thumb, 12 bytes, Stack size 0 bytes, easy_ui.o(.text.OUTLINED_FUNCTION_8))
<BR><BR>[Stack]<UL><LI>Max Depth = 56<LI>Call Chain = OUTLINED_FUNCTION_8 &rArr; IPS114_ShowStr &rArr; IPS114_ShowChar
</UL>
<BR>[Calls]<UL><LI><a href="#[4f]">&gt;&gt;</a>&nbsp;&nbsp;&nbsp;IPS114_ShowStr
</UL>
<BR>[Called By]<UL><LI><a href="#[8d]">&gt;&gt;</a>&nbsp;&nbsp;&nbsp;EasyUI
</UL>

<P><STRONG><a name="[96]"></a>OUTLINED_FUNCTION_0</STRONG> (Thumb, 14 bytes, Stack size 0 bytes, easy_ui.o(.text.OUTLINED_FUNCTION_0))
<BR><BR>[Stack]<UL><LI>Max Depth = 56<LI>Call Chain = OUTLINED_FUNCTION_0 &rArr; IPS114_ShowStr &rArr; IPS114_ShowChar
</UL>
<BR>[Calls]<UL><LI><a href="#[4f]">&gt;&gt;</a>&nbsp;&nbsp;&nbsp;IPS114_ShowStr
</UL>
<BR>[Called By]<UL><LI><a href="#[8d]">&gt;&gt;</a>&nbsp;&nbsp;&nbsp;EasyUI
</UL>

<P><STRONG><a name="[9a]"></a>OUTLINED_FUNCTION_21</STRONG> (Thumb, 8 bytes, Stack size 0 bytes, easy_ui.o(.text.OUTLINED_FUNCTION_21))
<BR><BR>[Stack]<UL><LI>Max Depth = 12<LI>Call Chain = OUTLINED_FUNCTION_21 &rArr; __aeabi_dcmpge
</UL>
<BR>[Calls]<UL><LI><a href="#[98]">&gt;&gt;</a>&nbsp;&nbsp;&nbsp;__aeabi_dcmpge
</UL>
<BR>[Called By]<UL><LI><a href="#[8d]">&gt;&gt;</a>&nbsp;&nbsp;&nbsp;EasyUI
</UL>

<P><STRONG><a name="[9b]"></a>OUTLINED_FUNCTION_22</STRONG> (Thumb, 8 bytes, Stack size 0 bytes, easy_ui.o(.text.OUTLINED_FUNCTION_22))
<BR><BR>[Stack]<UL><LI>Max Depth = 12<LI>Call Chain = OUTLINED_FUNCTION_22 &rArr; __aeabi_dcmple
</UL>
<BR>[Calls]<UL><LI><a href="#[f0]">&gt;&gt;</a>&nbsp;&nbsp;&nbsp;__aeabi_dcmple
</UL>
<BR>[Called By]<UL><LI><a href="#[8d]">&gt;&gt;</a>&nbsp;&nbsp;&nbsp;EasyUI
</UL>

<P><STRONG><a name="[9c]"></a>OUTLINED_FUNCTION_15</STRONG> (Thumb, 8 bytes, Stack size 0 bytes, easy_ui.o(.text.OUTLINED_FUNCTION_15))
<BR><BR>[Stack]<UL><LI>Max Depth = 8<LI>Call Chain = OUTLINED_FUNCTION_15 &rArr; __aeabi_d2f
</UL>
<BR>[Calls]<UL><LI><a href="#[75]">&gt;&gt;</a>&nbsp;&nbsp;&nbsp;__aeabi_d2f
</UL>
<BR>[Called By]<UL><LI><a href="#[8d]">&gt;&gt;</a>&nbsp;&nbsp;&nbsp;EasyUI
</UL>

<P><STRONG><a name="[51]"></a>ips114_write_index</STRONG> (Thumb, 36 bytes, Stack size 8 bytes, user_ips114.o(.text.ips114_write_index))
<BR><BR>[Stack]<UL><LI>Max Depth = 8<LI>Call Chain = ips114_write_index
</UL>
<BR>[Calls]<UL><LI><a href="#[5e]">&gt;&gt;</a>&nbsp;&nbsp;&nbsp;spi_write_8bit
</UL>
<BR>[Address Reference Count : 1]<UL><LI> user_ips114.o(.text.IPS114_SendBuffer)
</UL>
<P><STRONG><a name="[d0]"></a>OUTLINED_FUNCTION_0</STRONG> (Thumb, 10 bytes, Stack size 0 bytes, user_ips114.o(.text.OUTLINED_FUNCTION_0))
<BR><BR>[Stack]<UL><LI>Max Depth = 56<LI>Call Chain = OUTLINED_FUNCTION_0 &rArr; IPS114_ShowStr &rArr; IPS114_ShowChar
</UL>
<BR>[Calls]<UL><LI><a href="#[4f]">&gt;&gt;</a>&nbsp;&nbsp;&nbsp;IPS114_ShowStr
</UL>
<BR>[Called By]<UL><LI><a href="#[9d]">&gt;&gt;</a>&nbsp;&nbsp;&nbsp;IPS114_ShowFloat
</UL>

<P><STRONG><a name="[d3]"></a>OUTLINED_FUNCTION_2</STRONG> (Thumb, 8 bytes, Stack size 0 bytes, easy_ui_user_app.o(.text.OUTLINED_FUNCTION_2))
<BR><BR>[Called By]<UL><LI><a href="#[d2]">&gt;&gt;</a>&nbsp;&nbsp;&nbsp;MenuInit
</UL>

<P><STRONG><a name="[d4]"></a>OUTLINED_FUNCTION_4</STRONG> (Thumb, 10 bytes, Stack size 0 bytes, easy_ui_user_app.o(.text.OUTLINED_FUNCTION_4))
<BR><BR>[Called By]<UL><LI><a href="#[d2]">&gt;&gt;</a>&nbsp;&nbsp;&nbsp;MenuInit
</UL>

<P><STRONG><a name="[d5]"></a>OUTLINED_FUNCTION_1</STRONG> (Thumb, 10 bytes, Stack size 0 bytes, easy_ui_user_app.o(.text.OUTLINED_FUNCTION_1))
<BR><BR>[Called By]<UL><LI><a href="#[d2]">&gt;&gt;</a>&nbsp;&nbsp;&nbsp;MenuInit
</UL>

<P><STRONG><a name="[d6]"></a>OUTLINED_FUNCTION_3</STRONG> (Thumb, 10 bytes, Stack size 0 bytes, easy_ui_user_app.o(.text.OUTLINED_FUNCTION_3))
<BR><BR>[Called By]<UL><LI><a href="#[d2]">&gt;&gt;</a>&nbsp;&nbsp;&nbsp;MenuInit
</UL>

<P><STRONG><a name="[d7]"></a>OUTLINED_FUNCTION_5</STRONG> (Thumb, 10 bytes, Stack size 0 bytes, easy_ui_user_app.o(.text.OUTLINED_FUNCTION_5))
<BR><BR>[Called By]<UL><LI><a href="#[d2]">&gt;&gt;</a>&nbsp;&nbsp;&nbsp;MenuInit
</UL>

<P><STRONG><a name="[d8]"></a>OUTLINED_FUNCTION_0</STRONG> (Thumb, 10 bytes, Stack size 0 bytes, easy_ui_user_app.o(.text.OUTLINED_FUNCTION_0))
<BR><BR>[Called By]<UL><LI><a href="#[d2]">&gt;&gt;</a>&nbsp;&nbsp;&nbsp;MenuInit
</UL>

<P><STRONG><a name="[d9]"></a>OUTLINED_FUNCTION_6</STRONG> (Thumb, 6 bytes, Stack size 0 bytes, easy_ui_user_app.o(.text.OUTLINED_FUNCTION_6))
<BR><BR>[Called By]<UL><LI><a href="#[d2]">&gt;&gt;</a>&nbsp;&nbsp;&nbsp;MenuInit
</UL>

<P><STRONG><a name="[14e]"></a>_printf_core</STRONG> (Thumb, 436 bytes, Stack size 96 bytes, printf3.o(i._printf_core), UNUSED)
<BR><BR>[Calls]<UL><LI><a href="#[14f]">&gt;&gt;</a>&nbsp;&nbsp;&nbsp;__aeabi_uidivmod
</UL>
<BR>[Called By]<UL><LI><a href="#[14d]">&gt;&gt;</a>&nbsp;&nbsp;&nbsp;__0sprintf$3
</UL>

<P><STRONG><a name="[64]"></a>_sputc</STRONG> (Thumb, 10 bytes, Stack size 0 bytes, printf3.o(i._sputc))
<BR><BR>[Called By]<UL><LI><a href="#[14d]">&gt;&gt;</a>&nbsp;&nbsp;&nbsp;__0sprintf$3
</UL>
<BR>[Address Reference Count : 1]<UL><LI> printf3.o(i.__0sprintf$3)
</UL><P>
<H3>
Undefined Global Symbols
</H3><HR></body></html>
