<html>
<body>
<pre>
<h1>µVision Build Log</h1>
<h2>Tool Versions:</h2>
IDE-Version: ¦ÌVision V5.38.0.0
Copyright (C) 2022 ARM Ltd and ARM Germany GmbH. All rights reserved.
License Information: 1 1, 1, LIC=CZLZX-HP30Z-HLBCL-01KJF-U9XMM-DRG98
 
Tool Versions:
Toolchain:       MDK-ARM Plus  Version: 5.38.0.0
Toolchain Path:  C:\Keil_v5\ARM\ARMCLANG\Bin
C Compiler:      ArmClang.exe V6.19
Assembler:       Armasm.exe V6.19
Linker/Locator:  ArmLink.exe V6.19
Library Manager: ArmAr.exe V6.19
Hex Converter:   FromElf.exe V6.19
CPU DLL:         
Dialog DLL:      
Target DLL:      CMSIS_AGDI_V8M.DLL V1.7.20.0
Dialog DLL:      TCM.DLL V1.56.4.0
 
<h2>Project:</h2>
\\Mac\Home\ErBW_s\Projects\MM32-Wireless-Charge\2.Firmware\1.FrontCar\MM32F527X_E9P\project\mdk\mm32f527x_e9p.uvprojx
Project File Date:  01/27/2023

<h2>Output:</h2>
*** Using Compiler 'V6.19', folder: 'C:\Keil_v5\ARM\ARMCLANG\Bin'
Build target 'mm32f527x_e9p_project'
compiling main.c...
compiling isr.c...
../code/easy_ui.c(44): warning: passing an object that undergoes default argument promotion to 'va_start' has undefined behavior [-Wvarargs]
    va_start(variableArg, func);
                          ^
../code/easy_ui.c(33): note: parameter of type 'EasyUIItem_e' is declared here
void EasyUIAddItem(EasyUIPage_t *page, EasyUIItem_t *item, char *_title, EasyUIItem_e func, ...)
                                                                                      ^
../code/easy_ui.c(110): warning: passing an object that undergoes default argument promotion to 'va_start' has undefined behavior [-Wvarargs]
    va_start(variableArg, func);
                          ^
../code/easy_ui.c(105): note: parameter of type 'EasyUIPage_e' is declared here
void EasyUIAddPage(EasyUIPage_t *page, EasyUIPage_e func, ...)
                                                    ^
2 warnings generated.
compiling easy_ui.c...
compiling pid.c...
../code/ctrl.c(69): warning: non-void function does not return a value [-Wreturn-type]
}
^
1 warning generated.
compiling ctrl.c...
compiling buzzer.c...
compiling user_ips114.c...
compiling image_process.c...
compiling easy_ui_user_app.c...
linking...
Program Size: Code=25340 RO-data=13804 RW-data=328 ZI-data=100336  
".\Objects\mm32f527x_e9p.axf" - 0 Error(s), 3 Warning(s).

<h2>Software Packages used:</h2>

Package Vendor: MindMotion
                http://www.mindmotion.com.cn/Download/MDK_KEIL/MindMotion.MM32F5277E_DFP.0.0.7.pack
                MindMotion.MM32F5277E_DFP.0.0.7
                MindMotion MM32F5270 Series Device Support, Drivers and Examples

<h2>Collection of Component include folders:</h2>
  C:/Users/baohan/AppData/Local/Arm/Packs/MindMotion/MM32F5277E_DFP/0.0.7/Device/MM32F5277E

<h2>Collection of Component Files used:</h2>
Build Time Elapsed:  00:00:02
</pre>
</body>
</html>
