<html>
<body>
<pre>
<h1>µVision Build Log</h1>
<h2>Tool Versions:</h2>
IDE-Version: ¦ÌVision V5.28.0.0
Copyright (C) 2019 ARM Ltd and ARM Germany GmbH. All rights reserved.
License Information: 1 1, 1, LIC=UJWP0-BS474-HLBCL-01KJF-HME32-PW9L8
 
Tool Versions:
Toolchain:       MDK-ARM Plus  Version: 5.28.0.0
Toolchain Path:  C:\Keil_v5\ARM\ARMCLANG\Bin
C Compiler:      ArmClang.exe V6.12
Assembler:       Armasm.exe V6.12
Linker/Locator:  ArmLink.exe V6.12
Library Manager: ArmAr.exe V6.12
Hex Converter:   FromElf.exe V6.12
CPU DLL:         SARMCM3.DLL V5.28.0.0
Dialog DLL:      DCM.DLL V1.17.3.0
Target DLL:      CMSIS_AGDI.dll V1.31.18.0
Dialog DLL:      TCM.DLL V1.36.2.0
 
<h2>Project:</h2>
Y:\ErBW_s\Projects\MM32-Wireless-Charge\2.Firmware\1.FrontCar\SeekFree_MM32F327X_G9P_Opensource_Library\project\mdk\mm32f327x_g9p.uvprojx
Project File Date:  10/14/2022

<h2>Output:</h2>
*** Using Compiler 'V6.12', folder: 'C:\Keil_v5\ARM\ARMCLANG\Bin'
Rebuild target 'mm32f327x_g9p_project'
compiling zf_common_clock.c...
compiling main.c...
compiling isr.c...
compiling zf_common_debug.c...
compiling zf_common_fifo.c...
compiling zf_common_font.c...
compiling zf_common_function.c...
compiling zf_common_interrupt.c...
compiling zf_driver_dac.c...
compiling zf_driver_adc.c...
compiling zf_driver_delay.c...
compiling zf_driver_dma.c...
compiling zf_driver_encoder.c...
compiling zf_driver_exti.c...
compiling zf_driver_fsmc.c...
compiling zf_driver_flash.c...
compiling zf_driver_gpio.c...
compiling zf_driver_pit.c...
compiling zf_driver_pwm.c...
compiling zf_driver_iic.c...
compiling zf_driver_sdio.c...
compiling zf_driver_soft_iic.c...
compiling zf_driver_soft_spi.c...
compiling zf_driver_spi.c...
compiling zf_driver_timer.c...
compiling zf_driver_uart.c...
compiling zf_device_absolute_encoder.c...
compiling zf_device_bluetooth_ch9141.c...
compiling zf_device_camera.c...
compiling zf_device_icm20602.c...
compiling zf_device_imu963ra.c...
compiling zf_device_gps_tau1201.c...
compiling zf_device_key.c...
compiling zf_device_ips114.c...
compiling zf_device_ips200.c...
compiling zf_device_mpu6050.c...
compiling zf_device_mt9v03x.c...
compiling zf_device_ov7725.c...
compiling zf_device_oled.c...
compiling zf_device_scc8660.c...
compiling zf_device_sdcard.c...
compiling zf_device_tsl1401.c...
compiling zf_device_tft180.c...
compiling zf_device_type.c...
compiling zf_device_virtual_oscilloscope.c...
assembling startup_mm32f3277g.s...
compiling zf_device_wireless_uart.c...
compiling system_mm32f3277g.c...
compiling hal_adc.c...
compiling hal_comp.c...
compiling hal_dac.c...
compiling hal_exti.c...
compiling hal_dma.c...
compiling hal_fsmc.c...
compiling hal_gpio.c...
compiling hal_i2c.c...
compiling hal_iwdg.c...
compiling hal_rcc.c...
compiling hal_rtc.c...
compiling hal_sdio.c...
compiling hal_spi.c...
compiling hal_syscfg.c...
compiling hal_tim_16b.c...
compiling hal_tim_32b.c...
compiling hal_tim_basic.c...
compiling hal_tim_adv.c...
compiling hal_uart.c...
compiling hal_wwdg.c...
compiling hal_usb.c...
compiling diskio.c...
compiling ffsystem.c...
compiling ffunicode.c...
compiling ff.c...
linking...
Program Size: Code=7980 RO-data=2252 RW-data=80 ZI-data=32812  
".\Objects\mm32f327x_g9p.axf" - 0 Error(s), 0 Warning(s).

<h2>Software Packages used:</h2>

Package Vendor: MindMotion
                http://www.mindmotion.com.cn/Download/MDK_KEIL/MindMotion.MM32F3270_DFP.1.0.5.pack
                MindMotion.MM32F3270_DFP.1.0.5
                MindMotion MM32F3270 Series Device Support, Drivers and Examples

<h2>Collection of Component include folders:</h2>
  .\RTE\_mm32f327x_g9p_project
  C:\Users\baohan\AppData\Local\Arm\Packs\MindMotion\MM32F3270_DFP\1.0.5\Device\MM32F327x\Include

<h2>Collection of Component Files used:</h2>
Build Time Elapsed:  00:00:08
</pre>
</body>
</html>
