Archive member included to satisfy reference by file (symbol)

/Users/baohan/ErBW_s/Code/Toolchains/xpack-riscv-none-embed-gcc-8.2.0/bin/../lib/gcc/riscv-none-embed/8.2.0/../../../../riscv-none-embed/lib/rv32imafc/ilp32f/libm.a(lib_a-s_cos.o)
                              ./zf_device/zf_device_gps_tau1201.o (cos)
/Users/baohan/ErBW_s/Code/Toolchains/xpack-riscv-none-embed-gcc-8.2.0/bin/../lib/gcc/riscv-none-embed/8.2.0/../../../../riscv-none-embed/lib/rv32imafc/ilp32f/libm.a(lib_a-s_sin.o)
                              ./zf_device/zf_device_gps_tau1201.o (sin)
/Users/baohan/ErBW_s/Code/Toolchains/xpack-riscv-none-embed-gcc-8.2.0/bin/../lib/gcc/riscv-none-embed/8.2.0/../../../../riscv-none-embed/lib/rv32imafc/ilp32f/libm.a(lib_a-sf_sin.o)
                              ./code/easing_function.o (sinf)
/Users/baohan/ErBW_s/Code/Toolchains/xpack-riscv-none-embed-gcc-8.2.0/bin/../lib/gcc/riscv-none-embed/8.2.0/../../../../riscv-none-embed/lib/rv32imafc/ilp32f/libm.a(lib_a-w_asin.o)
                              ./zf_device/zf_device_gps_tau1201.o (asin)
/Users/baohan/ErBW_s/Code/Toolchains/xpack-riscv-none-embed-gcc-8.2.0/bin/../lib/gcc/riscv-none-embed/8.2.0/../../../../riscv-none-embed/lib/rv32imafc/ilp32f/libm.a(lib_a-w_atan2.o)
                              ./zf_device/zf_device_gps_tau1201.o (atan2)
/Users/baohan/ErBW_s/Code/Toolchains/xpack-riscv-none-embed-gcc-8.2.0/bin/../lib/gcc/riscv-none-embed/8.2.0/../../../../riscv-none-embed/lib/rv32imafc/ilp32f/libm.a(lib_a-w_pow.o)
                              ./zf_device/zf_device_gps_tau1201.o (pow)
/Users/baohan/ErBW_s/Code/Toolchains/xpack-riscv-none-embed-gcc-8.2.0/bin/../lib/gcc/riscv-none-embed/8.2.0/../../../../riscv-none-embed/lib/rv32imafc/ilp32f/libm.a(lib_a-w_sqrt.o)
                              ./zf_device/zf_device_gps_tau1201.o (sqrt)
/Users/baohan/ErBW_s/Code/Toolchains/xpack-riscv-none-embed-gcc-8.2.0/bin/../lib/gcc/riscv-none-embed/8.2.0/../../../../riscv-none-embed/lib/rv32imafc/ilp32f/libm.a(lib_a-wf_asin.o)
                              ./code/easing_function.o (asinf)
/Users/baohan/ErBW_s/Code/Toolchains/xpack-riscv-none-embed-gcc-8.2.0/bin/../lib/gcc/riscv-none-embed/8.2.0/../../../../riscv-none-embed/lib/rv32imafc/ilp32f/libm.a(lib_a-wf_sqrt.o)
                              ./code/easing_function.o (sqrtf)
/Users/baohan/ErBW_s/Code/Toolchains/xpack-riscv-none-embed-gcc-8.2.0/bin/../lib/gcc/riscv-none-embed/8.2.0/../../../../riscv-none-embed/lib/rv32imafc/ilp32f/libm.a(lib_a-e_asin.o)
                              /Users/baohan/ErBW_s/Code/Toolchains/xpack-riscv-none-embed-gcc-8.2.0/bin/../lib/gcc/riscv-none-embed/8.2.0/../../../../riscv-none-embed/lib/rv32imafc/ilp32f/libm.a(lib_a-w_asin.o) (__ieee754_asin)
/Users/baohan/ErBW_s/Code/Toolchains/xpack-riscv-none-embed-gcc-8.2.0/bin/../lib/gcc/riscv-none-embed/8.2.0/../../../../riscv-none-embed/lib/rv32imafc/ilp32f/libm.a(lib_a-e_atan2.o)
                              /Users/baohan/ErBW_s/Code/Toolchains/xpack-riscv-none-embed-gcc-8.2.0/bin/../lib/gcc/riscv-none-embed/8.2.0/../../../../riscv-none-embed/lib/rv32imafc/ilp32f/libm.a(lib_a-w_atan2.o) (__ieee754_atan2)
/Users/baohan/ErBW_s/Code/Toolchains/xpack-riscv-none-embed-gcc-8.2.0/bin/../lib/gcc/riscv-none-embed/8.2.0/../../../../riscv-none-embed/lib/rv32imafc/ilp32f/libm.a(lib_a-e_pow.o)
                              /Users/baohan/ErBW_s/Code/Toolchains/xpack-riscv-none-embed-gcc-8.2.0/bin/../lib/gcc/riscv-none-embed/8.2.0/../../../../riscv-none-embed/lib/rv32imafc/ilp32f/libm.a(lib_a-w_pow.o) (__ieee754_pow)
/Users/baohan/ErBW_s/Code/Toolchains/xpack-riscv-none-embed-gcc-8.2.0/bin/../lib/gcc/riscv-none-embed/8.2.0/../../../../riscv-none-embed/lib/rv32imafc/ilp32f/libm.a(lib_a-e_rem_pio2.o)
                              /Users/baohan/ErBW_s/Code/Toolchains/xpack-riscv-none-embed-gcc-8.2.0/bin/../lib/gcc/riscv-none-embed/8.2.0/../../../../riscv-none-embed/lib/rv32imafc/ilp32f/libm.a(lib_a-s_cos.o) (__ieee754_rem_pio2)
/Users/baohan/ErBW_s/Code/Toolchains/xpack-riscv-none-embed-gcc-8.2.0/bin/../lib/gcc/riscv-none-embed/8.2.0/../../../../riscv-none-embed/lib/rv32imafc/ilp32f/libm.a(lib_a-e_sqrt.o)
                              /Users/baohan/ErBW_s/Code/Toolchains/xpack-riscv-none-embed-gcc-8.2.0/bin/../lib/gcc/riscv-none-embed/8.2.0/../../../../riscv-none-embed/lib/rv32imafc/ilp32f/libm.a(lib_a-w_sqrt.o) (__ieee754_sqrt)
/Users/baohan/ErBW_s/Code/Toolchains/xpack-riscv-none-embed-gcc-8.2.0/bin/../lib/gcc/riscv-none-embed/8.2.0/../../../../riscv-none-embed/lib/rv32imafc/ilp32f/libm.a(lib_a-ef_asin.o)
                              /Users/baohan/ErBW_s/Code/Toolchains/xpack-riscv-none-embed-gcc-8.2.0/bin/../lib/gcc/riscv-none-embed/8.2.0/../../../../riscv-none-embed/lib/rv32imafc/ilp32f/libm.a(lib_a-wf_asin.o) (__ieee754_asinf)
/Users/baohan/ErBW_s/Code/Toolchains/xpack-riscv-none-embed-gcc-8.2.0/bin/../lib/gcc/riscv-none-embed/8.2.0/../../../../riscv-none-embed/lib/rv32imafc/ilp32f/libm.a(lib_a-ef_rem_pio2.o)
[...]
Memory Configuration

Name             Origin             Length             Attributes
RAM              0x0000000020000000 0x0000000000010000 xrw
FLASH            0x0000000000000000 0x0000000000040000 xr
*default*        0x0000000000000000 0xffffffffffffffff

Linker script and memory map

LOAD ./zf_driver/zf_driver_adc.o
LOAD ./zf_driver/zf_driver_delay.o
LOAD ./zf_driver/zf_driver_dvp.o
LOAD ./zf_driver/zf_driver_encoder.o
LOAD ./zf_driver/zf_driver_exti.o
LOAD ./zf_driver/zf_driver_flash.o
LOAD ./zf_driver/zf_driver_gpio.o
LOAD ./zf_driver/zf_driver_iic.o
LOAD ./zf_driver/zf_driver_pit.o
LOAD ./zf_driver/zf_driver_pwm.o
LOAD ./zf_driver/zf_driver_soft_iic.o
LOAD ./zf_driver/zf_driver_soft_spi.o
LOAD ./zf_driver/zf_driver_spi.o
LOAD ./zf_driver/zf_driver_timer.o
LOAD ./zf_driver/zf_driver_uart.o
LOAD ./zf_driver/zf_driver_usb_cdc.o
LOAD ./zf_device/zf_device_absolute_encoder.o
LOAD ./zf_device/zf_device_aht20.o
LOAD ./zf_device/zf_device_bluetooth_ch9141.o
LOAD ./zf_device/zf_device_camera.o
LOAD ./zf_device/zf_device_dl1a.o
LOAD ./zf_device/zf_device_dm1xa.o
LOAD ./zf_device/zf_device_gps_tau1201.o
LOAD ./zf_device/zf_device_icm20602.o
LOAD ./zf_device/zf_device_imu660ra.o
LOAD ./zf_device/zf_device_imu963ra.o
LOAD ./zf_device/zf_device_ips114.o
LOAD ./zf_device/zf_device_ips200.o
LOAD ./zf_device/zf_device_k24c02.o
LOAD ./zf_device/zf_device_key.o
LOAD ./zf_device/zf_device_mpu6050.o
LOAD ./zf_device/zf_device_mt9v03x_dvp.o
LOAD ./zf_device/zf_device_oled.o
LOAD ./zf_device/zf_device_scc8660_dvp.o
LOAD ./zf_device/zf_device_tft180.o
LOAD ./zf_device/zf_device_type.o
LOAD ./zf_device/zf_device_virtual_oscilloscope.o
LOAD ./zf_device/zf_device_w25q32.o
LOAD ./zf_device/zf_device_wifi_uart.o
LOAD ./zf_device/zf_device_wireless_ch573.o
LOAD ./zf_device/zf_device_wireless_uart.o
LOAD ./zf_common/zf_common_clock.o
LOAD ./zf_common/zf_common_debug.o
LOAD ./zf_common/zf_common_fifo.o
LOAD ./zf_common/zf_common_font.o
LOAD ./zf_common/zf_common_function.o
LOAD ./zf_common/zf_common_interrupt.o
LOAD ./user_c/isr.o
LOAD ./user_c/main.o
LOAD ./sdk/Startup/startup_ch32v30x_D8C.o
LOAD ./sdk/Peripheral/ch32v30x_adc.o
LOAD ./sdk/Peripheral/ch32v30x_bkp.o
LOAD ./sdk/Peripheral/ch32v30x_can.o
LOAD ./sdk/Peripheral/ch32v30x_crc.o
LOAD ./sdk/Peripheral/ch32v30x_dac.o
LOAD ./sdk/Peripheral/ch32v30x_dbgmcu.o
LOAD ./sdk/Peripheral/ch32v30x_dma.o
LOAD ./sdk/Peripheral/ch32v30x_dvp.o
LOAD ./sdk/Peripheral/ch32v30x_eth.o
LOAD ./sdk/Peripheral/ch32v30x_exti.o
LOAD ./sdk/Peripheral/ch32v30x_flash.o
LOAD ./sdk/Peripheral/ch32v30x_fsmc.o
LOAD ./sdk/Peripheral/ch32v30x_gpio.o
LOAD ./sdk/Peripheral/ch32v30x_i2c.o
LOAD ./sdk/Peripheral/ch32v30x_iwdg.o
LOAD ./sdk/Peripheral/ch32v30x_opa.o
LOAD ./sdk/Peripheral/ch32v30x_pwr.o
LOAD ./sdk/Peripheral/ch32v30x_rcc.o
LOAD ./sdk/Peripheral/ch32v30x_rng.o
LOAD ./sdk/Peripheral/ch32v30x_rtc.o
LOAD ./sdk/Peripheral/ch32v30x_sdio.o
LOAD ./sdk/Peripheral/ch32v30x_spi.o
LOAD ./sdk/Peripheral/ch32v30x_tim.o
LOAD ./sdk/Peripheral/ch32v30x_usart.o
LOAD ./sdk/Peripheral/ch32v30x_usbotg_device.o
LOAD ./sdk/Peripheral/ch32v30x_wwdg.o
LOAD ./sdk/Core/core_riscv.o
LOAD ./code/easy_key.o
LOAD ./code/ips096.o
LOAD ./code/ips096_dma.o
LOAD ./code/user_flash.o
LOAD ./code/user_spi.o
LOAD ./code/vofa.o
LOAD ./code/easing_function.o
LOAD ./code/easy_ui.o
LOAD ./code/easy_ui_user_app.o
LOAD ./code/profile_photo_erbws.o
LOAD ./code/nmea0183.o
LOAD /Users/baohan/ErBW_s/Code/Toolchains/xpack-riscv-none-embed-gcc-8.2.0/bin/../lib/gcc/riscv-none-embed/8.2.0/../../../../riscv-none-embed/lib/rv32imafc/ilp32f/libm.a
LOAD /Users/baohan/ErBW_s/Projects/CH32-Bike-Overland/2.Firmware/2.BLDC/libraries/zf_device/libzf_device_config.a
LOAD /Users/baohan/ErBW_s/Code/Toolchains/xpack-riscv-none-embed-gcc-8.2.0/bin/../lib/gcc/riscv-none-embed/8.2.0/rv32imafc/ilp32f/libgcc.a
LOAD /Users/baohan/ErBW_s/Code/Toolchains/xpack-riscv-none-embed-gcc-8.2.0/bin/../lib/gcc/riscv-none-embed/8.2.0/../../../../riscv-none-embed/lib/rv32imafc/ilp32f/libg_nano.a
LOAD /Users/baohan/ErBW_s/Code/Toolchains/xpack-riscv-none-embed-gcc-8.2.0/bin/../lib/gcc/riscv-none-embed/8.2.0/../../../../riscv-none-embed/lib/rv32imafc/ilp32f/libc_nano.a
LOAD /Users/baohan/ErBW_s/Code/Toolchains/xpack-riscv-none-embed-gcc-8.2.0/bin/../lib/gcc/riscv-none-embed/8.2.0/rv32imafc/ilp32f/libgcc.a
START GROUP
LOAD /Users/baohan/ErBW_s/Code/Toolchains/xpack-riscv-none-embed-gcc-8.2.0/bin/../lib/gcc/riscv-none-embed/8.2.0/rv32imafc/ilp32f/libgcc.a
LOAD /Users/baohan/ErBW_s/Code/Toolchains/xpack-riscv-none-embed-gcc-8.2.0/bin/../lib/gcc/riscv-none-embed/8.2.0/../../../../riscv-none-embed/lib/rv32imafc/ilp32f/libc_nano.a
LOAD /Users/baohan/ErBW_s/Code/Toolchains/xpack-riscv-none-embed-gcc-8.2.0/bin/../lib/gcc/riscv-none-embed/8.2.0/../../../../riscv-none-embed/lib/rv32imafc/ilp32f/libnosys.a
END GROUP
START GROUP
LOAD /Users/baohan/ErBW_s/Code/Toolchains/xpack-riscv-none-embed-gcc-8.2.0/bin/../lib/gcc/riscv-none-embed/8.2.0/rv32imafc/ilp32f/libgcc.a
LOAD /Users/baohan/ErBW_s/Code/Toolchains/xpack-riscv-none-embed-gcc-8.2.0/bin/../lib/gcc/riscv-none-embed/8.2.0/../../../../riscv-none-embed/lib/rv32imafc/ilp32f/libc_nano.a
LOAD /Users/baohan/ErBW_s/Code/Toolchains/xpack-riscv-none-embed-gcc-8.2.0/bin/../lib/gcc/riscv-none-embed/8.2.0/../../../../riscv-none-embed/lib/rv32imafc/ilp32f/libnosys.a
END GROUP
                0x0000000000000800                __stack_size = 0x800
                [!provide]                        PROVIDE (_stack_size = __stack_size)

.init           0x0000000000000000       0x38
                0x0000000000000000                _sinit = .
                0x0000000000000000                . = ALIGN (0x4)
 *(SORT_NONE(.init))
 .init          0x0000000000000000       0x38 ./sdk/Startup/startup_ch32v30x_D8C.o
                0x0000000000000000                _start
                0x0000000000000038                . = ALIGN (0x4)
                0x0000000000000038                _einit = .

.vector         0x0000000000000038      0x1c8
 *(.vector)
 .vector        0x0000000000000038      0x1a0 ./sdk/Startup/startup_ch32v30x_D8C.o
                0x0000000000000200                . = ALIGN (0x40)
 *fill*         0x00000000000001d8       0x28 

.text           0x0000000000000200     0xf194
                0x0000000000000200                . = ALIGN (0x4)
 *(.text)
 .text          0x0000000000000200       0xa8 /Users/baohan/ErBW_s/Code/Toolchains/xpack-riscv-none-embed-gcc-8.2.0/bin/../lib/gcc/riscv-none-embed/8.2.0/../../../../riscv-none-embed/lib/rv32imafc/ilp32f/libg_nano.a(lib_a-memset.o)
                0x0000000000000200                memset
 *(.text.*)
 .text.system_delay
                0x00000000000002a8       0x9a ./zf_driver/zf_driver_delay.o
                0x00000000000002a8                system_delay
 .text.gpio_get_level
                0x0000000000000342       0x42 ./zf_driver/zf_driver_gpio.o
                0x0000000000000342                gpio_get_level
 .text.gpio_init
                0x0000000000000384      0x15c ./zf_driver/zf_driver_gpio.o
                0x0000000000000384                gpio_init
 .text.pit_init
                0x00000000000004e0      0x218 ./zf_driver/zf_driver_pit.o
                0x00000000000004e0                pit_init
 .text.pwm_set_duty
                0x00000000000006f8      0x166 ./zf_driver/zf_driver_pwm.o
                0x00000000000006f8                pwm_set_duty
 .text.pwm_set_freq
                0x000000000000085e      0x18c ./zf_driver/zf_driver_pwm.o
                0x000000000000085e                pwm_set_freq
 .text.pwm_init
                0x00000000000009ea      0x416 ./zf_driver/zf_driver_pwm.o
                0x00000000000009ea                pwm_init
 .text.spi_write_8bit
                0x0000000000000e00       0x6a ./zf_driver/zf_driver_spi.o
                0x0000000000000e00                spi_write_8bit
 .text.spi_write_16bit
                0x0000000000000e6a       0xa6 ./zf_driver/zf_driver_spi.o
                0x0000000000000e6a                spi_write_16bit
 .text.spi_init
                0x0000000000000f10      0x2f0 ./zf_driver/zf_driver_spi.o
                0x0000000000000f10                spi_init
 .text.timer_funciton_check
                0x0000000000001200       0x66 ./zf_driver/zf_driver_timer.o
                0x0000000000001200                timer_funciton_check
 .text.timer_clock_enable
                0x0000000000001266       0xe2 ./zf_driver/zf_driver_timer.o
                0x0000000000001266                timer_clock_enable
 .text.timer_start
                0x0000000000001348       0xca ./zf_driver/zf_driver_timer.o
                0x0000000000001348                timer_start
 .text.timer_stop
                0x0000000000001412       0xca ./zf_driver/zf_driver_timer.o
                0x0000000000001412                timer_stop
 .text.timer_get
                0x00000000000014dc       0xfe ./zf_driver/zf_driver_timer.o
                0x00000000000014dc                timer_get
 .text.timer_clear
                0x00000000000015da       0xc4 ./zf_driver/zf_driver_timer.o
                0x00000000000015da                timer_clear
 .text.timer_init
                0x000000000000169e      0x1a0 ./zf_driver/zf_driver_timer.o
                0x000000000000169e                timer_init
 .text.uart_write_byte
                0x000000000000183e       0x56 ./zf_driver/zf_driver_uart.o
                0x000000000000183e                uart_write_byte
 .text.uart_write_string
                0x0000000000001894       0x60 ./zf_driver/zf_driver_uart.o
                0x0000000000001894                uart_write_string
 .text.uart_query_byte
                0x00000000000018f4       0x5e ./zf_driver/zf_driver_uart.o
                0x00000000000018f4                uart_query_byte
 .text.uart_init
                0x0000000000001952      0x5a6 ./zf_driver/zf_driver_uart.o
                0x0000000000001952                uart_init
 .text.dm1xa_sound_callback
                0x0000000000001ef8       0xf6 ./zf_device/zf_device_dm1xa.o
                0x0000000000001ef8                dm1xa_sound_callback
 .text.dm1xa_light_callback
                0x0000000000001fee       0x32 ./zf_device/zf_device_dm1xa.o
                0x0000000000001fee                dm1xa_light_callback
 .text.gps_uart_callback
                0x0000000000002020      0x10a ./zf_device/zf_device_gps_tau1201.o
                0x0000000000002020                gps_uart_callback
 .text.type_default_callback
                0x000000000000212a        0xe ./zf_device/zf_device_type.o
 .text.clock_reset
                0x0000000000002138       0x76 ./zf_common/zf_common_clock.o
 .text.clock_set_freq
                0x00000000000021ae      0x1d8 ./zf_common/zf_common_clock.o
 .text.clock_init
                0x0000000000002386       0x2a ./zf_common/zf_common_clock.o
                0x0000000000002386                clock_init
 .text.__NOP    0x00000000000023b0       0x10 ./zf_common/zf_common_debug.o
 .text.debug_delay
                0x00000000000023c0       0x52 ./zf_common/zf_common_debug.o
 .text.debug_protective_handler
                0x0000000000002412        0xe ./zf_common/zf_common_debug.o
 .text.debug_uart_str_output
                0x0000000000002420       0x20 ./zf_common/zf_common_debug.o
 .text.debug_output
                0x0000000000002440      0x52c ./zf_common/zf_common_debug.o
 .text._write   0x000000000000296c       0x7c ./zf_common/zf_common_debug.o
                0x000000000000296c                _write
 .text.debug_assert_handler
                0x00000000000029e8       0x68 ./zf_common/zf_common_debug.o
                0x00000000000029e8                debug_assert_handler
 .text.debug_output_struct_init
                0x0000000000002a50       0x5a ./zf_common/zf_common_debug.o
                0x0000000000002a50                debug_output_struct_init
 .text.debug_output_init
                0x0000000000002aaa       0x88 ./zf_common/zf_common_debug.o
                0x0000000000002aaa                debug_output_init
 .text.debug_init
                0x0000000000002b32       0x46 ./zf_common/zf_common_debug.o
                0x0000000000002b32                debug_init
 .text.fifo_head_offset
                0x0000000000002b78       0x4e ./zf_common/zf_common_fifo.o
 .text.fifo_end_offset
                0x0000000000002bc6       0x4e ./zf_common/zf_common_fifo.o
 .text.fifo_clear
                0x0000000000002c14       0xfe ./zf_common/zf_common_fifo.o
                0x0000000000002c14                fifo_clear
 .text.fifo_used
                0x0000000000002d12       0x42 ./zf_common/zf_common_fifo.o
                0x0000000000002d12                fifo_used
 .text.fifo_write_buffer
                0x0000000000002d54      0x2f6 ./zf_common/zf_common_fifo.o
                0x0000000000002d54                fifo_write_buffer
 .text.fifo_read_buffer
                0x000000000000304a      0x2de ./zf_common/zf_common_fifo.o
                0x000000000000304a                fifo_read_buffer
 .text.func_int_to_str
                0x0000000000003328      0x116 ./zf_common/zf_common_function.o
                0x0000000000003328                func_int_to_str
 .text.__enable_irq
                0x000000000000343e       0x18 ./zf_common/zf_common_interrupt.o
 .text.__disable_irq
                0x0000000000003456       0x14 ./zf_common/zf_common_interrupt.o
 .text.NVIC_EnableIRQ
                0x000000000000346a       0x32 ./zf_common/zf_common_interrupt.o
 .text.NVIC_SetPriority
                0x000000000000349c       0x2a ./zf_common/zf_common_interrupt.o
 .text.interrupt_enable
                0x00000000000034c6       0x1c ./zf_common/zf_common_interrupt.o
                0x00000000000034c6                interrupt_enable
 .text.interrupt_set_priority
                0x00000000000034e2       0x28 ./zf_common/zf_common_interrupt.o
                0x00000000000034e2                interrupt_set_priority
 .text.interrupt_global_enable
                0x000000000000350a       0x30 ./zf_common/zf_common_interrupt.o
                0x000000000000350a                interrupt_global_enable
 .text.interrupt_global_disable
                0x000000000000353a       0x2a ./zf_common/zf_common_interrupt.o
                0x000000000000353a                interrupt_global_disable
 .text.interrupt_init
                0x0000000000003564       0x16 ./zf_common/zf_common_interrupt.o
                0x0000000000003564                interrupt_init
 .text.USART1_IRQHandler
                0x000000000000357a       0x84 ./user_c/isr.o
                0x000000000000357a                USART1_IRQHandler
 .text.USART2_IRQHandler
                0x00000000000035fe       0x84 ./user_c/isr.o
                0x00000000000035fe                USART2_IRQHandler
 .text.USART3_IRQHandler
                0x0000000000003682       0x84 ./user_c/isr.o
                0x0000000000003682                USART3_IRQHandler
 .text.UART4_IRQHandler
                0x0000000000003706       0x84 ./user_c/isr.o
                0x0000000000003706                UART4_IRQHandler
 .text.UART5_IRQHandler
                0x000000000000378a       0x86 ./user_c/isr.o
                0x000000000000378a                UART5_IRQHandler
 .text.UART6_IRQHandler
                0x0000000000003810       0x84 ./user_c/isr.o
                0x0000000000003810                UART6_IRQHandler
 .text.UART7_IRQHandler
                0x0000000000003894       0x8a ./user_c/isr.o
                0x0000000000003894                UART7_IRQHandler
 .text.UART8_IRQHandler
                0x000000000000391e       0x80 ./user_c/isr.o
                0x000000000000391e                UART8_IRQHandler
 .text.DVP_IRQHandler
                0x000000000000399e       0x90 ./user_c/isr.o
                0x000000000000399e                DVP_IRQHandler
 .text.EXTI0_IRQHandler
                0x0000000000003a2e       0x74 ./user_c/isr.o
                0x0000000000003a2e                EXTI0_IRQHandler
 .text.EXTI1_IRQHandler
                0x0000000000003aa2       0x74 ./user_c/isr.o
                0x0000000000003aa2                EXTI1_IRQHandler
 .text.EXTI2_IRQHandler
                0x0000000000003b16       0x74 ./user_c/isr.o
                0x0000000000003b16                EXTI2_IRQHandler
 .text.EXTI3_IRQHandler
                0x0000000000003b8a       0x74 ./user_c/isr.o
                0x0000000000003b8a                EXTI3_IRQHandler
 .text.EXTI4_IRQHandler
                0x0000000000003bfe       0x74 ./user_c/isr.o
                0x0000000000003bfe                EXTI4_IRQHandler
 .text.EXTI9_5_IRQHandler
                0x0000000000003c72       0xd8 ./user_c/isr.o
                0x0000000000003c72                EXTI9_5_IRQHandler
 .text.EXTI15_10_IRQHandler
                0x0000000000003d4a       0xec ./user_c/isr.o
                0x0000000000003d4a                EXTI15_10_IRQHandler
 .text.TIM1_UP_IRQHandler
                0x0000000000003e36      0x11a ./user_c/isr.o
                0x0000000000003e36                TIM1_UP_IRQHandler
 .text.TIM2_IRQHandler
                0x0000000000003f50       0x78 ./user_c/isr.o
                0x0000000000003f50                TIM2_IRQHandler
 .text.TIM3_IRQHandler
                0x0000000000003fc8       0x80 ./user_c/isr.o
                0x0000000000003fc8                TIM3_IRQHandler
 .text.TIM4_IRQHandler
                0x0000000000004048       0x80 ./user_c/isr.o
                0x0000000000004048                TIM4_IRQHandler
 .text.TIM5_IRQHandler
                0x00000000000040c8       0x80 ./user_c/isr.o
                0x00000000000040c8                TIM5_IRQHandler
 .text.TIM6_IRQHandler
                0x0000000000004148       0x78 ./user_c/isr.o
                0x0000000000004148                TIM6_IRQHandler
 .text.TIM7_IRQHandler
                0x00000000000041c0       0x80 ./user_c/isr.o
                0x00000000000041c0                TIM7_IRQHandler
 .text.TIM8_UP_IRQHandler
                0x0000000000004240       0x80 ./user_c/isr.o
                0x0000000000004240                TIM8_UP_IRQHandler
 .text.TIM9_UP_IRQHandler
                0x00000000000042c0       0x80 ./user_c/isr.o
                0x00000000000042c0                TIM9_UP_IRQHandler
 .text.TIM10_UP_IRQHandler
                0x0000000000004340       0x78 ./user_c/isr.o
                0x0000000000004340                TIM10_UP_IRQHandler
 .text.NMI_Handler
                0x00000000000043b8       0x10 ./user_c/isr.o
                0x00000000000043b8                NMI_Handler
 .text.HardFault_Handler
                0x00000000000043c8        0x8 ./user_c/isr.o
                0x00000000000043c8                HardFault_Handler
 .text.main     0x00000000000043d0       0x9a ./user_c/main.o
                0x00000000000043d0                main
 .text.vector_handler
                0x000000000000446a       0xbe ./sdk/Startup/startup_ch32v30x_D8C.o
                0x000000000000446e                Ecall_M_Mode_Handler
                0x0000000000004470                Ecall_U_Mode_Handler
                0x0000000000004472                Break_Point_Handler
                0x0000000000004474                SysTick_Handler
                0x0000000000004476                SW_Handler
                0x0000000000004478                WWDG_IRQHandler
                0x000000000000447a                PVD_IRQHandler
                0x000000000000447c                TAMPER_IRQHandler
                0x000000000000447e                RTC_IRQHandler
                0x0000000000004480                FLASH_IRQHandler
                0x0000000000004482                RCC_IRQHandler
                0x000000000000448e                DMA1_Channel1_IRQHandler
                0x0000000000004490                DMA1_Channel2_IRQHandler
                0x0000000000004492                DMA1_Channel3_IRQHandler
                0x0000000000004494                DMA1_Channel4_IRQHandler
                0x0000000000004496                DMA1_Channel5_IRQHandler
                0x0000000000004498                DMA1_Channel6_IRQHandler
                0x000000000000449a                DMA1_Channel7_IRQHandler
                0x000000000000449c                ADC1_2_IRQHandler
                0x000000000000449e                USB_HP_CAN1_TX_IRQHandler
                0x00000000000044a0                USB_LP_CAN1_RX0_IRQHandler
                0x00000000000044a2                CAN1_RX1_IRQHandler
                0x00000000000044a4                CAN1_SCE_IRQHandler
                0x00000000000044a8                TIM1_BRK_IRQHandler
                0x00000000000044ac                TIM1_TRG_COM_IRQHandler
                0x00000000000044ae                TIM1_CC_IRQHandler
                0x00000000000044b6                I2C1_EV_IRQHandler
                0x00000000000044b8                I2C1_ER_IRQHandler
                0x00000000000044ba                I2C2_EV_IRQHandler
                0x00000000000044bc                I2C2_ER_IRQHandler
                0x00000000000044be                SPI1_IRQHandler
                0x00000000000044c0                SPI2_IRQHandler
                0x00000000000044ca                RTCAlarm_IRQHandler
                0x00000000000044cc                USBWakeUp_IRQHandler
                0x00000000000044ce                TIM8_BRK_IRQHandler
                0x00000000000044d2                TIM8_TRG_COM_IRQHandler
                0x00000000000044d4                TIM8_CC_IRQHandler
                0x00000000000044d6                RNG_IRQHandler
                0x00000000000044d8                FSMC_IRQHandler
                0x00000000000044da                SDIO_IRQHandler
                0x00000000000044de                SPI3_IRQHandler
                0x00000000000044e8                DMA2_Channel1_IRQHandler
                0x00000000000044ea                DMA2_Channel2_IRQHandler
                0x00000000000044ec                DMA2_Channel3_IRQHandler
                0x00000000000044ee                DMA2_Channel4_IRQHandler
                0x00000000000044f0                DMA2_Channel5_IRQHandler
                0x00000000000044f2                ETH_IRQHandler
                0x00000000000044f4                ETH_WKUP_IRQHandler
                0x00000000000044f6                CAN2_TX_IRQHandler
                0x00000000000044f8                CAN2_RX0_IRQHandler
                0x00000000000044fa                CAN2_RX1_IRQHandler
                0x00000000000044fc                CAN2_SCE_IRQHandler
                0x0000000000004500                USBHSWakeup_IRQHandler
                0x0000000000004502                USBHS_IRQHandler
                0x000000000000450c                TIM9_BRK_IRQHandler
                0x0000000000004510                TIM9_TRG_COM_IRQHandler
                0x0000000000004512                TIM9_CC_IRQHandler
                0x0000000000004514                TIM10_BRK_IRQHandler
                0x0000000000004518                TIM10_TRG_COM_IRQHandler
                0x000000000000451a                TIM10_CC_IRQHandler
                0x000000000000451c                DMA2_Channel6_IRQHandler
                0x000000000000451e                DMA2_Channel7_IRQHandler
                0x0000000000004520                DMA2_Channel8_IRQHandler
                0x0000000000004522                DMA2_Channel9_IRQHandler
                0x0000000000004524                DMA2_Channel10_IRQHandler
                0x0000000000004526                DMA2_Channel11_IRQHandler
 .text.handle_reset
                0x0000000000004528       0x8a ./sdk/Startup/startup_ch32v30x_D8C.o
                0x0000000000004528                handle_reset
 .text.EXTI_GetITStatus
                0x00000000000045b2       0x56 ./sdk/Peripheral/ch32v30x_exti.o
                0x00000000000045b2                EXTI_GetITStatus
 .text.EXTI_ClearITPendingBit
                0x0000000000004608       0x20 ./sdk/Peripheral/ch32v30x_exti.o
                0x0000000000004608                EXTI_ClearITPendingBit
 .text.GPIO_Init
                0x0000000000004628      0x22a ./sdk/Peripheral/ch32v30x_gpio.o
                0x0000000000004628                GPIO_Init
 .text.GPIO_WriteBit
                0x0000000000004852       0x38 ./sdk/Peripheral/ch32v30x_gpio.o
                0x0000000000004852                GPIO_WriteBit
 .text.GPIO_PinRemapConfig
                0x000000000000488a      0x1c8 ./sdk/Peripheral/ch32v30x_gpio.o
                0x000000000000488a                GPIO_PinRemapConfig
 .text.RCC_GetClocksFreq
                0x0000000000004a52      0x2c6 ./sdk/Peripheral/ch32v30x_rcc.o
                0x0000000000004a52                RCC_GetClocksFreq
 .text.RCC_APB2PeriphClockCmd
                0x0000000000004d18       0x46 ./sdk/Peripheral/ch32v30x_rcc.o
                0x0000000000004d18                RCC_APB2PeriphClockCmd
 .text.RCC_APB1PeriphClockCmd
                0x0000000000004d5e       0x46 ./sdk/Peripheral/ch32v30x_rcc.o
                0x0000000000004d5e                RCC_APB1PeriphClockCmd
 .text.RCC_APB2PeriphResetCmd
                0x0000000000004da4       0x46 ./sdk/Peripheral/ch32v30x_rcc.o
                0x0000000000004da4                RCC_APB2PeriphResetCmd
 .text.RCC_APB1PeriphResetCmd
                0x0000000000004dea       0x46 ./sdk/Peripheral/ch32v30x_rcc.o
                0x0000000000004dea                RCC_APB1PeriphResetCmd
 .text.SPI_I2S_DeInit
                0x0000000000004e30       0x6a ./sdk/Peripheral/ch32v30x_spi.o
                0x0000000000004e30                SPI_I2S_DeInit
 .text.SPI_Init
                0x0000000000004e9a       0xf8 ./sdk/Peripheral/ch32v30x_spi.o
                0x0000000000004e9a                SPI_Init
 .text.SPI_Cmd  0x0000000000004f92       0x5a ./sdk/Peripheral/ch32v30x_spi.o
                0x0000000000004f92                SPI_Cmd
 .text.TIM_TimeBaseInit
                0x0000000000004fec      0x17e ./sdk/Peripheral/ch32v30x_tim.o
                0x0000000000004fec                TIM_TimeBaseInit
 .text.TIM_OC1Init
                0x000000000000516a      0x19c ./sdk/Peripheral/ch32v30x_tim.o
                0x000000000000516a                TIM_OC1Init
 .text.TIM_OC2Init
                0x0000000000005306      0x1e2 ./sdk/Peripheral/ch32v30x_tim.o
                0x0000000000005306                TIM_OC2Init
 .text.TIM_OC3Init
                0x00000000000054e8      0x1dc ./sdk/Peripheral/ch32v30x_tim.o
                0x00000000000054e8                TIM_OC3Init
 .text.TIM_OC4Init
                0x00000000000056c4      0x176 ./sdk/Peripheral/ch32v30x_tim.o
                0x00000000000056c4                TIM_OC4Init
 .text.TIM_Cmd  0x000000000000583a       0x58 ./sdk/Peripheral/ch32v30x_tim.o
                0x000000000000583a                TIM_Cmd
 .text.TIM_CtrlPWMOutputs
                0x0000000000005892       0x60 ./sdk/Peripheral/ch32v30x_tim.o
                0x0000000000005892                TIM_CtrlPWMOutputs
 .text.TIM_ITConfig
                0x00000000000058f2       0x70 ./sdk/Peripheral/ch32v30x_tim.o
                0x00000000000058f2                TIM_ITConfig
 .text.TIM_OC1PreloadConfig
                0x0000000000005962       0x4c ./sdk/Peripheral/ch32v30x_tim.o
                0x0000000000005962                TIM_OC1PreloadConfig
 .text.TIM_OC2PreloadConfig
                0x00000000000059ae       0x5a ./sdk/Peripheral/ch32v30x_tim.o
                0x00000000000059ae                TIM_OC2PreloadConfig
 .text.TIM_OC3PreloadConfig
                0x0000000000005a08       0x4c ./sdk/Peripheral/ch32v30x_tim.o
                0x0000000000005a08                TIM_OC3PreloadConfig
 .text.TIM_OC4PreloadConfig
                0x0000000000005a54       0x5a ./sdk/Peripheral/ch32v30x_tim.o
                0x0000000000005a54                TIM_OC4PreloadConfig
 .text.TIM_OC1FastConfig
                0x0000000000005aae       0x4c ./sdk/Peripheral/ch32v30x_tim.o
                0x0000000000005aae                TIM_OC1FastConfig
 .text.TIM_OC2FastConfig
                0x0000000000005afa       0x56 ./sdk/Peripheral/ch32v30x_tim.o
                0x0000000000005afa                TIM_OC2FastConfig
 .text.TIM_OC3FastConfig
                0x0000000000005b50       0x4c ./sdk/Peripheral/ch32v30x_tim.o
                0x0000000000005b50                TIM_OC3FastConfig
 .text.TIM_OC4FastConfig
                0x0000000000005b9c       0x56 ./sdk/Peripheral/ch32v30x_tim.o
                0x0000000000005b9c                TIM_OC4FastConfig
 .text.TIM_GetITStatus
                0x0000000000005bf2       0x70 ./sdk/Peripheral/ch32v30x_tim.o
                0x0000000000005bf2                TIM_GetITStatus
 .text.TIM_ClearITPendingBit
                0x0000000000005c62       0x2e ./sdk/Peripheral/ch32v30x_tim.o
                0x0000000000005c62                TIM_ClearITPendingBit
 .text.USART_Init
                0x0000000000005c90      0x234 ./sdk/Peripheral/ch32v30x_usart.o
                0x0000000000005c90                USART_Init
 .text.USART_Cmd
                0x0000000000005ec4       0x60 ./sdk/Peripheral/ch32v30x_usart.o
                0x0000000000005ec4                USART_Cmd
 .text.USART_SendData
                0x0000000000005f24       0x2e ./sdk/Peripheral/ch32v30x_usart.o
                0x0000000000005f24                USART_SendData
 .text.USART_GetFlagStatus
                0x0000000000005f52       0x46 ./sdk/Peripheral/ch32v30x_usart.o
                0x0000000000005f52                USART_GetFlagStatus
 .text.USART_GetITStatus
                0x0000000000005f98      0x102 ./sdk/Peripheral/ch32v30x_usart.o
                0x0000000000005f98                USART_GetITStatus
 .text.USART_ClearITPendingBit
                0x000000000000609a       0x4e ./sdk/Peripheral/ch32v30x_usart.o
                0x000000000000609a                USART_ClearITPendingBit
 .text.DevEP1_IN_Deal
                0x00000000000060e8       0x3e ./sdk/Peripheral/ch32v30x_usbotg_device.o
                0x00000000000060e8                DevEP1_IN_Deal
 .text.DevEP2_IN_Deal
                0x0000000000006126       0x3e ./sdk/Peripheral/ch32v30x_usbotg_device.o
                0x0000000000006126                DevEP2_IN_Deal
 .text.DevEP1_OUT_Deal
                0x0000000000006164       0x64 ./sdk/Peripheral/ch32v30x_usbotg_device.o
                0x0000000000006164                DevEP1_OUT_Deal
 .text.DevEP2_OUT_Deal
                0x00000000000061c8       0x64 ./sdk/Peripheral/ch32v30x_usbotg_device.o
                0x00000000000061c8                DevEP2_OUT_Deal
 .text.OTG_FS_IRQHandler
                0x000000000000622c      0xcd6 ./sdk/Peripheral/ch32v30x_usbotg_device.o
                0x000000000000622c                OTG_FS_IRQHandler
 .text.PressCallback
                0x0000000000006f02       0x2c ./code/easy_key.o
                0x0000000000006f02                PressCallback
 .text.HoldCallback
                0x0000000000006f2e       0x2c ./code/easy_key.o
                0x0000000000006f2e                HoldCallback
 .text.MultiClickCallback
                0x0000000000006f5a       0x2c ./code/easy_key.o
                0x0000000000006f5a                MultiClickCallback
 .text.ReleaseCallback
                0x0000000000006f86       0x2a ./code/easy_key.o
                0x0000000000006f86                ReleaseCallback
 .text.EasyKeyUserApp
                0x0000000000006fb0      0x142 ./code/easy_key.o
                0x0000000000006fb0                EasyKeyUserApp
 .text.EasyKeyInit
                0x00000000000070f2       0x8a ./code/easy_key.o
                0x00000000000070f2                EasyKeyInit
 .text.DebounceFilter
                0x000000000000717c       0xc8 ./code/easy_key.o
                0x000000000000717c                DebounceFilter
 .text.EasyKeyScanKeyState
                0x0000000000007244      0x108 ./code/easy_key.o
                0x0000000000007244                EasyKeyScanKeyState
 .text.ips096_write_index
                0x000000000000734c       0x44 ./code/ips096.o
 .text.IPS096_SetRegion
                0x0000000000007390      0x19c ./code/ips096.o
                0x0000000000007390                IPS096_SetRegion
 .text.IPS096_SendBuffer
                0x000000000000752c       0xc2 ./code/ips096.o
                0x000000000000752c                IPS096_SendBuffer
 .text.IPS096_ClearBuffer
                0x00000000000075ee       0x8e ./code/ips096.o
                0x00000000000075ee                IPS096_ClearBuffer
 .text.IPS096_DrawPoint
                0x000000000000767c       0xfe ./code/ips096.o
                0x000000000000767c                IPS096_DrawPoint
 .text.IPS096_ShowChar
                0x000000000000777a      0x226 ./code/ips096.o
                0x000000000000777a                IPS096_ShowChar
 .text.IPS096_ShowStr
                0x00000000000079a0       0xd8 ./code/ips096.o
                0x00000000000079a0                IPS096_ShowStr
 .text.IPS096_ShowInt
                0x0000000000007a78       0xfa ./code/ips096.o
                0x0000000000007a78                IPS096_ShowInt
 .text.IPS096_SetDirection
                0x0000000000007b72       0x50 ./code/ips096.o
                0x0000000000007b72                IPS096_SetDirection
 .text.IPS096_SetColor
                0x0000000000007bc2       0x2c ./code/ips096.o
                0x0000000000007bc2                IPS096_SetColor
 .text.IPS096_Init
                0x0000000000007bee      0x374 ./code/ips096.o
                0x0000000000007bee                IPS096_Init
 .text.__adddf3
                0x0000000000007f62      0xa0e /Users/baohan/ErBW_s/Code/Toolchains/xpack-riscv-none-embed-gcc-8.2.0/bin/../lib/gcc/riscv-none-embed/8.2.0/rv32imafc/ilp32f/libgcc.a(adddf3.o)
                0x0000000000007f62                __adddf3
 .text.__divdf3
                0x0000000000008970      0x7ea /Users/baohan/ErBW_s/Code/Toolchains/xpack-riscv-none-embed-gcc-8.2.0/bin/../lib/gcc/riscv-none-embed/8.2.0/rv32imafc/ilp32f/libgcc.a(divdf3.o)
                0x0000000000008970                __divdf3
 .text.__eqdf2  0x000000000000915a       0x98 /Users/baohan/ErBW_s/Code/Toolchains/xpack-riscv-none-embed-gcc-8.2.0/bin/../lib/gcc/riscv-none-embed/8.2.0/rv32imafc/ilp32f/libgcc.a(eqdf2.o)
                0x000000000000915a                __eqdf2
                0x000000000000915a                __nedf2
 .text.__gedf2  0x00000000000091f2       0xb6 /Users/baohan/ErBW_s/Code/Toolchains/xpack-riscv-none-embed-gcc-8.2.0/bin/../lib/gcc/riscv-none-embed/8.2.0/rv32imafc/ilp32f/libgcc.a(gedf2.o)
                0x00000000000091f2                __gtdf2
                0x00000000000091f2                __gedf2
 .text.__ledf2  0x00000000000092a8       0xb6 /Users/baohan/ErBW_s/Code/Toolchains/xpack-riscv-none-embed-gcc-8.2.0/bin/../lib/gcc/riscv-none-embed/8.2.0/rv32imafc/ilp32f/libgcc.a(ledf2.o)
                0x00000000000092a8                __ltdf2
                0x00000000000092a8                __ledf2
 .text.__muldf3
                0x000000000000935e      0x656 /Users/baohan/ErBW_s/Code/Toolchains/xpack-riscv-none-embed-gcc-8.2.0/bin/../lib/gcc/riscv-none-embed/8.2.0/rv32imafc/ilp32f/libgcc.a(muldf3.o)
                0x000000000000935e                __muldf3
 .text.__subdf3
                0x00000000000099b4      0xa8c /Users/baohan/ErBW_s/Code/Toolchains/xpack-riscv-none-embed-gcc-8.2.0/bin/../lib/gcc/riscv-none-embed/8.2.0/rv32imafc/ilp32f/libgcc.a(subdf3.o)
                0x00000000000099b4                __subdf3
 .text.__unorddf2
                0x000000000000a440       0x7c /Users/baohan/ErBW_s/Code/Toolchains/xpack-riscv-none-embed-gcc-8.2.0/bin/../lib/gcc/riscv-none-embed/8.2.0/rv32imafc/ilp32f/libgcc.a(unorddf2.o)
                0x000000000000a440                __unorddf2
 .text.__fixdfsi
                0x000000000000a4bc       0xd8 /Users/baohan/ErBW_s/Code/Toolchains/xpack-riscv-none-embed-gcc-8.2.0/bin/../lib/gcc/riscv-none-embed/8.2.0/rv32imafc/ilp32f/libgcc.a(fixdfsi.o)
                0x000000000000a4bc                __fixdfsi
 .text.__fixunsdfsi
                0x000000000000a594       0x9e /Users/baohan/ErBW_s/Code/Toolchains/xpack-riscv-none-embed-gcc-8.2.0/bin/../lib/gcc/riscv-none-embed/8.2.0/rv32imafc/ilp32f/libgcc.a(fixunsdfsi.o)
                0x000000000000a594                __fixunsdfsi
 .text.__floatsidf
                0x000000000000a632       0x70 /Users/baohan/ErBW_s/Code/Toolchains/xpack-riscv-none-embed-gcc-8.2.0/bin/../lib/gcc/riscv-none-embed/8.2.0/rv32imafc/ilp32f/libgcc.a(floatsidf.o)
                0x000000000000a632                __floatsidf
 .text.__floatunsidf
                0x000000000000a6a2       0x66 /Users/baohan/ErBW_s/Code/Toolchains/xpack-riscv-none-embed-gcc-8.2.0/bin/../lib/gcc/riscv-none-embed/8.2.0/rv32imafc/ilp32f/libgcc.a(floatunsidf.o)
                0x000000000000a6a2                __floatunsidf
 .text.__extendsfdf2
                0x000000000000a708       0xe8 /Users/baohan/ErBW_s/Code/Toolchains/xpack-riscv-none-embed-gcc-8.2.0/bin/../lib/gcc/riscv-none-embed/8.2.0/rv32imafc/ilp32f/libgcc.a(extendsfdf2.o)
                0x000000000000a708                __extendsfdf2
 .text.__clzsi2
                0x000000000000a7f0       0x76 /Users/baohan/ErBW_s/Code/Toolchains/xpack-riscv-none-embed-gcc-8.2.0/bin/../lib/gcc/riscv-none-embed/8.2.0/rv32imafc/ilp32f/libgcc.a(_clzsi2.o)
                0x000000000000a7f0                __clzsi2
 .text.memcpy   0x000000000000a866       0xb6 /Users/baohan/ErBW_s/Code/Toolchains/xpack-riscv-none-embed-gcc-8.2.0/bin/../lib/gcc/riscv-none-embed/8.2.0/../../../../riscv-none-embed/lib/rv32imafc/ilp32f/libg_nano.a(lib_a-memcpy.o)
                0x000000000000a866                memcpy
 .text.__cvt    0x000000000000a91c       0xee /Users/baohan/ErBW_s/Code/Toolchains/xpack-riscv-none-embed-gcc-8.2.0/bin/../lib/gcc/riscv-none-embed/8.2.0/../../../../riscv-none-embed/lib/rv32imafc/ilp32f/libg_nano.a(lib_a-nano-vfprintf_float.o)
                0x000000000000a91c                __cvt
 .text.__exponent
                0x000000000000aa0a       0x8c /Users/baohan/ErBW_s/Code/Toolchains/xpack-riscv-none-embed-gcc-8.2.0/bin/../lib/gcc/riscv-none-embed/8.2.0/../../../../riscv-none-embed/lib/rv32imafc/ilp32f/libg_nano.a(lib_a-nano-vfprintf_float.o)
                0x000000000000aa0a                __exponent
 .text._printf_float
                0x000000000000aa96      0x4c4 /Users/baohan/ErBW_s/Code/Toolchains/xpack-riscv-none-embed-gcc-8.2.0/bin/../lib/gcc/riscv-none-embed/8.2.0/../../../../riscv-none-embed/lib/rv32imafc/ilp32f/libg_nano.a(lib_a-nano-vfprintf_float.o)
                0x000000000000aa96                _printf_float
 .text._printf_common
                0x000000000000af5a      0x10c /Users/baohan/ErBW_s/Code/Toolchains/xpack-riscv-none-embed-gcc-8.2.0/bin/../lib/gcc/riscv-none-embed/8.2.0/../../../../riscv-none-embed/lib/rv32imafc/ilp32f/libg_nano.a(lib_a-nano-vfprintf_i.o)
                0x000000000000af5a                _printf_common
 .text._printf_i
                0x000000000000b066      0x2ac /Users/baohan/ErBW_s/Code/Toolchains/xpack-riscv-none-embed-gcc-8.2.0/bin/../lib/gcc/riscv-none-embed/8.2.0/../../../../riscv-none-embed/lib/rv32imafc/ilp32f/libg_nano.a(lib_a-nano-vfprintf_i.o)
                0x000000000000b066                _printf_i
 .text.printf   0x000000000000b312       0x42 /Users/baohan/ErBW_s/Code/Toolchains/xpack-riscv-none-embed-gcc-8.2.0/bin/../lib/gcc/riscv-none-embed/8.2.0/../../../../riscv-none-embed/lib/rv32imafc/ilp32f/libg_nano.a(lib_a-printf.o)
                0x000000000000b312                printf
                0x000000000000b312                iprintf
 .text.sprintf  0x000000000000b354       0x46 /Users/baohan/ErBW_s/Code/Toolchains/xpack-riscv-none-embed-gcc-8.2.0/bin/../lib/gcc/riscv-none-embed/8.2.0/../../../../riscv-none-embed/lib/rv32imafc/ilp32f/libg_nano.a(lib_a-sprintf.o)
                0x000000000000b354                sprintf
                0x000000000000b354                siprintf
 .text.strlen   0x000000000000b39a       0x12 /Users/baohan/ErBW_s/Code/Toolchains/xpack-riscv-none-embed-gcc-8.2.0/bin/../lib/gcc/riscv-none-embed/8.2.0/../../../../riscv-none-embed/lib/rv32imafc/ilp32f/libg_nano.a(lib_a-strlen.o)
                0x000000000000b39a                strlen
 .text.strncmp  0x000000000000b3ac       0x2c /Users/baohan/ErBW_s/Code/Toolchains/xpack-riscv-none-embed-gcc-8.2.0/bin/../lib/gcc/riscv-none-embed/8.2.0/../../../../riscv-none-embed/lib/rv32imafc/ilp32f/libg_nano.a(lib_a-strncmp.o)
                0x000000000000b3ac                strncmp
 .text.quorem   0x000000000000b3d8      0x13a /Users/baohan/ErBW_s/Code/Toolchains/xpack-riscv-none-embed-gcc-8.2.0/bin/../lib/gcc/riscv-none-embed/8.2.0/../../../../riscv-none-embed/lib/rv32imafc/ilp32f/libg_nano.a(lib_a-dtoa.o)
 .text._dtoa_r  0x000000000000b512      0xbea /Users/baohan/ErBW_s/Code/Toolchains/xpack-riscv-none-embed-gcc-8.2.0/bin/../lib/gcc/riscv-none-embed/8.2.0/../../../../riscv-none-embed/lib/rv32imafc/ilp32f/libg_nano.a(lib_a-dtoa.o)
                0x000000000000b512                _dtoa_r
 .text.std      0x000000000000c0fc       0x6a /Users/baohan/ErBW_s/Code/Toolchains/xpack-riscv-none-embed-gcc-8.2.0/bin/../lib/gcc/riscv-none-embed/8.2.0/../../../../riscv-none-embed/lib/rv32imafc/ilp32f/libg_nano.a(lib_a-findfp.o)
 .text._cleanup_r
                0x000000000000c166        0xa /Users/baohan/ErBW_s/Code/Toolchains/xpack-riscv-none-embed-gcc-8.2.0/bin/../lib/gcc/riscv-none-embed/8.2.0/../../../../riscv-none-embed/lib/rv32imafc/ilp32f/libg_nano.a(lib_a-findfp.o)
                0x000000000000c166                _cleanup_r
 .text.__sfmoreglue
                0x000000000000c170       0x48 /Users/baohan/ErBW_s/Code/Toolchains/xpack-riscv-none-embed-gcc-8.2.0/bin/../lib/gcc/riscv-none-embed/8.2.0/../../../../riscv-none-embed/lib/rv32imafc/ilp32f/libg_nano.a(lib_a-findfp.o)
                0x000000000000c170                __sfmoreglue
 .text.__sinit  0x000000000000c1b8       0x6c /Users/baohan/ErBW_s/Code/Toolchains/xpack-riscv-none-embed-gcc-8.2.0/bin/../lib/gcc/riscv-none-embed/8.2.0/../../../../riscv-none-embed/lib/rv32imafc/ilp32f/libg_nano.a(lib_a-findfp.o)
                0x000000000000c1b8                __sinit
 .text.__sfp    0x000000000000c224       0xa0 /Users/baohan/ErBW_s/Code/Toolchains/xpack-riscv-none-embed-gcc-8.2.0/bin/../lib/gcc/riscv-none-embed/8.2.0/../../../../riscv-none-embed/lib/rv32imafc/ilp32f/libg_nano.a(lib_a-findfp.o)
                0x000000000000c224                __sfp
 .text._fwalk_reent
                0x000000000000c2c4       0x6c /Users/baohan/ErBW_s/Code/Toolchains/xpack-riscv-none-embed-gcc-8.2.0/bin/../lib/gcc/riscv-none-embed/8.2.0/../../../../riscv-none-embed/lib/rv32imafc/ilp32f/libg_nano.a(lib_a-fwalk.o)
                0x000000000000c2c4                _fwalk_reent
 .text._localeconv_r
                0x000000000000c330       0x18 /Users/baohan/ErBW_s/Code/Toolchains/xpack-riscv-none-embed-gcc-8.2.0/bin/../lib/gcc/riscv-none-embed/8.2.0/../../../../riscv-none-embed/lib/rv32imafc/ilp32f/libg_nano.a(lib_a-localeconv.o)
                0x000000000000c330                _localeconv_r
 .text.malloc   0x000000000000c348        0xc /Users/baohan/ErBW_s/Code/Toolchains/xpack-riscv-none-embed-gcc-8.2.0/bin/../lib/gcc/riscv-none-embed/8.2.0/../../../../riscv-none-embed/lib/rv32imafc/ilp32f/libg_nano.a(lib_a-malloc.o)
                0x000000000000c348                malloc
 .text.memchr   0x000000000000c354       0x1a /Users/baohan/ErBW_s/Code/Toolchains/xpack-riscv-none-embed-gcc-8.2.0/bin/../lib/gcc/riscv-none-embed/8.2.0/../../../../riscv-none-embed/lib/rv32imafc/ilp32f/libg_nano.a(lib_a-memchr.o)
                0x000000000000c354                memchr
 .text._Balloc  0x000000000000c36e       0x88 /Users/baohan/ErBW_s/Code/Toolchains/xpack-riscv-none-embed-gcc-8.2.0/bin/../lib/gcc/riscv-none-embed/8.2.0/../../../../riscv-none-embed/lib/rv32imafc/ilp32f/libg_nano.a(lib_a-mprec.o)
                0x000000000000c36e                _Balloc
 .text._Bfree   0x000000000000c3f6       0x44 /Users/baohan/ErBW_s/Code/Toolchains/xpack-riscv-none-embed-gcc-8.2.0/bin/../lib/gcc/riscv-none-embed/8.2.0/../../../../riscv-none-embed/lib/rv32imafc/ilp32f/libg_nano.a(lib_a-mprec.o)
                0x000000000000c3f6                _Bfree
 .text.__multadd
                0x000000000000c43a       0x98 /Users/baohan/ErBW_s/Code/Toolchains/xpack-riscv-none-embed-gcc-8.2.0/bin/../lib/gcc/riscv-none-embed/8.2.0/../../../../riscv-none-embed/lib/rv32imafc/ilp32f/libg_nano.a(lib_a-mprec.o)
                0x000000000000c43a                __multadd
 .text.__hi0bits
                0x000000000000c4d2       0x46 /Users/baohan/ErBW_s/Code/Toolchains/xpack-riscv-none-embed-gcc-8.2.0/bin/../lib/gcc/riscv-none-embed/8.2.0/../../../../riscv-none-embed/lib/rv32imafc/ilp32f/libg_nano.a(lib_a-mprec.o)
                0x000000000000c4d2                __hi0bits
 .text.__lo0bits
                0x000000000000c518       0x6a /Users/baohan/ErBW_s/Code/Toolchains/xpack-riscv-none-embed-gcc-8.2.0/bin/../lib/gcc/riscv-none-embed/8.2.0/../../../../riscv-none-embed/lib/rv32imafc/ilp32f/libg_nano.a(lib_a-mprec.o)
                0x000000000000c518                __lo0bits
 .text.__i2b    0x000000000000c582       0x1c /Users/baohan/ErBW_s/Code/Toolchains/xpack-riscv-none-embed-gcc-8.2.0/bin/../lib/gcc/riscv-none-embed/8.2.0/../../../../riscv-none-embed/lib/rv32imafc/ilp32f/libg_nano.a(lib_a-mprec.o)
                0x000000000000c582                __i2b
 .text.__multiply
                0x000000000000c59e      0x144 /Users/baohan/ErBW_s/Code/Toolchains/xpack-riscv-none-embed-gcc-8.2.0/bin/../lib/gcc/riscv-none-embed/8.2.0/../../../../riscv-none-embed/lib/rv32imafc/ilp32f/libg_nano.a(lib_a-mprec.o)
                0x000000000000c59e                __multiply
 .text.__pow5mult
                0x000000000000c6e2       0xbe /Users/baohan/ErBW_s/Code/Toolchains/xpack-riscv-none-embed-gcc-8.2.0/bin/../lib/gcc/riscv-none-embed/8.2.0/../../../../riscv-none-embed/lib/rv32imafc/ilp32f/libg_nano.a(lib_a-mprec.o)
                0x000000000000c6e2                __pow5mult
 .text.__lshift
                0x000000000000c7a0       0xce /Users/baohan/ErBW_s/Code/Toolchains/xpack-riscv-none-embed-gcc-8.2.0/bin/../lib/gcc/riscv-none-embed/8.2.0/../../../../riscv-none-embed/lib/rv32imafc/ilp32f/libg_nano.a(lib_a-mprec.o)
                0x000000000000c7a0                __lshift
 .text.__mcmp   0x000000000000c86e       0x32 /Users/baohan/ErBW_s/Code/Toolchains/xpack-riscv-none-embed-gcc-8.2.0/bin/../lib/gcc/riscv-none-embed/8.2.0/../../../../riscv-none-embed/lib/rv32imafc/ilp32f/libg_nano.a(lib_a-mprec.o)
                0x000000000000c86e                __mcmp
 .text.__mdiff  0x000000000000c8a0       0xf2 /Users/baohan/ErBW_s/Code/Toolchains/xpack-riscv-none-embed-gcc-8.2.0/bin/../lib/gcc/riscv-none-embed/8.2.0/../../../../riscv-none-embed/lib/rv32imafc/ilp32f/libg_nano.a(lib_a-mprec.o)
                0x000000000000c8a0                __mdiff
 .text.__d2b    0x000000000000c992       0xd4 /Users/baohan/ErBW_s/Code/Toolchains/xpack-riscv-none-embed-gcc-8.2.0/bin/../lib/gcc/riscv-none-embed/8.2.0/../../../../riscv-none-embed/lib/rv32imafc/ilp32f/libg_nano.a(lib_a-mprec.o)
                0x000000000000c992                __d2b
 .text._calloc_r
                0x000000000000ca66       0x26 /Users/baohan/ErBW_s/Code/Toolchains/xpack-riscv-none-embed-gcc-8.2.0/bin/../lib/gcc/riscv-none-embed/8.2.0/../../../../riscv-none-embed/lib/rv32imafc/ilp32f/libg_nano.a(lib_a-nano-callocr.o)
                0x000000000000ca66                _calloc_r
 .text._free_r  0x000000000000ca8c       0xa8 /Users/baohan/ErBW_s/Code/Toolchains/xpack-riscv-none-embed-gcc-8.2.0/bin/../lib/gcc/riscv-none-embed/8.2.0/../../../../riscv-none-embed/lib/rv32imafc/ilp32f/libg_nano.a(lib_a-nano-freer.o)
                0x000000000000ca8c                _free_r
 .text._malloc_r
                0x000000000000cb34       0xd4 /Users/baohan/ErBW_s/Code/Toolchains/xpack-riscv-none-embed-gcc-8.2.0/bin/../lib/gcc/riscv-none-embed/8.2.0/../../../../riscv-none-embed/lib/rv32imafc/ilp32f/libg_nano.a(lib_a-nano-mallocr.o)
                0x000000000000cb34                _malloc_r
 .text.__ssputs_r
                0x000000000000cc08       0xee /Users/baohan/ErBW_s/Code/Toolchains/xpack-riscv-none-embed-gcc-8.2.0/bin/../lib/gcc/riscv-none-embed/8.2.0/../../../../riscv-none-embed/lib/rv32imafc/ilp32f/libg_nano.a(lib_a-nano-svfprintf.o)
                0x000000000000cc08                __ssputs_r
 .text._svfprintf_r
                0x000000000000ccf6      0x27e /Users/baohan/ErBW_s/Code/Toolchains/xpack-riscv-none-embed-gcc-8.2.0/bin/../lib/gcc/riscv-none-embed/8.2.0/../../../../riscv-none-embed/lib/rv32imafc/ilp32f/libg_nano.a(lib_a-nano-svfprintf.o)
                0x000000000000ccf6                _svfprintf_r
                0x000000000000ccf6                _svfiprintf_r
 .text.__sfputc_r
                0x000000000000cf74       0x28 /Users/baohan/ErBW_s/Code/Toolchains/xpack-riscv-none-embed-gcc-8.2.0/bin/../lib/gcc/riscv-none-embed/8.2.0/../../../../riscv-none-embed/lib/rv32imafc/ilp32f/libg_nano.a(lib_a-nano-vfprintf.o)
 .text.__sfputs_r
                0x000000000000cf9c       0x44 /Users/baohan/ErBW_s/Code/Toolchains/xpack-riscv-none-embed-gcc-8.2.0/bin/../lib/gcc/riscv-none-embed/8.2.0/../../../../riscv-none-embed/lib/rv32imafc/ilp32f/libg_nano.a(lib_a-nano-vfprintf.o)
                0x000000000000cf9c                __sfputs_r
 .text._vfprintf_r
                0x000000000000cfe0      0x29e /Users/baohan/ErBW_s/Code/Toolchains/xpack-riscv-none-embed-gcc-8.2.0/bin/../lib/gcc/riscv-none-embed/8.2.0/../../../../riscv-none-embed/lib/rv32imafc/ilp32f/libg_nano.a(lib_a-nano-vfprintf.o)
                0x000000000000cfe0                _vfiprintf_r
                0x000000000000cfe0                _vfprintf_r
 .text._sbrk_r  0x000000000000d27e       0x32 /Users/baohan/ErBW_s/Code/Toolchains/xpack-riscv-none-embed-gcc-8.2.0/bin/../lib/gcc/riscv-none-embed/8.2.0/../../../../riscv-none-embed/lib/rv32imafc/ilp32f/libg_nano.a(lib_a-sbrkr.o)
                0x000000000000d27e                _sbrk_r
 .text.__sread  0x000000000000d2b0       0x30 /Users/baohan/ErBW_s/Code/Toolchains/xpack-riscv-none-embed-gcc-8.2.0/bin/../lib/gcc/riscv-none-embed/8.2.0/../../../../riscv-none-embed/lib/rv32imafc/ilp32f/libg_nano.a(lib_a-stdio.o)
                0x000000000000d2b0                __sread
 .text.__swrite
                0x000000000000d2e0       0x4e /Users/baohan/ErBW_s/Code/Toolchains/xpack-riscv-none-embed-gcc-8.2.0/bin/../lib/gcc/riscv-none-embed/8.2.0/../../../../riscv-none-embed/lib/rv32imafc/ilp32f/libg_nano.a(lib_a-stdio.o)
                0x000000000000d2e0                __swrite
 .text.__sseek  0x000000000000d32e       0x36 /Users/baohan/ErBW_s/Code/Toolchains/xpack-riscv-none-embed-gcc-8.2.0/bin/../lib/gcc/riscv-none-embed/8.2.0/../../../../riscv-none-embed/lib/rv32imafc/ilp32f/libg_nano.a(lib_a-stdio.o)
                0x000000000000d32e                __sseek
 .text.__sclose
                0x000000000000d364        0x6 /Users/baohan/ErBW_s/Code/Toolchains/xpack-riscv-none-embed-gcc-8.2.0/bin/../lib/gcc/riscv-none-embed/8.2.0/../../../../riscv-none-embed/lib/rv32imafc/ilp32f/libg_nano.a(lib_a-stdio.o)
                0x000000000000d364                __sclose
 .text.__swbuf_r
                0x000000000000d36a       0xc2 /Users/baohan/ErBW_s/Code/Toolchains/xpack-riscv-none-embed-gcc-8.2.0/bin/../lib/gcc/riscv-none-embed/8.2.0/../../../../riscv-none-embed/lib/rv32imafc/ilp32f/libg_nano.a(lib_a-wbuf.o)
                0x000000000000d36a                __swbuf_r
 .text._write_r
                0x000000000000d42c       0x36 /Users/baohan/ErBW_s/Code/Toolchains/xpack-riscv-none-embed-gcc-8.2.0/bin/../lib/gcc/riscv-none-embed/8.2.0/../../../../riscv-none-embed/lib/rv32imafc/ilp32f/libg_nano.a(lib_a-writer.o)
                0x000000000000d42c                _write_r
 .text.__swsetup_r
                0x000000000000d462      0x110 /Users/baohan/ErBW_s/Code/Toolchains/xpack-riscv-none-embed-gcc-8.2.0/bin/../lib/gcc/riscv-none-embed/8.2.0/../../../../riscv-none-embed/lib/rv32imafc/ilp32f/libg_nano.a(lib_a-wsetup.o)
                0x000000000000d462                __swsetup_r
 .text._close_r
                0x000000000000d572       0x32 /Users/baohan/ErBW_s/Code/Toolchains/xpack-riscv-none-embed-gcc-8.2.0/bin/../lib/gcc/riscv-none-embed/8.2.0/../../../../riscv-none-embed/lib/rv32imafc/ilp32f/libg_nano.a(lib_a-closer.o)
                0x000000000000d572                _close_r
 .text.__sflush_r
                0x000000000000d5a4      0x13e /Users/baohan/ErBW_s/Code/Toolchains/xpack-riscv-none-embed-gcc-8.2.0/bin/../lib/gcc/riscv-none-embed/8.2.0/../../../../riscv-none-embed/lib/rv32imafc/ilp32f/libg_nano.a(lib_a-fflush.o)
                0x000000000000d5a4                __sflush_r
 .text._fflush_r
                0x000000000000d6e2       0x68 /Users/baohan/ErBW_s/Code/Toolchains/xpack-riscv-none-embed-gcc-8.2.0/bin/../lib/gcc/riscv-none-embed/8.2.0/../../../../riscv-none-embed/lib/rv32imafc/ilp32f/libg_nano.a(lib_a-fflush.o)
                0x000000000000d6e2                _fflush_r
 .text._lseek_r
                0x000000000000d74a       0x34 /Users/baohan/ErBW_s/Code/Toolchains/xpack-riscv-none-embed-gcc-8.2.0/bin/../lib/gcc/riscv-none-embed/8.2.0/../../../../riscv-none-embed/lib/rv32imafc/ilp32f/libg_nano.a(lib_a-lseekr.o)
                0x000000000000d74a                _lseek_r
 .text.__swhatbuf_r
                0x000000000000d77e       0x58 /Users/baohan/ErBW_s/Code/Toolchains/xpack-riscv-none-embed-gcc-8.2.0/bin/../lib/gcc/riscv-none-embed/8.2.0/../../../../riscv-none-embed/lib/rv32imafc/ilp32f/libg_nano.a(lib_a-makebuf.o)
                0x000000000000d77e                __swhatbuf_r
 .text.__smakebuf_r
                0x000000000000d7d6       0xa0 /Users/baohan/ErBW_s/Code/Toolchains/xpack-riscv-none-embed-gcc-8.2.0/bin/../lib/gcc/riscv-none-embed/8.2.0/../../../../riscv-none-embed/lib/rv32imafc/ilp32f/libg_nano.a(lib_a-makebuf.o)
                0x000000000000d7d6                __smakebuf_r
 .text.__ascii_mbtowc
                0x000000000000d876       0x3a /Users/baohan/ErBW_s/Code/Toolchains/xpack-riscv-none-embed-gcc-8.2.0/bin/../lib/gcc/riscv-none-embed/8.2.0/../../../../riscv-none-embed/lib/rv32imafc/ilp32f/libg_nano.a(lib_a-mbtowc_r.o)
                0x000000000000d876                __ascii_mbtowc
 .text.memmove  0x000000000000d8b0       0x4a /Users/baohan/ErBW_s/Code/Toolchains/xpack-riscv-none-embed-gcc-8.2.0/bin/../lib/gcc/riscv-none-embed/8.2.0/../../../../riscv-none-embed/lib/rv32imafc/ilp32f/libg_nano.a(lib_a-memmove.o)
                0x000000000000d8b0                memmove
 .text.__malloc_lock
                0x000000000000d8fa        0x2 /Users/baohan/ErBW_s/Code/Toolchains/xpack-riscv-none-embed-gcc-8.2.0/bin/../lib/gcc/riscv-none-embed/8.2.0/../../../../riscv-none-embed/lib/rv32imafc/ilp32f/libg_nano.a(lib_a-mlock.o)
                0x000000000000d8fa                __malloc_lock
 .text.__malloc_unlock
                0x000000000000d8fc        0x2 /Users/baohan/ErBW_s/Code/Toolchains/xpack-riscv-none-embed-gcc-8.2.0/bin/../lib/gcc/riscv-none-embed/8.2.0/../../../../riscv-none-embed/lib/rv32imafc/ilp32f/libg_nano.a(lib_a-mlock.o)
                0x000000000000d8fc                __malloc_unlock
 .text._realloc_r
                0x000000000000d8fe       0x58 /Users/baohan/ErBW_s/Code/Toolchains/xpack-riscv-none-embed-gcc-8.2.0/bin/../lib/gcc/riscv-none-embed/8.2.0/../../../../riscv-none-embed/lib/rv32imafc/ilp32f/libg_nano.a(lib_a-nano-reallocr.o)
                0x000000000000d8fe                _realloc_r
 .text._read_r  0x000000000000d956       0x34 /Users/baohan/ErBW_s/Code/Toolchains/xpack-riscv-none-embed-gcc-8.2.0/bin/../lib/gcc/riscv-none-embed/8.2.0/../../../../riscv-none-embed/lib/rv32imafc/ilp32f/libg_nano.a(lib_a-readr.o)
                0x000000000000d956                _read_r
 .text.__ascii_wctomb
                0x000000000000d98a       0x20 /Users/baohan/ErBW_s/Code/Toolchains/xpack-riscv-none-embed-gcc-8.2.0/bin/../lib/gcc/riscv-none-embed/8.2.0/../../../../riscv-none-embed/lib/rv32imafc/ilp32f/libg_nano.a(lib_a-wctomb_r.o)
                0x000000000000d98a                __ascii_wctomb
 .text._fstat_r
                0x000000000000d9aa       0x32 /Users/baohan/ErBW_s/Code/Toolchains/xpack-riscv-none-embed-gcc-8.2.0/bin/../lib/gcc/riscv-none-embed/8.2.0/../../../../riscv-none-embed/lib/rv32imafc/ilp32f/libg_nano.a(lib_a-fstatr.o)
                0x000000000000d9aa                _fstat_r
 .text._isatty_r
                0x000000000000d9dc       0x30 /Users/baohan/ErBW_s/Code/Toolchains/xpack-riscv-none-embed-gcc-8.2.0/bin/../lib/gcc/riscv-none-embed/8.2.0/../../../../riscv-none-embed/lib/rv32imafc/ilp32f/libg_nano.a(lib_a-isattyr.o)
                0x000000000000d9dc                _isatty_r
 .text._malloc_usable_size_r
                0x000000000000da0c       0x14 /Users/baohan/ErBW_s/Code/Toolchains/xpack-riscv-none-embed-gcc-8.2.0/bin/../lib/gcc/riscv-none-embed/8.2.0/../../../../riscv-none-embed/lib/rv32imafc/ilp32f/libg_nano.a(lib_a-nano-msizer.o)
                0x000000000000da0c                _malloc_usable_size_r
 .text.__trunctfdf2
                0x000000000000da20      0x3d0 /Users/baohan/ErBW_s/Code/Toolchains/xpack-riscv-none-embed-gcc-8.2.0/bin/../lib/gcc/riscv-none-embed/8.2.0/rv32imafc/ilp32f/libgcc.a(trunctfdf2.o)
                0x000000000000da20                __trunctfdf2
 .text._close   0x000000000000ddf0       0x10 /Users/baohan/ErBW_s/Code/Toolchains/xpack-riscv-none-embed-gcc-8.2.0/bin/../lib/gcc/riscv-none-embed/8.2.0/../../../../riscv-none-embed/lib/rv32imafc/ilp32f/libnosys.a(close.o)
                0x000000000000ddf0                _close
 .text._fstat   0x000000000000de00       0x10 /Users/baohan/ErBW_s/Code/Toolchains/xpack-riscv-none-embed-gcc-8.2.0/bin/../lib/gcc/riscv-none-embed/8.2.0/../../../../riscv-none-embed/lib/rv32imafc/ilp32f/libnosys.a(fstat.o)
                0x000000000000de00                _fstat
 .text._isatty  0x000000000000de10       0x10 /Users/baohan/ErBW_s/Code/Toolchains/xpack-riscv-none-embed-gcc-8.2.0/bin/../lib/gcc/riscv-none-embed/8.2.0/../../../../riscv-none-embed/lib/rv32imafc/ilp32f/libnosys.a(isatty.o)
                0x000000000000de10                _isatty
 .text._lseek   0x000000000000de20       0x10 /Users/baohan/ErBW_s/Code/Toolchains/xpack-riscv-none-embed-gcc-8.2.0/bin/../lib/gcc/riscv-none-embed/8.2.0/../../../../riscv-none-embed/lib/rv32imafc/ilp32f/libnosys.a(lseek.o)
                0x000000000000de20                _lseek
 .text._read    0x000000000000de30       0x10 /Users/baohan/ErBW_s/Code/Toolchains/xpack-riscv-none-embed-gcc-8.2.0/bin/../lib/gcc/riscv-none-embed/8.2.0/../../../../riscv-none-embed/lib/rv32imafc/ilp32f/libnosys.a(read.o)
                0x000000000000de30                _read
 .text._sbrk    0x000000000000de40       0x24 /Users/baohan/ErBW_s/Code/Toolchains/xpack-riscv-none-embed-gcc-8.2.0/bin/../lib/gcc/riscv-none-embed/8.2.0/../../../../riscv-none-embed/lib/rv32imafc/ilp32f/libnosys.a(sbrk.o)
                0x000000000000de40                _sbrk
 *(.rodata)
 .rodata        0x000000000000de64       0x8f ./zf_driver/zf_driver_pit.o
 *fill*         0x000000000000def3        0x1 
 .rodata        0x000000000000def4       0x67 ./zf_driver/zf_driver_pwm.o
 *fill*         0x000000000000df5b        0x1 
 .rodata        0x000000000000df5c       0x67 ./zf_driver/zf_driver_spi.o
 *fill*         0x000000000000dfc3        0x1 
 .rodata        0x000000000000dfc4       0x69 ./zf_driver/zf_driver_timer.o
 *fill*         0x000000000000e02d        0x3 
 .rodata        0x000000000000e030       0x68 ./zf_driver/zf_driver_uart.o
 .rodata        0x000000000000e098        0x8 ./zf_device/zf_device_dm1xa.o
 .rodata        0x000000000000e0a0       0xf0 ./zf_device/zf_device_gps_tau1201.o
 .rodata        0x000000000000e190       0x78 ./zf_common/zf_common_debug.o
 .rodata        0x000000000000e208       0x68 ./zf_common/zf_common_fifo.o
 .rodata        0x000000000000e270       0xa8 ./zf_common/zf_common_function.o
 .rodata        0x000000000000e318       0x41 ./sdk/Peripheral/ch32v30x_usbotg_device.o
 *fill*         0x000000000000e359        0x7 
 .rodata        0x000000000000e360       0x78 ./code/ips096.o
 *(.rodata*)
 .rodata.pit_init
                0x000000000000e3d8       0x28 ./zf_driver/zf_driver_pit.o
 .rodata.pwm_set_duty
                0x000000000000e400       0x28 ./zf_driver/zf_driver_pwm.o
 .rodata.pwm_set_freq
                0x000000000000e428       0x28 ./zf_driver/zf_driver_pwm.o
 .rodata.pwm_init
                0x000000000000e450       0x28 ./zf_driver/zf_driver_pwm.o
 .rodata.spi_index
                0x000000000000e478        0xc ./zf_driver/zf_driver_spi.o
                0x000000000000e478                spi_index
 .rodata.timer_start
                0x000000000000e484       0x28 ./zf_driver/zf_driver_timer.o
 .rodata.timer_stop
                0x000000000000e4ac       0x28 ./zf_driver/zf_driver_timer.o
 .rodata.timer_get
                0x000000000000e4d4       0x28 ./zf_driver/zf_driver_timer.o
 .rodata.timer_clear
                0x000000000000e4fc       0x28 ./zf_driver/zf_driver_timer.o
 .rodata.timer_init
                0x000000000000e524       0x28 ./zf_driver/zf_driver_timer.o
 .rodata.uart_index
                0x000000000000e54c       0x20 ./zf_driver/zf_driver_uart.o
                0x000000000000e54c                uart_index
 .rodata.ascii_font_8x16
                0x000000000000e56c      0x5f0 ./zf_common/zf_common_font.o
                0x000000000000e56c                ascii_font_8x16
 .rodata.ascii_font_6x8
                0x000000000000eb5c      0x228 ./zf_common/zf_common_font.o
                0x000000000000eb5c                ascii_font_6x8
 .rodata.MyDevDescrHD
                0x000000000000ed84       0x12 ./sdk/Peripheral/ch32v30x_usbotg_device.o
                0x000000000000ed84                MyDevDescrHD
 *fill*         0x000000000000ed96        0x2 
 .rodata.MyCfgDescrHD
                0x000000000000ed98       0x43 ./sdk/Peripheral/ch32v30x_usbotg_device.o
                0x000000000000ed98                MyCfgDescrHD
 *fill*         0x000000000000eddb        0x1 
 .rodata.MyReportDescHD
                0x000000000000eddc       0x14 ./sdk/Peripheral/ch32v30x_usbotg_device.o
                0x000000000000eddc                MyReportDescHD
 .rodata.MyManuInfoHD
                0x000000000000edf0        0xe ./sdk/Peripheral/ch32v30x_usbotg_device.o
                0x000000000000edf0                MyManuInfoHD
 *fill*         0x000000000000edfe        0x2 
 .rodata.MyProdInfoHD
                0x000000000000ee00        0xc ./sdk/Peripheral/ch32v30x_usbotg_device.o
                0x000000000000ee00                MyProdInfoHD
 .rodata.MySerNumInfoHD
                0x000000000000ee0c       0x16 ./sdk/Peripheral/ch32v30x_usbotg_device.o
                0x000000000000ee0c                MySerNumInfoHD
 *fill*         0x000000000000ee22        0x2 
 .rodata.MyUSBQUADescHD
                0x000000000000ee24        0xa ./sdk/Peripheral/ch32v30x_usbotg_device.o
                0x000000000000ee24                MyUSBQUADescHD
 *fill*         0x000000000000ee2e        0x2 
 .rodata.OTG_FS_IRQHandler
                0x000000000000ee30       0xbc ./sdk/Peripheral/ch32v30x_usbotg_device.o
 .rodata.__divdf3
                0x000000000000eeec       0x40 /Users/baohan/ErBW_s/Code/Toolchains/xpack-riscv-none-embed-gcc-8.2.0/bin/../lib/gcc/riscv-none-embed/8.2.0/rv32imafc/ilp32f/libgcc.a(divdf3.o)
 .rodata.__muldf3
                0x000000000000ef2c       0x40 /Users/baohan/ErBW_s/Code/Toolchains/xpack-riscv-none-embed-gcc-8.2.0/bin/../lib/gcc/riscv-none-embed/8.2.0/rv32imafc/ilp32f/libgcc.a(muldf3.o)
 .rodata.__clz_tab
                0x000000000000ef6c      0x100 /Users/baohan/ErBW_s/Code/Toolchains/xpack-riscv-none-embed-gcc-8.2.0/bin/../lib/gcc/riscv-none-embed/8.2.0/rv32imafc/ilp32f/libgcc.a(_clz.o)
                0x000000000000ef6c                __clz_tab
 *fill*         0x000000000000f06c        0x4 
 .rodata._printf_float.cst8
                0x000000000000f070        0x8 /Users/baohan/ErBW_s/Code/Toolchains/xpack-riscv-none-embed-gcc-8.2.0/bin/../lib/gcc/riscv-none-embed/8.2.0/../../../../riscv-none-embed/lib/rv32imafc/ilp32f/libg_nano.a(lib_a-nano-vfprintf_float.o)
 .rodata._printf_float.str1.4
                0x000000000000f078       0x12 /Users/baohan/ErBW_s/Code/Toolchains/xpack-riscv-none-embed-gcc-8.2.0/bin/../lib/gcc/riscv-none-embed/8.2.0/../../../../riscv-none-embed/lib/rv32imafc/ilp32f/libg_nano.a(lib_a-nano-vfprintf_float.o)
 *fill*         0x000000000000f08a        0x2 
 .rodata._printf_i.str1.4
                0x000000000000f08c       0x25 /Users/baohan/ErBW_s/Code/Toolchains/xpack-riscv-none-embed-gcc-8.2.0/bin/../lib/gcc/riscv-none-embed/8.2.0/../../../../riscv-none-embed/lib/rv32imafc/ilp32f/libg_nano.a(lib_a-nano-vfprintf_i.o)
 *fill*         0x000000000000f0b1        0x7 
 .rodata._dtoa_r.cst8
                0x000000000000f0b8       0x48 /Users/baohan/ErBW_s/Code/Toolchains/xpack-riscv-none-embed-gcc-8.2.0/bin/../lib/gcc/riscv-none-embed/8.2.0/../../../../riscv-none-embed/lib/rv32imafc/ilp32f/libg_nano.a(lib_a-dtoa.o)
 .rodata._dtoa_r.str1.4
                0x000000000000f100       0x10 /Users/baohan/ErBW_s/Code/Toolchains/xpack-riscv-none-embed-gcc-8.2.0/bin/../lib/gcc/riscv-none-embed/8.2.0/../../../../riscv-none-embed/lib/rv32imafc/ilp32f/libg_nano.a(lib_a-dtoa.o)
                                         0x12 (size before relaxing)
 .rodata.__sf_fake_stderr
                0x000000000000f110       0x20 /Users/baohan/ErBW_s/Code/Toolchains/xpack-riscv-none-embed-gcc-8.2.0/bin/../lib/gcc/riscv-none-embed/8.2.0/../../../../riscv-none-embed/lib/rv32imafc/ilp32f/libg_nano.a(lib_a-findfp.o)
                0x000000000000f110                __sf_fake_stderr
 .rodata.__sf_fake_stdin
                0x000000000000f130       0x20 /Users/baohan/ErBW_s/Code/Toolchains/xpack-riscv-none-embed-gcc-8.2.0/bin/../lib/gcc/riscv-none-embed/8.2.0/../../../../riscv-none-embed/lib/rv32imafc/ilp32f/libg_nano.a(lib_a-findfp.o)
                0x000000000000f130                __sf_fake_stdin
 .rodata.__sf_fake_stdout
                0x000000000000f150       0x20 /Users/baohan/ErBW_s/Code/Toolchains/xpack-riscv-none-embed-gcc-8.2.0/bin/../lib/gcc/riscv-none-embed/8.2.0/../../../../riscv-none-embed/lib/rv32imafc/ilp32f/libg_nano.a(lib_a-findfp.o)
                0x000000000000f150                __sf_fake_stdout
 .rodata.__mprec_bigtens
                0x000000000000f170       0x28 /Users/baohan/ErBW_s/Code/Toolchains/xpack-riscv-none-embed-gcc-8.2.0/bin/../lib/gcc/riscv-none-embed/8.2.0/../../../../riscv-none-embed/lib/rv32imafc/ilp32f/libg_nano.a(lib_a-mprec.o)
                0x000000000000f170                __mprec_bigtens
 .rodata.__mprec_tens
                0x000000000000f198       0xc8 /Users/baohan/ErBW_s/Code/Toolchains/xpack-riscv-none-embed-gcc-8.2.0/bin/../lib/gcc/riscv-none-embed/8.2.0/../../../../riscv-none-embed/lib/rv32imafc/ilp32f/libg_nano.a(lib_a-mprec.o)
                0x000000000000f198                __mprec_tens
 .rodata.p05.3321
                0x000000000000f260        0xc /Users/baohan/ErBW_s/Code/Toolchains/xpack-riscv-none-embed-gcc-8.2.0/bin/../lib/gcc/riscv-none-embed/8.2.0/../../../../riscv-none-embed/lib/rv32imafc/ilp32f/libg_nano.a(lib_a-mprec.o)
 .rodata._svfprintf_r.str1.4
                0x000000000000f26c       0x13 /Users/baohan/ErBW_s/Code/Toolchains/xpack-riscv-none-embed-gcc-8.2.0/bin/../lib/gcc/riscv-none-embed/8.2.0/../../../../riscv-none-embed/lib/rv32imafc/ilp32f/libg_nano.a(lib_a-nano-svfprintf.o)
 .rodata._vfprintf_r.str1.4
                0x000000000000f27f       0x13 /Users/baohan/ErBW_s/Code/Toolchains/xpack-riscv-none-embed-gcc-8.2.0/bin/../lib/gcc/riscv-none-embed/8.2.0/../../../../riscv-none-embed/lib/rv32imafc/ilp32f/libg_nano.a(lib_a-nano-vfprintf.o)
 *fill*         0x000000000000f27f        0x1 
 .rodata._setlocale_r.str1.4
                0x000000000000f280        0xa /Users/baohan/ErBW_s/Code/Toolchains/xpack-riscv-none-embed-gcc-8.2.0/bin/../lib/gcc/riscv-none-embed/8.2.0/../../../../riscv-none-embed/lib/rv32imafc/ilp32f/libg_nano.a(lib_a-locale.o)
                                          0xd (size before relaxing)
 *fill*         0x000000000000f28a        0x2 
 .rodata.str1.4
                0x000000000000f28c        0x4 /Users/baohan/ErBW_s/Code/Toolchains/xpack-riscv-none-embed-gcc-8.2.0/bin/../lib/gcc/riscv-none-embed/8.2.0/../../../../riscv-none-embed/lib/rv32imafc/ilp32f/libg_nano.a(lib_a-locale.o)
                                          0x2 (size before relaxing)
 .rodata._ctype_
                0x000000000000f290      0x101 /Users/baohan/ErBW_s/Code/Toolchains/xpack-riscv-none-embed-gcc-8.2.0/bin/../lib/gcc/riscv-none-embed/8.2.0/../../../../riscv-none-embed/lib/rv32imafc/ilp32f/libg_nano.a(lib_a-ctype_.o)
                0x000000000000f290                _ctype_
 *(.glue_7)
 *(.glue_7t)
 *(.gnu.linkonce.t.*)
                0x000000000000f394                . = ALIGN (0x4)
 *fill*         0x000000000000f391        0x3 

.rela.dyn       0x000000000000f394        0x0
 .rela.init     0x000000000000f394        0x0 ./zf_driver/zf_driver_delay.o
 .rela.vector   0x000000000000f394        0x0 ./zf_driver/zf_driver_delay.o
 .rela.text.handle_reset
                0x000000000000f394        0x0 ./zf_driver/zf_driver_delay.o
 .rela.text._svfprintf_r
                0x000000000000f394        0x0 ./zf_driver/zf_driver_delay.o
 .rela.text._vfprintf_r
                0x000000000000f394        0x0 ./zf_driver/zf_driver_delay.o
 .rela.text._sbrk_r
                0x000000000000f394        0x0 ./zf_driver/zf_driver_delay.o
 .rela.text._write_r
                0x000000000000f394        0x0 ./zf_driver/zf_driver_delay.o
 .rela.text._close_r
                0x000000000000f394        0x0 ./zf_driver/zf_driver_delay.o
 .rela.text._lseek_r
                0x000000000000f394        0x0 ./zf_driver/zf_driver_delay.o
 .rela.text._read_r
                0x000000000000f394        0x0 ./zf_driver/zf_driver_delay.o
 .rela.text._fstat_r
                0x000000000000f394        0x0 ./zf_driver/zf_driver_delay.o
 .rela.text._isatty_r
                0x000000000000f394        0x0 ./zf_driver/zf_driver_delay.o
 .rela.text._close
                0x000000000000f394        0x0 ./zf_driver/zf_driver_delay.o
 .rela.text._fstat
                0x000000000000f394        0x0 ./zf_driver/zf_driver_delay.o
 .rela.text._isatty
                0x000000000000f394        0x0 ./zf_driver/zf_driver_delay.o
 .rela.text._lseek
                0x000000000000f394        0x0 ./zf_driver/zf_driver_delay.o
 .rela.text._read
                0x000000000000f394        0x0 ./zf_driver/zf_driver_delay.o
 .rela.text._sbrk
                0x000000000000f394        0x0 ./zf_driver/zf_driver_delay.o

.fini           0x000000000000f394        0x0
 *(SORT_NONE(.fini))
                0x000000000000f394                . = ALIGN (0x4)
                [!provide]                        PROVIDE (_etext = .)
                [!provide]                        PROVIDE (_eitcm = .)

.preinit_array  0x000000000000f394        0x0
                [!provide]                        PROVIDE (__preinit_array_start = .)
 *(.preinit_array)
                [!provide]                        PROVIDE (__preinit_array_end = .)

.init_array     0x000000000000f394        0x0
                [!provide]                        PROVIDE (__init_array_start = .)
 *(SORT_BY_INIT_PRIORITY(.init_array.*) SORT_BY_INIT_PRIORITY(.ctors.*))
 *(.init_array EXCLUDE_FILE(*crtend?.o *crtend.o *crtbegin?.o *crtbegin.o) .ctors)
                [!provide]                        PROVIDE (__init_array_end = .)

.fini_array     0x000000000000f394        0x0
                [!provide]                        PROVIDE (__fini_array_start = .)
 *(SORT_BY_INIT_PRIORITY(.fini_array.*) SORT_BY_INIT_PRIORITY(.dtors.*))
 *(.fini_array EXCLUDE_FILE(*crtend?.o *crtend.o *crtbegin?.o *crtbegin.o) .dtors)
                [!provide]                        PROVIDE (__fini_array_end = .)

.ctors
 *crtbegin.o(.ctors)
 *crtbegin?.o(.ctors)
 *(EXCLUDE_FILE(*crtend?.o *crtend.o) .ctors)
 *(SORT_BY_NAME(.ctors.*))
 *(.ctors)

.dtors
 *crtbegin.o(.dtors)
 *crtbegin?.o(.dtors)
 *(EXCLUDE_FILE(*crtend?.o *crtend.o) .dtors)
 *(SORT_BY_NAME(.dtors.*))
 *(.dtors)

.dalign         0x0000000020000000        0x0 load address 0x000000000000f394
                0x0000000020000000                . = ALIGN (0x4)
                0x0000000020000000                PROVIDE (_data_vma = .)

.dlalign        0x000000000000f394        0x0
                0x000000000000f394                . = ALIGN (0x4)
                0x000000000000f394                PROVIDE (_data_lma = .)

.data           0x0000000020000000      0x278 load address 0x000000000000f394
 *(.gnu.linkonce.r.*)
 *(.data .data.*)
 .data.gpio_group
                0x0000000020000000       0x14 ./zf_driver/zf_driver_gpio.o
                0x0000000020000000                gpio_group
 .data.APBAHBPrescTable
                0x0000000020000014       0x10 ./sdk/Peripheral/ch32v30x_rcc.o
 .data.TAB_USB_FS_OSC_DESC
                0x0000000020000024       0x43 ./sdk/Peripheral/ch32v30x_usbotg_device.o
                0x0000000020000024                TAB_USB_FS_OSC_DESC
 *fill*         0x0000000020000067        0x1 
 .data.impure_data
                0x0000000020000068       0x60 /Users/baohan/ErBW_s/Code/Toolchains/xpack-riscv-none-embed-gcc-8.2.0/bin/../lib/gcc/riscv-none-embed/8.2.0/../../../../riscv-none-embed/lib/rv32imafc/ilp32f/libg_nano.a(lib_a-impure.o)
 .data.__global_locale
                0x00000000200000c8      0x16c /Users/baohan/ErBW_s/Code/Toolchains/xpack-riscv-none-embed-gcc-8.2.0/bin/../lib/gcc/riscv-none-embed/8.2.0/../../../../riscv-none-embed/lib/rv32imafc/ilp32f/libg_nano.a(lib_a-locale.o)
                0x00000000200000c8                __global_locale
 *(.gnu.linkonce.d.*)
                0x0000000020000238                . = ALIGN (0x8)
 *fill*         0x0000000020000234        0x4 
                0x0000000020000a38                PROVIDE (__global_pointer$ = (. + 0x800))
 *(.sdata .sdata.*)
 .sdata.dm1xa_distance_mm
                0x0000000020000238        0x2 ./zf_device/zf_device_dm1xa.o
 *fill*         0x000000002000023a        0x2 
 .sdata.camera_uart_handler
                0x000000002000023c        0x4 ./zf_device/zf_device_type.o
                0x000000002000023c                camera_uart_handler
 .sdata.camera_dvp_handler
                0x0000000020000240        0x4 ./zf_device/zf_device_type.o
                0x0000000020000240                camera_dvp_handler
 .sdata.wireless_module_uart_handler
                0x0000000020000244        0x4 ./zf_device/zf_device_type.o
                0x0000000020000244                wireless_module_uart_handler
 .sdata.system_clock
                0x0000000020000248        0x4 ./zf_common/zf_common_clock.o
                0x0000000020000248                system_clock
 .sdata.zf_debug_assert_enable
                0x000000002000024c        0x1 ./zf_common/zf_common_debug.o
 *fill*         0x000000002000024d        0x1 
 .sdata.count   0x000000002000024e        0x2 ./user_c/isr.o
                0x000000002000024e                count
 .sdata.ADCPrescTable
                0x0000000020000250        0x4 ./sdk/Peripheral/ch32v30x_rcc.o
 .sdata.USBHD_Dev_Speed
                0x0000000020000254        0x1 ./sdk/Peripheral/ch32v30x_usbotg_device.o
                0x0000000020000254                USBHD_Dev_Speed
 *fill*         0x0000000020000255        0x3 
 .sdata.LineCoding
                0x0000000020000258        0x7 ./sdk/Peripheral/ch32v30x_usbotg_device.o
                0x0000000020000258                LineCoding
 *fill*         0x000000002000025f        0x1 
 .sdata.IPS096_penColor
                0x0000000020000260        0x2 ./code/ips096.o
                0x0000000020000260                IPS096_penColor
 *fill*         0x0000000020000262        0x2 
 .sdata.ips096_display_dir
                0x0000000020000264        0x4 ./code/ips096.o
 .sdata.ips096_x_max
                0x0000000020000268        0x1 ./code/ips096.o
 .sdata.ips096_y_max
                0x0000000020000269        0x1 ./code/ips096.o
 .sdata.IPS096_colorMode
                0x000000002000026a        0x1 ./code/ips096.o
 *fill*         0x000000002000026b        0x1 
 .sdata._impure_ptr
                0x000000002000026c        0x4 /Users/baohan/ErBW_s/Code/Toolchains/xpack-riscv-none-embed-gcc-8.2.0/bin/../lib/gcc/riscv-none-embed/8.2.0/../../../../riscv-none-embed/lib/rv32imafc/ilp32f/libg_nano.a(lib_a-impure.o)
                0x000000002000026c                _impure_ptr
 *(.sdata2.*)
 .sdata2.MyLangDescrHD
                0x0000000020000270        0x4 ./sdk/Peripheral/ch32v30x_usbotg_device.o
                0x0000000020000270                MyLangDescrHD
 .sdata2._global_impure_ptr
                0x0000000020000274        0x4 /Users/baohan/ErBW_s/Code/Toolchains/xpack-riscv-none-embed-gcc-8.2.0/bin/../lib/gcc/riscv-none-embed/8.2.0/../../../../riscv-none-embed/lib/rv32imafc/ilp32f/libg_nano.a(lib_a-impure.o)
                0x0000000020000274                _global_impure_ptr
 *(.gnu.linkonce.s.*)
                0x0000000020000278                . = ALIGN (0x8)
 *(.srodata.cst16)
 *(.srodata.cst8)
 *(.srodata.cst4)
 *(.srodata.cst2)
 *(.srodata .srodata.*)
                0x0000000020000278                . = ALIGN (0x4)
                0x0000000020000278                PROVIDE (_edata = .)

.bss            0x0000000020000278     0x663c load address 0x000000000000f60c
                0x0000000020000278                . = ALIGN (0x4)
                0x0000000020000278                PROVIDE (_sbss = .)
 *(.sbss*)
 .sbss.dm1xa_plus_count
                0x0000000020000278        0x4 ./zf_device/zf_device_dm1xa.o
 .sbss.dm1xa_type
                0x000000002000027c        0x4 ./zf_device/zf_device_dm1xa.o
 .sbss.dm1xa_ranging_state
                0x0000000020000280        0x4 ./zf_device/zf_device_dm1xa.o
 .sbss.gps_tau1201_flag
                0x0000000020000284        0x1 ./zf_device/zf_device_gps_tau1201.o
                0x0000000020000284                gps_tau1201_flag
 .sbss.gps_tau1201_state
                0x0000000020000285        0x1 ./zf_device/zf_device_gps_tau1201.o
 *fill*         0x0000000020000286        0x2 
 .sbss.gps_gga_state
                0x0000000020000288        0x4 ./zf_device/zf_device_gps_tau1201.o
                0x0000000020000288                gps_gga_state
 .sbss.gps_rmc_state
                0x000000002000028c        0x4 ./zf_device/zf_device_gps_tau1201.o
                0x000000002000028c                gps_rmc_state
 .sbss.zf_debug_init_flag
                0x0000000020000290        0x1 ./zf_common/zf_common_debug.o
 .sbss.assert_nest_index.4998
                0x0000000020000291        0x1 ./zf_common/zf_common_debug.o
 *fill*         0x0000000020000292        0x2 
 .sbss.interrupt_nest_count
                0x0000000020000294        0x4 ./zf_common/zf_common_interrupt.o
 .sbss.EP0_DatabufHD
                0x0000000020000298        0x8 ./sdk/Peripheral/ch32v30x_usbotg_device.o
                0x0000000020000298                EP0_DatabufHD
 .sbss.pEP0_RAM_Addr
                0x00000000200002a0        0x4 ./sdk/Peripheral/ch32v30x_usbotg_device.o
                0x00000000200002a0                pEP0_RAM_Addr
 .sbss.pEP1_RAM_Addr
                0x00000000200002a4        0x4 ./sdk/Peripheral/ch32v30x_usbotg_device.o
                0x00000000200002a4                pEP1_RAM_Addr
 .sbss.pEP2_RAM_Addr
                0x00000000200002a8        0x4 ./sdk/Peripheral/ch32v30x_usbotg_device.o
                0x00000000200002a8                pEP2_RAM_Addr
 .sbss.pDescr   0x00000000200002ac        0x4 ./sdk/Peripheral/ch32v30x_usbotg_device.o
                0x00000000200002ac                pDescr
 .sbss.USBHD_Dev_SetupReqLen
                0x00000000200002b0        0x2 ./sdk/Peripheral/ch32v30x_usbotg_device.o
                0x00000000200002b0                USBHD_Dev_SetupReqLen
 .sbss.USBHD_Dev_SleepStatus
                0x00000000200002b2        0x1 ./sdk/Peripheral/ch32v30x_usbotg_device.o
                0x00000000200002b2                USBHD_Dev_SleepStatus
 .sbss.DevConfig
                0x00000000200002b3        0x1 ./sdk/Peripheral/ch32v30x_usbotg_device.o
                0x00000000200002b3                DevConfig
 .sbss.SetupReqCode
                0x00000000200002b4        0x1 ./sdk/Peripheral/ch32v30x_usbotg_device.o
                0x00000000200002b4                SetupReqCode
 *fill*         0x00000000200002b5        0x1 
 .sbss.SetupReqLen
                0x00000000200002b6        0x2 ./sdk/Peripheral/ch32v30x_usbotg_device.o
                0x00000000200002b6                SetupReqLen
 .sbss.multiClickSwitch
                0x00000000200002b8        0x1 ./code/easy_key.o
                0x00000000200002b8                multiClickSwitch
 *fill*         0x00000000200002b9        0x3 
 .sbss.head     0x00000000200002bc        0x4 ./code/easy_key.o
                0x00000000200002bc                head
 .sbss.tail     0x00000000200002c0        0x4 ./code/easy_key.o
                0x00000000200002c0                tail
 .sbss.IPS096_backgroundColor
                0x00000000200002c4        0x2 ./code/ips096.o
                0x00000000200002c4                IPS096_backgroundColor
 *fill*         0x00000000200002c6        0x2 
 .sbss.ips096_display_font
                0x00000000200002c8        0x4 ./code/ips096.o
 .sbss.time     0x00000000200002cc        0x2 ./code/ips096.o
                0x00000000200002cc                time
 *fill*         0x00000000200002ce        0x2 
 .sbss.__malloc_free_list
                0x00000000200002d0        0x4 /Users/baohan/ErBW_s/Code/Toolchains/xpack-riscv-none-embed-gcc-8.2.0/bin/../lib/gcc/riscv-none-embed/8.2.0/../../../../riscv-none-embed/lib/rv32imafc/ilp32f/libg_nano.a(lib_a-nano-mallocr.o)
                0x00000000200002d0                __malloc_free_list
 .sbss.__malloc_sbrk_start
                0x00000000200002d4        0x4 /Users/baohan/ErBW_s/Code/Toolchains/xpack-riscv-none-embed-gcc-8.2.0/bin/../lib/gcc/riscv-none-embed/8.2.0/../../../../riscv-none-embed/lib/rv32imafc/ilp32f/libg_nano.a(lib_a-nano-mallocr.o)
                0x00000000200002d4                __malloc_sbrk_start
 .sbss.heap_end.1520
                0x00000000200002d8        0x4 /Users/baohan/ErBW_s/Code/Toolchains/xpack-riscv-none-embed-gcc-8.2.0/bin/../lib/gcc/riscv-none-embed/8.2.0/../../../../riscv-none-embed/lib/rv32imafc/ilp32f/libnosys.a(sbrk.o)
 *(.gnu.linkonce.sb.*)
 *(.bss*)
 .bss.timer_function_state
                0x00000000200002dc       0x28 ./zf_driver/zf_driver_timer.o
 .bss.timer_mode_state
                0x0000000020000304       0x28 ./zf_driver/zf_driver_timer.o
 .bss.gps_tau1201_receiver_fifo
                0x000000002000032c       0x1c ./zf_device/zf_device_gps_tau1201.o
 .bss.gps_gga_buffer
                0x0000000020000348       0x80 ./zf_device/zf_device_gps_tau1201.o
 .bss.gps_rmc_buffer
                0x00000000200003c8       0x80 ./zf_device/zf_device_gps_tau1201.o
 .bss.debug_output_info
                0x0000000020000448       0x14 ./zf_common/zf_common_debug.o
 .bss.IPS096_buffer
                0x000000002000045c     0x6400 ./code/ips096.o
 .bss.keyForward
                0x000000002000685c       0x1c ./code/easy_ui.o
                0x000000002000685c                keyForward
 .bss.keyBackward
                0x0000000020006878       0x1c ./code/easy_ui.o
                0x0000000020006878                keyBackward
 .bss.keyConfirm
                0x0000000020006894       0x1c ./code/easy_ui.o
                0x0000000020006894                keyConfirm
 *(.gnu.linkonce.b.*)
 *(COMMON*)
 COMMON         0x00000000200068b0        0x4 /Users/baohan/ErBW_s/Code/Toolchains/xpack-riscv-none-embed-gcc-8.2.0/bin/../lib/gcc/riscv-none-embed/8.2.0/../../../../riscv-none-embed/lib/rv32imafc/ilp32f/libg_nano.a(lib_a-reent.o)
                0x00000000200068b0                errno
                0x00000000200068b4                . = ALIGN (0x4)
                0x00000000200068b4                PROVIDE (_ebss = .)
                [!provide]                        PROVIDE (_end = _ebss)
                0x00000000200068b4                PROVIDE (end = .)

.stack          0x000000002000f800      0x800
                [!provide]                        PROVIDE (_heap_end = .)
                0x000000002000f800                . = ALIGN (0x4)
                [!provide]                        PROVIDE (_susrstack = .)
                0x0000000020010000                . = (. + __stack_size)
 *fill*         0x000000002000f800      0x800 
                0x0000000020010000                PROVIDE (_eusrstack = .)
OUTPUT(Seekfree_CH32V307VCT6_Opensource_Library.elf elf32-littleriscv)

.debug_info     0x0000000000000000    0x1eb0e
 .debug_info    0x0000000000000000      0xa06 ./zf_driver/zf_driver_delay.o
 .debug_info    0x0000000000000a06      0xeef ./zf_driver/zf_driver_gpio.o
 .debug_info    0x00000000000018f5     0x109e ./zf_driver/zf_driver_pit.o
 .debug_info    0x0000000000002993     0x147e ./zf_driver/zf_driver_pwm.o
 .debug_info    0x0000000000003e11     0x155f ./zf_driver/zf_driver_spi.o
 .debug_info    0x0000000000005370      0xfac ./zf_driver/zf_driver_timer.o
 .debug_info    0x000000000000631c     0x1460 ./zf_driver/zf_driver_uart.o
 .debug_info    0x000000000000777c      0xe2c ./zf_device/zf_device_dm1xa.o
 .debug_info    0x00000000000085a8     0x1a98 ./zf_device/zf_device_gps_tau1201.o
 .debug_info    0x000000000000a040      0xaad ./zf_device/zf_device_type.o
 .debug_info    0x000000000000aaed      0xb22 ./zf_common/zf_common_clock.o
 .debug_info    0x000000000000b60f     0x12f7 ./zf_common/zf_common_debug.o
 .debug_info    0x000000000000c906      0xdd4 ./zf_common/zf_common_fifo.o
 .debug_info    0x000000000000d6da      0xa0d ./zf_common/zf_common_font.o
 .debug_info    0x000000000000e0e7     0x11aa ./zf_common/zf_common_function.o
 .debug_info    0x000000000000f291      0xf6e ./zf_common/zf_common_interrupt.o
 .debug_info    0x00000000000101ff     0x243a ./user_c/isr.o
 .debug_info    0x0000000000012639     0x1ee2 ./user_c/main.o
 .debug_info    0x000000000001451b       0x22 ./sdk/Startup/startup_ch32v30x_D8C.o
 .debug_info    0x000000000001453d      0x353 ./sdk/Peripheral/ch32v30x_exti.o
 .debug_info    0x0000000000014890      0x712 ./sdk/Peripheral/ch32v30x_gpio.o
 .debug_info    0x0000000000014fa2      0xc64 ./sdk/Peripheral/ch32v30x_rcc.o
 .debug_info    0x0000000000015c06      0x96e ./sdk/Peripheral/ch32v30x_spi.o
 .debug_info    0x0000000000016574     0x1dd2 ./sdk/Peripheral/ch32v30x_tim.o
 .debug_info    0x0000000000018346      0xa45 ./sdk/Peripheral/ch32v30x_usart.o
 .debug_info    0x0000000000018d8b     0x13bb ./sdk/Peripheral/ch32v30x_usbotg_device.o
 .debug_info    0x000000000001a146      0xef5 ./code/easy_key.o
 .debug_info    0x000000000001b03b     0x1b04 ./code/ips096.o
 .debug_info    0x000000000001cb3f     0x1fcf ./code/easy_ui.o

.debug_abbrev   0x0000000000000000     0x46ff
 .debug_abbrev  0x0000000000000000      0x207 ./zf_driver/zf_driver_delay.o
 .debug_abbrev  0x0000000000000207      0x2ad ./zf_driver/zf_driver_gpio.o
 .debug_abbrev  0x00000000000004b4      0x256 ./zf_driver/zf_driver_pit.o
 .debug_abbrev  0x000000000000070a      0x289 ./zf_driver/zf_driver_pwm.o
 .debug_abbrev  0x0000000000000993      0x32f ./zf_driver/zf_driver_spi.o
 .debug_abbrev  0x0000000000000cc2      0x28e ./zf_driver/zf_driver_timer.o
 .debug_abbrev  0x0000000000000f50      0x2da ./zf_driver/zf_driver_uart.o
 .debug_abbrev  0x000000000000122a      0x28b ./zf_device/zf_device_dm1xa.o
 .debug_abbrev  0x00000000000014b5      0x3cd ./zf_device/zf_device_gps_tau1201.o
 .debug_abbrev  0x0000000000001882      0x225 ./zf_device/zf_device_type.o
 .debug_abbrev  0x0000000000001aa7      0x269 ./zf_common/zf_common_clock.o
 .debug_abbrev  0x0000000000001d10      0x349 ./zf_common/zf_common_debug.o
 .debug_abbrev  0x0000000000002059      0x2a5 ./zf_common/zf_common_fifo.o
 .debug_abbrev  0x00000000000022fe      0x1dd ./zf_common/zf_common_font.o
 .debug_abbrev  0x00000000000024db      0x348 ./zf_common/zf_common_function.o
 .debug_abbrev  0x0000000000002823      0x2c1 ./zf_common/zf_common_interrupt.o
 .debug_abbrev  0x0000000000002ae4      0x2a4 ./user_c/isr.o
 .debug_abbrev  0x0000000000002d88      0x25f ./user_c/main.o
 .debug_abbrev  0x0000000000002fe7       0x12 ./sdk/Startup/startup_ch32v30x_D8C.o
 .debug_abbrev  0x0000000000002ff9      0x144 ./sdk/Peripheral/ch32v30x_exti.o
 .debug_abbrev  0x000000000000313d      0x1c7 ./sdk/Peripheral/ch32v30x_gpio.o
 .debug_abbrev  0x0000000000003304      0x1ef ./sdk/Peripheral/ch32v30x_rcc.o
 .debug_abbrev  0x00000000000034f3      0x19e ./sdk/Peripheral/ch32v30x_spi.o
 .debug_abbrev  0x0000000000003691      0x1c9 ./sdk/Peripheral/ch32v30x_tim.o
 .debug_abbrev  0x000000000000385a      0x19e ./sdk/Peripheral/ch32v30x_usart.o
 .debug_abbrev  0x00000000000039f8      0x299 ./sdk/Peripheral/ch32v30x_usbotg_device.o
 .debug_abbrev  0x0000000000003c91      0x2d8 ./code/easy_key.o
 .debug_abbrev  0x0000000000003f69      0x3b5 ./code/ips096.o
 .debug_abbrev  0x000000000000431e      0x3e1 ./code/easy_ui.o

.debug_aranges  0x0000000000000000     0x1018
 .debug_aranges
                0x0000000000000000       0x20 ./zf_driver/zf_driver_delay.o
 .debug_aranges
                0x0000000000000020       0x40 ./zf_driver/zf_driver_gpio.o
 .debug_aranges
                0x0000000000000060       0x30 ./zf_driver/zf_driver_pit.o
 .debug_aranges
                0x0000000000000090       0x30 ./zf_driver/zf_driver_pwm.o
 .debug_aranges
                0x00000000000000c0       0xb0 ./zf_driver/zf_driver_spi.o
 .debug_aranges
                0x0000000000000170       0x50 ./zf_driver/zf_driver_timer.o
 .debug_aranges
                0x00000000000001c0       0x58 ./zf_driver/zf_driver_uart.o
 .debug_aranges
                0x0000000000000218       0x40 ./zf_device/zf_device_dm1xa.o
 .debug_aranges
                0x0000000000000258       0x78 ./zf_device/zf_device_gps_tau1201.o
 .debug_aranges
                0x00000000000002d0       0x30 ./zf_device/zf_device_type.o
 .debug_aranges
                0x0000000000000300       0x30 ./zf_common/zf_common_clock.o
 .debug_aranges
                0x0000000000000330       0x80 ./zf_common/zf_common_debug.o
 .debug_aranges
                0x00000000000003b0       0x68 ./zf_common/zf_common_fifo.o
 .debug_aranges
                0x0000000000000418       0x18 ./zf_common/zf_common_font.o
 .debug_aranges
                0x0000000000000430       0x90 ./zf_common/zf_common_function.o
 .debug_aranges
                0x00000000000004c0       0x70 ./zf_common/zf_common_interrupt.o
 .debug_aranges
                0x0000000000000530       0xf8 ./user_c/isr.o
 .debug_aranges
                0x0000000000000628       0x20 ./user_c/main.o
 .debug_aranges
                0x0000000000000648       0x30 ./sdk/Startup/startup_ch32v30x_D8C.o
 .debug_aranges
                0x0000000000000678       0x58 ./sdk/Peripheral/ch32v30x_exti.o
 .debug_aranges
                0x00000000000006d0       0xa8 ./sdk/Peripheral/ch32v30x_gpio.o
 .debug_aranges
                0x0000000000000778      0x1a8 ./sdk/Peripheral/ch32v30x_rcc.o
 .debug_aranges
                0x0000000000000920       0xd0 ./sdk/Peripheral/ch32v30x_spi.o
 .debug_aranges
                0x00000000000009f0      0x2f0 ./sdk/Peripheral/ch32v30x_tim.o
 .debug_aranges
                0x0000000000000ce0      0x100 ./sdk/Peripheral/ch32v30x_usart.o
 .debug_aranges
                0x0000000000000de0       0x50 ./sdk/Peripheral/ch32v30x_usbotg_device.o
 .debug_aranges
                0x0000000000000e30       0x58 ./code/easy_key.o
 .debug_aranges
                0x0000000000000e88       0xd8 ./code/ips096.o
 .debug_aranges
                0x0000000000000f60       0xb8 ./code/easy_ui.o

.debug_ranges   0x0000000000000000      0xe60
 .debug_ranges  0x0000000000000000       0x10 ./zf_driver/zf_driver_delay.o
 .debug_ranges  0x0000000000000010       0x30 ./zf_driver/zf_driver_gpio.o
 .debug_ranges  0x0000000000000040       0x20 ./zf_driver/zf_driver_pit.o
 .debug_ranges  0x0000000000000060       0x20 ./zf_driver/zf_driver_pwm.o
 .debug_ranges  0x0000000000000080       0xa0 ./zf_driver/zf_driver_spi.o
 .debug_ranges  0x0000000000000120       0x40 ./zf_driver/zf_driver_timer.o
 .debug_ranges  0x0000000000000160       0x48 ./zf_driver/zf_driver_uart.o
 .debug_ranges  0x00000000000001a8       0x30 ./zf_device/zf_device_dm1xa.o
 .debug_ranges  0x00000000000001d8       0x68 ./zf_device/zf_device_gps_tau1201.o
 .debug_ranges  0x0000000000000240       0x20 ./zf_device/zf_device_type.o
 .debug_ranges  0x0000000000000260       0x20 ./zf_common/zf_common_clock.o
 .debug_ranges  0x0000000000000280       0x70 ./zf_common/zf_common_debug.o
 .debug_ranges  0x00000000000002f0       0x58 ./zf_common/zf_common_fifo.o
 .debug_ranges  0x0000000000000348       0x80 ./zf_common/zf_common_function.o
 .debug_ranges  0x00000000000003c8       0x60 ./zf_common/zf_common_interrupt.o
 .debug_ranges  0x0000000000000428       0xe8 ./user_c/isr.o
 .debug_ranges  0x0000000000000510       0x10 ./user_c/main.o
 .debug_ranges  0x0000000000000520       0x28 ./sdk/Startup/startup_ch32v30x_D8C.o
 .debug_ranges  0x0000000000000548       0x48 ./sdk/Peripheral/ch32v30x_exti.o
 .debug_ranges  0x0000000000000590       0x98 ./sdk/Peripheral/ch32v30x_gpio.o
 .debug_ranges  0x0000000000000628      0x198 ./sdk/Peripheral/ch32v30x_rcc.o
 .debug_ranges  0x00000000000007c0       0xc0 ./sdk/Peripheral/ch32v30x_spi.o
 .debug_ranges  0x0000000000000880      0x2e0 ./sdk/Peripheral/ch32v30x_tim.o
 .debug_ranges  0x0000000000000b60       0xf0 ./sdk/Peripheral/ch32v30x_usart.o
 .debug_ranges  0x0000000000000c50       0x40 ./sdk/Peripheral/ch32v30x_usbotg_device.o
 .debug_ranges  0x0000000000000c90       0x48 ./code/easy_key.o
 .debug_ranges  0x0000000000000cd8       0xc8 ./code/ips096.o
 .debug_ranges  0x0000000000000da0       0xc0 ./code/easy_ui.o

.debug_line     0x0000000000000000    0x183b5
 .debug_line    0x0000000000000000      0x3ee ./zf_driver/zf_driver_delay.o
 .debug_line    0x00000000000003ee      0x6d7 ./zf_driver/zf_driver_gpio.o